Component: ARM Compiler 5.05 update 1 (build 106) Tool: armlink [4d0efa]

==============================================================================

Section Cross References

    main.o(.text) refers to misc.o(.text) for NVIC_PriorityGroupConfig
    main.o(.text) refers to delay.o(.text) for delay_init
    main.o(.text) refers to usart.o(.text) for uart_init
    main.o(.text) refers to led.o(.text) for LED_Init
    main.o(.text) refers to lcd.o(.text) for LCD_Init
    main.o(.text) refers to key.o(.text) for KEY_Init
    main.o(.text) refers to cubesolver.o(.text) for DrawCubeColor
    main.o(.text) refers to cubesolvernew.o(.text) for Solve
    main.o(.text) refers to touch.o(.data) for tp_dev
    main.o(.text) refers to lcd.o(.data) for POINT_COLOR
    system_stm32f4xx.o(.text) refers to system_stm32f4xx.o(.data) for SystemCoreClock
    cubesolver.o(.text) refers to lcd.o(.text) for LCD_Fill
    cubesolver.o(.text) refers to cubesolver.o(.data) for cubeColorU
    cubesolver.o(.text) refers to cubesolver.o(.constdata) for cubeColorDraw
    cubesolver.o(.text) refers to touch.o(.data) for tp_dev
    cubesolver.o(.text) refers to lcd.o(.bss) for lcddev
    cubesolver.o(.text) refers to stm32f4xx_usart.o(.text) for USART_SendData
    cubesolver.o(.text) refers to usart.o(.data) for USART2_RX_STA
    cubesolver.o(.text) refers to usart.o(.bss) for USART2_RX_BUF
    cubesolvernew.o(.text) refers to cubesolvernew.o(.data) for TEMP
    cubesolvernew.o(.text) refers to cubesolvernew.o(.bss) for ori
    cubesolvernew.o(.text) refers to h1_alloc.o(.text) for malloc
    cubesolvernew.o(.text) refers to rt_memclr.o(.text) for __aeabi_memclr
    cubesolvernew.o(.text) refers to cubesolver.o(.data) for cubeColorU
    cubesolvernew.o(.text) refers to lcd.o(.text) for LCD_Fill
    cubesolvernew.o(.text) refers to cubesolver.o(.constdata) for cubeColorDraw
    cubesolvernew.o(.text) refers to stm32f4xx_usart.o(.text) for USART_ClearFlag
    cubesolvernew.o(.text) refers to usart.o(.data) for USART2_RX_STA
    cubesolvernew.o(.text) refers to usart.o(.bss) for USART2_RX_BUF
    cubesolvernew.o(.text) refers to strchr.o(.text) for strchr
    cubesolvernew.o(.data) refers to cubesolvernew.o(.conststring) for .conststring
    led.o(.text) refers to stm32f4xx_rcc.o(.text) for RCC_AHB1PeriphClockCmd
    led.o(.text) refers to stm32f4xx_gpio.o(.text) for GPIO_Init
    lcd.o(.text) refers to _printf_percent.o(.ARM.Collect$$_printf_percent$$00000000) for _printf_percent
    lcd.o(.text) refers to _printf_x.o(.ARM.Collect$$_printf_percent$$0000000C) for _printf_x
    lcd.o(.text) refers to _printf_hex_int.o(.text) for _printf_longlong_hex
    lcd.o(.text) refers to delay.o(.text) for delay_us
    lcd.o(.text) refers to lcd.o(.bss) for lcddev
    lcd.o(.text) refers to lcd.o(.data) for POINT_COLOR
    lcd.o(.text) refers to dflt_clz.o(x$fpl$dfltu) for __aeabi_ui2d
    lcd.o(.text) refers to dmul.o(x$fpl$dmul) for __aeabi_dmul
    lcd.o(.text) refers to dfixu.o(x$fpl$dfixu) for __aeabi_d2uiz
    lcd.o(.text) refers to stm32f4xx_rcc.o(.text) for RCC_AHB1PeriphClockCmd
    lcd.o(.text) refers to stm32f4xx_gpio.o(.text) for GPIO_Init
    lcd.o(.text) refers to stm32f4xx_fsmc.o(.text) for FSMC_NORSRAMInit
    lcd.o(.text) refers to noretval__2printf.o(.text) for __2printf
    lcd.o(.text) refers to lcd.o(.constdata) for asc2_1206
    key.o(.text) refers to stm32f4xx_rcc.o(.text) for RCC_AHB1PeriphClockCmd
    key.o(.text) refers to stm32f4xx_gpio.o(.text) for GPIO_Init
    key.o(.text) refers to delay.o(.text) for delay_ms
    key.o(.text) refers to key.o(.data) for key_up
    myiic.o(.text) refers to stm32f4xx_rcc.o(.text) for RCC_AHB1PeriphClockCmd
    myiic.o(.text) refers to stm32f4xx_gpio.o(.text) for GPIO_Init
    myiic.o(.text) refers to delay.o(.text) for delay_us
    24cxx.o(.text) refers to myiic.o(.text) for IIC_Init
    24cxx.o(.text) refers to delay.o(.text) for delay_ms
    ctiic.o(.text) refers to delay.o(.text) for delay_us
    ctiic.o(.text) refers to stm32f4xx_rcc.o(.text) for RCC_AHB1PeriphClockCmd
    ctiic.o(.text) refers to stm32f4xx_gpio.o(.text) for GPIO_Init
    gt9147.o(.text) refers to _printf_percent.o(.ARM.Collect$$_printf_percent$$00000000) for _printf_percent
    gt9147.o(.text) refers to _printf_s.o(.ARM.Collect$$_printf_percent$$00000014) for _printf_s
    gt9147.o(.text) refers to _printf_str.o(.text) for _printf_str
    gt9147.o(.text) refers to _printf_d.o(.ARM.Collect$$_printf_percent$$00000009) for _printf_d
    gt9147.o(.text) refers to _printf_dec.o(.text) for _printf_int_dec
    gt9147.o(.text) refers to ctiic.o(.text) for CT_IIC_Start
    gt9147.o(.text) refers to stm32f4xx_rcc.o(.text) for RCC_AHB1PeriphClockCmd
    gt9147.o(.text) refers to stm32f4xx_gpio.o(.text) for GPIO_Init
    gt9147.o(.text) refers to delay.o(.text) for delay_ms
    gt9147.o(.text) refers to noretval__2printf.o(.text) for __2printf
    gt9147.o(.text) refers to strcmpv7m.o(.text) for strcmp
[...]
    $v0                                      0x0800eec0   Number         0  daddsub_clz.o(x$fpl$dadd)
    _dadd1                                   0x0800eed1   Thumb Code     0  daddsub_clz.o(x$fpl$dadd)
    x$fpl$dcmpinf                            0x0800f010   Section       24  dcmpi.o(x$fpl$dcmpinf)
    $v0                                      0x0800f010   Number         0  dcmpi.o(x$fpl$dcmpinf)
    x$fpl$dfixu                              0x0800f028   Section       90  dfixu.o(x$fpl$dfixu)
    $v0                                      0x0800f028   Number         0  dfixu.o(x$fpl$dfixu)
    x$fpl$dflt                               0x0800f082   Section       46  dflt_clz.o(x$fpl$dflt)
    $v0                                      0x0800f082   Number         0  dflt_clz.o(x$fpl$dflt)
    x$fpl$dfltu                              0x0800f0b0   Section       38  dflt_clz.o(x$fpl$dfltu)
    $v0                                      0x0800f0b0   Number         0  dflt_clz.o(x$fpl$dfltu)
    x$fpl$dleqf                              0x0800f0d8   Section      120  dleqf.o(x$fpl$dleqf)
    $v0                                      0x0800f0d8   Number         0  dleqf.o(x$fpl$dleqf)
    x$fpl$dmul                               0x0800f150   Section      340  dmul.o(x$fpl$dmul)
    $v0                                      0x0800f150   Number         0  dmul.o(x$fpl$dmul)
    x$fpl$dnaninf                            0x0800f2a4   Section      156  dnaninf.o(x$fpl$dnaninf)
    $v0                                      0x0800f2a4   Number         0  dnaninf.o(x$fpl$dnaninf)
    x$fpl$dretinf                            0x0800f340   Section       12  dretinf.o(x$fpl$dretinf)
    $v0                                      0x0800f340   Number         0  dretinf.o(x$fpl$dretinf)
    x$fpl$drleqf                             0x0800f34c   Section      108  drleqf.o(x$fpl$drleqf)
    $v0                                      0x0800f34c   Number         0  drleqf.o(x$fpl$drleqf)
    x$fpl$drsb                               0x0800f3b8   Section       22  daddsub_clz.o(x$fpl$drsb)
    $v0                                      0x0800f3b8   Number         0  daddsub_clz.o(x$fpl$drsb)
    x$fpl$dsqrt                              0x0800f3d0   Section      408  dsqrt_umaal.o(x$fpl$dsqrt)
    $v0                                      0x0800f3d0   Number         0  dsqrt_umaal.o(x$fpl$dsqrt)
    x$fpl$dsub                               0x0800f568   Section      468  daddsub_clz.o(x$fpl$dsub)
    $v0                                      0x0800f568   Number         0  daddsub_clz.o(x$fpl$dsub)
    _dsub1                                   0x0800f579   Thumb Code     0  daddsub_clz.o(x$fpl$dsub)
    x$fpl$f2d                                0x0800f73c   Section       86  f2d.o(x$fpl$f2d)
    $v0                                      0x0800f73c   Number         0  f2d.o(x$fpl$f2d)
    x$fpl$fnaninf                            0x0800f792   Section      140  fnaninf.o(x$fpl$fnaninf)
    $v0                                      0x0800f792   Number         0  fnaninf.o(x$fpl$fnaninf)
    x$fpl$fpinit                             0x0800f81e   Section       10  fpinit.o(x$fpl$fpinit)
    $v0                                      0x0800f81e   Number         0  fpinit.o(x$fpl$fpinit)
    .constdata                               0x0800f828   Section       12  cubesolver.o(.constdata)
    x$fpl$usenofp                            0x0800f828   Section        0  usenofp.o(x$fpl$usenofp)
    .constdata                               0x0800f834   Section     6080  lcd.o(.constdata)
    .constdata                               0x08010ff4   Section      194  gt9147.o(.constdata)
    .constdata                               0x080110b6   Section       10  ott2001a.o(.constdata)
    .constdata                               0x080110c0   Section       10  ft5206.o(.constdata)
    .constdata                               0x080110cc   Section        4  touch.o(.constdata)
    .constdata                               0x080110d0   Section       28  stm32f4xx_fsmc.o(.constdata)
    .constdata                               0x080110ec   Section       40  _printf_hex_int.o(.constdata)
    uc_hextab                                0x080110ec   Data          20  _printf_hex_int.o(.constdata)
    lc_hextab                                0x08011100   Data          20  _printf_hex_int.o(.constdata)
    .conststring                             0x08011114   Section      105  cubesolvernew.o(.conststring)
    .conststring                             0x08011180   Section      121  touch.o(.conststring)
    .data                                    0x20000000   Section       20  system_stm32f4xx.o(.data)
    .data                                    0x20000014   Section       50  cubesolver.o(.data)
    .data                                    0x20000048   Section      140  cubesolvernew.o(.data)
    .data                                    0x200000d4   Section        4  lcd.o(.data)
    .data                                    0x200000d8   Section        1  key.o(.data)
    key_up                                   0x200000d8   Data           1  key.o(.data)
    .data                                    0x200000d9   Section        1  gt9147.o(.data)
    t                                        0x200000d9   Data           1  gt9147.o(.data)
    .data                                    0x200000da   Section        1  ott2001a.o(.data)
    t                                        0x200000da   Data           1  ott2001a.o(.data)
    .data                                    0x200000db   Section        1  ft5206.o(.data)
    t                                        0x200000db   Data           1  ft5206.o(.data)
    .data                                    0x200000dc   Section       54  touch.o(.data)
    .data                                    0x20000112   Section        4  delay.o(.data)
    fac_us                                   0x20000112   Data           1  delay.o(.data)
    fac_ms                                   0x20000114   Data           2  delay.o(.data)
    .data                                    0x20000118   Section        8  usart.o(.data)
    .data                                    0x20000120   Section       16  stm32f4xx_rcc.o(.data)
    APBAHBPrescTable                         0x20000120   Data          16  stm32f4xx_rcc.o(.data)
    .bss                                     0x20000130   Section      412  cubesolvernew.o(.bss)
    .bss                                     0x200002cc   Section       14  lcd.o(.bss)
    .bss                                     0x200002da   Section      400  usart.o(.bss)
    .bss                                     0x2000046c   Section       96  libspace.o(.bss)
    HEAP                                     0x200004d0   Section    36864  startup_stm32f40_41xxx.o(HEAP)
    Heap_Mem                                 0x200004d0   Data       36864  startup_stm32f40_41xxx.o(HEAP)
    STACK                                    0x200094d0   Section    24576  startup_stm32f40_41xxx.o(STACK)
    Stack_Mem                                0x200094d0   Data       24576  startup_stm32f40_41xxx.o(STACK)
    __initial_sp                             0x2000f4d0   Data           0  startup_stm32f40_41xxx.o(STACK)

    Global Symbols

    Symbol Name                              Value     Ov Type        Size  Object(Section)

    BuildAttributes$$THM_ISAv4$E$P$D$K$B$S$7EM$VFPi3$EXTD16$VFPS$VFMA$PE$A:L22UL41UL21$X:L11$S22US41US21$IEEE1$IW$USESV6$~STKCKD$USESV7$~SHL$OTIME$ROPI$IEEEJ$EBA8$UX$STANDARDLIB$REQ8$PRES8$EABIv2 0x00000000   Number         0  anon$$obj.o ABSOLUTE
    __ARM_use_no_argv                        0x00000000   Number         0  main.o ABSOLUTE
    __ARM_exceptions_init                     - Undefined Weak Reference
    __alloca_initialize                       - Undefined Weak Reference
    __arm_preinit_                            - Undefined Weak Reference
    __cpp_initialize__aeabi_                  - Undefined Weak Reference
    __cxa_finalize                            - Undefined Weak Reference
    __rt_locale                               - Undefined Weak Reference
    __sigvec_lookup                           - Undefined Weak Reference
    __user_heap_extent                        - Undefined Weak Reference
    _atexit_init                              - Undefined Weak Reference
    _call_atexit_fns                          - Undefined Weak Reference
    _clock_init                               - Undefined Weak Reference
    _fp_trap_init                             - Undefined Weak Reference
    _fp_trap_shutdown                         - Undefined Weak Reference
    _get_lc_collate                           - Undefined Weak Reference
    _get_lc_ctype                             - Undefined Weak Reference
    _get_lc_monetary                          - Undefined Weak Reference
    _get_lc_numeric                           - Undefined Weak Reference
    _get_lc_time                              - Undefined Weak Reference
    _getenv_init                              - Undefined Weak Reference
    _handle_redirection                       - Undefined Weak Reference
    _initio                                   - Undefined Weak Reference
    _mutex_acquire                            - Undefined Weak Reference
    _mutex_free                               - Undefined Weak Reference
    _mutex_release                            - Undefined Weak Reference
    _printf_mbtowc                            - Undefined Weak Reference
    _printf_post_padding                      - Undefined Weak Reference
    _printf_pre_padding                       - Undefined Weak Reference
    _printf_truncate_signed                   - Undefined Weak Reference
    _printf_truncate_unsigned                 - Undefined Weak Reference
    _rand_init                                - Undefined Weak Reference
    _signal_finish                            - Undefined Weak Reference
    _signal_init                              - Undefined Weak Reference
    _terminateio                              - Undefined Weak Reference
    __Vectors_Size                           0x00000188   Number         0  startup_stm32f40_41xxx.o ABSOLUTE
    __Vectors                                0x08000000   Data           4  startup_stm32f40_41xxx.o(RESET)
    __Vectors_End                            0x08000188   Data           0  startup_stm32f40_41xxx.o(RESET)
    __main                                   0x08000189   Thumb Code     8  __main.o(!!!main)
    __scatterload                            0x08000191   Thumb Code     0  __scatter.o(!!!scatter)
    __scatterload_rt2                        0x08000191   Thumb Code    44  __scatter.o(!!!scatter)
    __scatterload_rt2_thumb_only             0x08000191   Thumb Code     0  __scatter.o(!!!scatter)
    __scatterload_null                       0x0800019f   Thumb Code     0  __scatter.o(!!!scatter)
    __decompress                             0x080001c5   Thumb Code    90  __dczerorl2.o(!!dczerorl2)
    __decompress1                            0x080001c5   Thumb Code     0  __dczerorl2.o(!!dczerorl2)
    __scatterload_zeroinit                   0x08000221   Thumb Code    28  __scatter_zi.o(!!handler_zi)
    _printf_d                                0x0800023d   Thumb Code     0  _printf_d.o(.ARM.Collect$$_printf_percent$$00000009)
    _printf_percent                          0x0800023d   Thumb Code     0  _printf_percent.o(.ARM.Collect$$_printf_percent$$00000000)
    _printf_x                                0x08000243   Thumb Code     0  _printf_x.o(.ARM.Collect$$_printf_percent$$0000000C)
    _printf_s                                0x08000249   Thumb Code     0  _printf_s.o(.ARM.Collect$$_printf_percent$$00000014)
    _printf_percent_end                      0x0800024f   Thumb Code     0  _printf_percent_end.o(.ARM.Collect$$_printf_percent$$00000017)
    __rt_lib_init                            0x08000253   Thumb Code     0  libinit.o(.ARM.Collect$$libinit$$00000000)
    __rt_lib_init_fp_1                       0x08000255   Thumb Code     0  libinit2.o(.ARM.Collect$$libinit$$00000001)
    __rt_lib_init_heap_2                     0x08000259   Thumb Code     0  libinit2.o(.ARM.Collect$$libinit$$00000005)
    __rt_lib_init_preinit_1                  0x08000259   Thumb Code     0  libinit2.o(.ARM.Collect$$libinit$$00000004)
    __rt_lib_init_alloca_1                   0x08000261   Thumb Code     0  libinit2.o(.ARM.Collect$$libinit$$0000002E)
    __rt_lib_init_argv_1                     0x08000261   Thumb Code     0  libinit2.o(.ARM.Collect$$libinit$$0000002C)
    __rt_lib_init_atexit_1                   0x08000261   Thumb Code     0  libinit2.o(.ARM.Collect$$libinit$$0000001B)
    __rt_lib_init_clock_1                    0x08000261   Thumb Code     0  libinit2.o(.ARM.Collect$$libinit$$00000021)
    __rt_lib_init_cpp_1                      0x08000261   Thumb Code     0  libinit2.o(.ARM.Collect$$libinit$$00000032)
    __rt_lib_init_exceptions_1               0x08000261   Thumb Code     0  libinit2.o(.ARM.Collect$$libinit$$00000030)
    __rt_lib_init_fp_trap_1                  0x08000261   Thumb Code     0  libinit2.o(.ARM.Collect$$libinit$$0000001F)
    __rt_lib_init_getenv_1                   0x08000261   Thumb Code     0  libinit2.o(.ARM.Collect$$libinit$$00000023)
    __rt_lib_init_heap_1                     0x08000261   Thumb Code     0  libinit2.o(.ARM.Collect$$libinit$$0000000A)
    __rt_lib_init_lc_collate_1               0x08000261   Thumb Code     0  libinit2.o(.ARM.Collect$$libinit$$00000011)
    __rt_lib_init_lc_ctype_1                 0x08000261   Thumb Code     0  libinit2.o(.ARM.Collect$$libinit$$00000013)
    __rt_lib_init_lc_monetary_1              0x08000261   Thumb Code     0  libinit2.o(.ARM.Collect$$libinit$$00000015)
    __rt_lib_init_lc_numeric_1               0x08000261   Thumb Code     0  libinit2.o(.ARM.Collect$$libinit$$00000017)
    __rt_lib_init_lc_time_1                  0x08000261   Thumb Code     0  libinit2.o(.ARM.Collect$$libinit$$00000019)
    __rt_lib_init_rand_1                     0x08000261   Thumb Code     0  libinit2.o(.ARM.Collect$$libinit$$0000000E)
    __rt_lib_init_return                     0x08000261   Thumb Code     0  libinit2.o(.ARM.Collect$$libinit$$00000033)
    __rt_lib_init_signal_1                   0x08000261   Thumb Code     0  libinit2.o(.ARM.Collect$$libinit$$0000001D)
    __rt_lib_init_stdio_1                    0x08000261   Thumb Code     0  libinit2.o(.ARM.Collect$$libinit$$00000025)
    __rt_lib_init_user_alloc_1               0x08000261   Thumb Code     0  libinit2.o(.ARM.Collect$$libinit$$0000000C)
    __rt_lib_shutdown                        0x08000263   Thumb Code     0  libshutdown.o(.ARM.Collect$$libshutdown$$00000000)
    __rt_lib_shutdown_fp_trap_1              0x08000265   Thumb Code     0  libshutdown2.o(.ARM.Collect$$libshutdown$$00000006)
    __rt_lib_shutdown_heap_1                 0x08000265   Thumb Code     0  libshutdown2.o(.ARM.Collect$$libshutdown$$0000000E)
    __rt_lib_shutdown_return                 0x08000265   Thumb Code     0  libshutdown2.o(.ARM.Collect$$libshutdown$$0000000F)
    __rt_lib_shutdown_signal_1               0x08000265   Thumb Code     0  libshutdown2.o(.ARM.Collect$$libshutdown$$00000009)
    __rt_lib_shutdown_stdio_1                0x08000265   Thumb Code     0  libshutdown2.o(.ARM.Collect$$libshutdown$$00000003)
    __rt_lib_shutdown_user_alloc_1           0x08000265   Thumb Code     0  libshutdown2.o(.ARM.Collect$$libshutdown$$0000000B)
    __rt_entry                               0x08000267   Thumb Code     0  __rtentry.o(.ARM.Collect$$rtentry$$00000000)
    __rt_entry_presh_1                       0x08000267   Thumb Code     0  __rtentry2.o(.ARM.Collect$$rtentry$$00000002)
    __rt_entry_sh                            0x08000267   Thumb Code     0  __rtentry4.o(.ARM.Collect$$rtentry$$00000004)
    __rt_entry_li                            0x0800026d   Thumb Code     0  __rtentry2.o(.ARM.Collect$$rtentry$$0000000A)
    __rt_entry_postsh_1                      0x0800026d   Thumb Code     0  __rtentry2.o(.ARM.Collect$$rtentry$$00000009)
    __rt_entry_main                          0x08000271   Thumb Code     0  __rtentry2.o(.ARM.Collect$$rtentry$$0000000D)
    __rt_entry_postli_1                      0x08000271   Thumb Code     0  __rtentry2.o(.ARM.Collect$$rtentry$$0000000C)
    __rt_exit                                0x08000279   Thumb Code     0  rtexit.o(.ARM.Collect$$rtexit$$00000000)
    __rt_exit_ls                             0x0800027b   Thumb Code     0  rtexit2.o(.ARM.Collect$$rtexit$$00000003)
    __rt_exit_prels_1                        0x0800027b   Thumb Code     0  rtexit2.o(.ARM.Collect$$rtexit$$00000002)
    __rt_exit_exit                           0x0800027f   Thumb Code     0  rtexit2.o(.ARM.Collect$$rtexit$$00000004)
    _maybe_terminate_alloc                   0x08000285   Thumb Code     0  maybetermalloc1.o(.emb_text)
    main                                     0x08000285   Thumb Code   292  main.o(.text)
    NMI_Handler                              0x080003f5   Thumb Code     2  stm32f4xx_it.o(.text)
    HardFault_Handler                        0x080003f7   Thumb Code     4  stm32f4xx_it.o(.text)
    MemManage_Handler                        0x080003fb   Thumb Code     4  stm32f4xx_it.o(.text)
    BusFault_Handler                         0x080003ff   Thumb Code     4  stm32f4xx_it.o(.text)
    UsageFault_Handler                       0x08000403   Thumb Code     4  stm32f4xx_it.o(.text)
    SVC_Handler                              0x08000407   Thumb Code     2  stm32f4xx_it.o(.text)
    DebugMon_Handler                         0x08000409   Thumb Code     2  stm32f4xx_it.o(.text)
    PendSV_Handler                           0x0800040b   Thumb Code     2  stm32f4xx_it.o(.text)
    SysTick_Handler                          0x0800040d   Thumb Code     2  stm32f4xx_it.o(.text)
    SystemInit                               0x080004ed   Thumb Code    88  system_stm32f4xx.o(.text)
    SystemCoreClockUpdate                    0x08000545   Thumb Code   174  system_stm32f4xx.o(.text)
    DrawCubeColor                            0x08000621   Thumb Code  2370  cubesolver.o(.text)
    ScanTPInput                              0x08000f63   Thumb Code  3352  cubesolver.o(.text)
    CheckInput                               0x08001c7b   Thumb Code   586  cubesolver.o(.text)
    TurnCube                                 0x08001ec5   Thumb Code   136  cubesolver.o(.text)
    Shangzhuan                               0x08001f4d   Thumb Code   158  cubesolver.o(.text)
    Shangfan                                 0x08001feb   Thumb Code   158  cubesolver.o(.text)
    Zouzhuan                                 0x08002089   Thumb Code   158  cubesolver.o(.text)
    Zoufan                                   0x08002127   Thumb Code   158  cubesolver.o(.text)
    Youzhuan                                 0x080021c5   Thumb Code   158  cubesolver.o(.text)
    Youfan                                   0x08002263   Thumb Code   228  cubesolver.o(.text)
    Qianzhuan                                0x08002347   Thumb Code   158  cubesolver.o(.text)
    Qianfan                                  0x080023e5   Thumb Code   158  cubesolver.o(.text)
    Houzhuan                                 0x08002483   Thumb Code   158  cubesolver.o(.text)
    Houfan                                   0x08002521   Thumb Code   158  cubesolver.o(.text)
    Yiceng                                   0x080025bf   Thumb Code  3992  cubesolver.o(.text)
    zuoqian                                  0x08003557   Thumb Code    32  cubesolver.o(.text)
    zuohou                                   0x08003577   Thumb Code    32  cubesolver.o(.text)
    qianyou                                  0x08003597   Thumb Code    32  cubesolver.o(.text)
    qianzuo                                  0x080035b7   Thumb Code    32  cubesolver.o(.text)
    youqian                                  0x080035d7   Thumb Code    32  cubesolver.o(.text)
    youhou                                   0x080035f7   Thumb Code    32  cubesolver.o(.text)
    houzuo                                   0x08003617   Thumb Code    32  cubesolver.o(.text)
    houyou                                   0x08003637   Thumb Code    32  cubesolver.o(.text)
    Erceng                                   0x08003657   Thumb Code   960  cubesolver.o(.text)
    qian_fan                                 0x08003a17   Thumb Code    28  cubesolver.o(.text)
    you_fan                                  0x08003a33   Thumb Code    28  cubesolver.o(.text)
    hou_fan                                  0x08003a4f   Thumb Code    28  cubesolver.o(.text)
    zuo_fan                                  0x08003a6b   Thumb Code    28  cubesolver.o(.text)
    ni_qian                                  0x08003a87   Thumb Code    36  cubesolver.o(.text)
    ni_zuo                                   0x08003aab   Thumb Code    36  cubesolver.o(.text)
    ni_hou                                   0x08003acf   Thumb Code    36  cubesolver.o(.text)
    ni_you                                   0x08003af3   Thumb Code    36  cubesolver.o(.text)
    shuen_qian                               0x08003b17   Thumb Code    36  cubesolver.o(.text)
    shuen_you                                0x08003b3b   Thumb Code    36  cubesolver.o(.text)
    shuen_hou                                0x08003b5f   Thumb Code    58  cubesolver.o(.text)
    shuen_zuo                                0x08003b99   Thumb Code    36  cubesolver.o(.text)
    Shangmian                                0x08003bbd   Thumb Code   962  cubesolver.o(.text)
    qian_bian                                0x08003f7f   Thumb Code    74  cubesolver.o(.text)
    zuo_bian                                 0x08003fc9   Thumb Code    52  cubesolver.o(.text)
    you_bian                                 0x08003ffd   Thumb Code    52  cubesolver.o(.text)
    hou_bian                                 0x08004031   Thumb Code    52  cubesolver.o(.text)
    qian_zuo                                 0x08004065   Thumb Code    52  cubesolver.o(.text)
    qian_you                                 0x08004099   Thumb Code    52  cubesolver.o(.text)
    zuo_qian                                 0x080040cd   Thumb Code    52  cubesolver.o(.text)
    zuo_hou                                  0x08004101   Thumb Code    52  cubesolver.o(.text)
    you_qian                                 0x08004135   Thumb Code    52  cubesolver.o(.text)
    you_hou                                  0x08004169   Thumb Code    52  cubesolver.o(.text)
    hou_zuo                                  0x0800419d   Thumb Code    52  cubesolver.o(.text)
    hou_you                                  0x080041d1   Thumb Code    52  cubesolver.o(.text)
    Wancheng                                 0x08004205   Thumb Code   370  cubesolver.o(.text)
    cycle                                    0x08004389   Thumb Code    98  cubesolvernew.o(.text)
    twist                                    0x080043eb   Thumb Code    30  cubesolvernew.o(.text)
    reset                                    0x08004409   Thumb Code    24  cubesolvernew.o(.text)
    permtonum                                0x08004421   Thumb Code    46  cubesolvernew.o(.text)
    numtoperm                                0x0800444f   Thumb Code    72  cubesolvernew.o(.text)
    getposition                              0x08004497   Thumb Code   346  cubesolvernew.o(.text)
    setposition                              0x080045f1   Thumb Code   306  cubesolvernew.o(.text)
    domove                                   0x08004723   Thumb Code   150  cubesolvernew.o(.text)
    filltable                                0x080047b9   Thumb Code   178  cubesolvernew.o(.text)
    searchphase                              0x0800486b   Thumb Code   180  cubesolvernew.o(.text)
    turnU                                    0x0800491f   Thumb Code   146  cubesolvernew.o(.text)
    turnUR                                   0x080049b1   Thumb Code   146  cubesolvernew.o(.text)
    turnL                                    0x08004a43   Thumb Code   146  cubesolvernew.o(.text)
    turnLR                                   0x08004ad5   Thumb Code   146  cubesolvernew.o(.text)
    turnR                                    0x08004b67   Thumb Code   192  cubesolvernew.o(.text)
    turnRR                                   0x08004c27   Thumb Code   146  cubesolvernew.o(.text)
    turnF                                    0x08004cb9   Thumb Code   146  cubesolvernew.o(.text)
    turnFR                                   0x08004d4b   Thumb Code   146  cubesolvernew.o(.text)
    turnB                                    0x08004ddd   Thumb Code   146  cubesolvernew.o(.text)
    turnBR                                   0x08004e6f   Thumb Code   146  cubesolvernew.o(.text)
    turnD                                    0x08004f01   Thumb Code   146  cubesolvernew.o(.text)
    turnDR                                   0x08004f93   Thumb Code    16  cubesolvernew.o(.text)
    DrawCubeColorNew                         0x08004fa3   Thumb Code  2408  cubesolvernew.o(.text)
    TurnCubeNew                              0x0800590b   Thumb Code   402  cubesolvernew.o(.text)
    numToChar                                0x08005a9d   Thumb Code    46  cubesolvernew.o(.text)
    faceTo                                   0x08005acb   Thumb Code   708  cubesolvernew.o(.text)
    Solve                                    0x08005d8f   Thumb Code   406  cubesolvernew.o(.text)
    LED_Init                                 0x08005f79   Thumb Code    60  led.o(.text)
    LCD_WR_REG                               0x08005fb9   Thumb Code    18  lcd.o(.text)
    LCD_WR_DATA                              0x08005fcb   Thumb Code    20  lcd.o(.text)
    LCD_RD_DATA                              0x08005fdf   Thumb Code    16  lcd.o(.text)
    LCD_WriteReg                             0x08005fef   Thumb Code    14  lcd.o(.text)
    LCD_ReadReg                              0x08005ffd   Thumb Code    22  lcd.o(.text)
    LCD_WriteRAM_Prepare                     0x08006013   Thumb Code    10  lcd.o(.text)
    LCD_WriteRAM                             0x0800601d   Thumb Code     8  lcd.o(.text)
    LCD_BGR2RGB                              0x08006025   Thumb Code    26  lcd.o(.text)
    opt_delay                                0x0800603f   Thumb Code    14  lcd.o(.text)
    LCD_SetCursor                            0x0800604d   Thumb Code   418  lcd.o(.text)
    LCD_ReadPoint                            0x080061ef   Thumb Code   360  lcd.o(.text)
    LCD_DisplayOn                            0x08006357   Thumb Code   102  lcd.o(.text)
    LCD_DisplayOff                           0x080063bd   Thumb Code    90  lcd.o(.text)
    LCD_Scan_Dir                             0x08006417   Thumb Code   744  lcd.o(.text)
    LCD_DrawPoint                            0x080066ff   Thumb Code    28  lcd.o(.text)
    LCD_Fast_DrawPoint                       0x0800671b   Thumb Code   388  lcd.o(.text)
    LCD_SSD_BackLightSet                     0x0800689f   Thumb Code    88  lcd.o(.text)
    LCD_Display_Dir                          0x080068f7   Thumb Code   444  lcd.o(.text)
    LCD_Set_Window                           0x08006ab3   Thumb Code   546  lcd.o(.text)
    LCD_Clear                                0x08006cd5   Thumb Code   100  lcd.o(.text)
    LCD_Init                                 0x08006d39   Thumb Code 14692  lcd.o(.text)
    LCD_Fill                                 0x0800a69d   Thumb Code   180  lcd.o(.text)
    LCD_Color_Fill                           0x0800a751   Thumb Code   100  lcd.o(.text)
    LCD_DrawLine                             0x0800a7b5   Thumb Code   176  lcd.o(.text)
    LCD_DrawRectangle                        0x0800a865   Thumb Code    60  lcd.o(.text)
    LCD_Draw_Circle                          0x0800a8a1   Thumb Code   152  lcd.o(.text)
    LCD_ShowChar                             0x0800a939   Thumb Code   272  lcd.o(.text)
    LCD_Pow                                  0x0800aa49   Thumb Code    22  lcd.o(.text)
    LCD_ShowNum                              0x0800aa5f   Thumb Code   148  lcd.o(.text)
    LCD_ShowxNum                             0x0800aaf3   Thumb Code   220  lcd.o(.text)
    LCD_ShowString                           0x0800abcf   Thumb Code   102  lcd.o(.text)
    KEY_Init                                 0x0800ac35   Thumb Code    60  key.o(.text)
    KEY_Scan                                 0x0800ac71   Thumb Code   188  key.o(.text)
    IIC_Init                                 0x0800ad39   Thumb Code    62  myiic.o(.text)
    IIC_Start                                0x0800ad77   Thumb Code    68  myiic.o(.text)
    IIC_Stop                                 0x0800adbb   Thumb Code    62  myiic.o(.text)
    IIC_Wait_Ack                             0x0800adf9   Thumb Code    82  myiic.o(.text)
    IIC_Ack                                  0x0800ae4b   Thumb Code    66  myiic.o(.text)
    IIC_NAck                                 0x0800ae8d   Thumb Code    66  myiic.o(.text)
    IIC_Send_Byte                            0x0800aecf   Thumb Code    90  myiic.o(.text)
    IIC_Read_Byte                            0x0800af29   Thumb Code    94  myiic.o(.text)
    AT24CXX_Init                             0x0800af95   Thumb Code     8  24cxx.o(.text)
    AT24CXX_ReadOneByte                      0x0800af9d   Thumb Code    88  24cxx.o(.text)
    AT24CXX_WriteOneByte                     0x0800aff5   Thumb Code    80  24cxx.o(.text)
    AT24CXX_WriteLenByte                     0x0800b045   Thumb Code    42  24cxx.o(.text)
    AT24CXX_ReadLenByte                      0x0800b06f   Thumb Code    44  24cxx.o(.text)
    AT24CXX_Check                            0x0800b09b   Thumb Code    46  24cxx.o(.text)
    AT24CXX_Read                             0x0800b0c9   Thumb Code    34  24cxx.o(.text)
    AT24CXX_Write                            0x0800b0eb   Thumb Code    36  24cxx.o(.text)
    CT_Delay                                 0x0800b111   Thumb Code    10  ctiic.o(.text)
    CT_IIC_Init                              0x0800b11b   Thumb Code    60  ctiic.o(.text)
    CT_IIC_Start                             0x0800b157   Thumb Code    62  ctiic.o(.text)
    CT_IIC_Stop                              0x0800b195   Thumb Code    56  ctiic.o(.text)
    CT_IIC_Wait_Ack                          0x0800b1cd   Thumb Code    78  ctiic.o(.text)
    CT_IIC_Ack                               0x0800b21b   Thumb Code    66  ctiic.o(.text)
    CT_IIC_NAck                              0x0800b25d   Thumb Code    66  ctiic.o(.text)
    CT_IIC_Send_Byte                         0x0800b29f   Thumb Code    82  ctiic.o(.text)
    CT_IIC_Read_Byte                         0x0800b2f1   Thumb Code    92  ctiic.o(.text)
    GT9147_WR_Reg                            0x0800b365   Thumb Code    92  gt9147.o(.text)
    GT9147_Send_Cfg                          0x0800b3c1   Thumb Code    86  gt9147.o(.text)
    GT9147_RD_Reg                            0x0800b417   Thumb Code    98  gt9147.o(.text)
    GT9147_Init                              0x0800b479   Thumb Code   248  gt9147.o(.text)
    GT9147_Scan                              0x0800b571   Thumb Code   494  gt9147.o(.text)
    OTT2001A_WR_Reg                          0x0800b7ad   Thumb Code    92  ott2001a.o(.text)
    OTT2001A_RD_Reg                          0x0800b809   Thumb Code    98  ott2001a.o(.text)
    OTT2001A_SensorControl                   0x0800b86b   Thumb Code    28  ott2001a.o(.text)
    OTT2001A_Init                            0x0800b887   Thumb Code   142  ott2001a.o(.text)
    OTT2001A_Scan                            0x0800b915   Thumb Code   478  ott2001a.o(.text)
    FT5206_WR_Reg                            0x0800bb35   Thumb Code    82  ft5206.o(.text)
    FT5206_RD_Reg                            0x0800bb87   Thumb Code    88  ft5206.o(.text)
    FT5206_Init                              0x0800bbdf   Thumb Code   202  ft5206.o(.text)
    FT5206_Scan                              0x0800bca9   Thumb Code   400  ft5206.o(.text)
    TP_Write_Byte                            0x0800be61   Thumb Code    64  touch.o(.text)
    TP_Read_AD                               0x0800bea1   Thumb Code   132  touch.o(.text)
    TP_Read_XOY                              0x0800bf25   Thumb Code   120  touch.o(.text)
    TP_Read_XY                               0x0800bf9d   Thumb Code    38  touch.o(.text)
    TP_Read_XY2                              0x0800bfc3   Thumb Code   192  touch.o(.text)
    TP_Drow_Touch_Point                      0x0800c083   Thumb Code   108  touch.o(.text)
    TP_Draw_Big_Point                        0x0800c0ef   Thumb Code    54  touch.o(.text)
    TP_Scan                                  0x0800c125   Thumb Code   244  touch.o(.text)
    TP_Save_Adjdata                          0x0800c219   Thumb Code   166  touch.o(.text)
    TP_Get_Adjdata                           0x0800c2bf   Thumb Code   160  touch.o(.text)
    TP_Adj_Info_Show                         0x0800c35f   Thumb Code   374  touch.o(.text)
    TP_Adjust                                0x0800c4d5   Thumb Code  2290  touch.o(.text)
    TP_Init                                  0x0800cdc7   Thumb Code   290  touch.o(.text)
    Load_Drow_Dialog                         0x0800cee9   Thumb Code    52  touch.o(.text)
    delay_init                               0x0800cf79   Thumb Code    52  delay.o(.text)
    delay_us                                 0x0800cfad   Thumb Code    72  delay.o(.text)
    delay_xms                                0x0800cff5   Thumb Code    72  delay.o(.text)
    delay_ms                                 0x0800d03d   Thumb Code    56  delay.o(.text)
    _sys_exit                                0x0800d07d   Thumb Code     4  usart.o(.text)
    _ttywrch                                 0x0800d081   Thumb Code     4  usart.o(.text)
    fputc                                    0x0800d085   Thumb Code    22  usart.o(.text)
    uart_init                                0x0800d09b   Thumb Code   164  usart.o(.text)
    USART1_SendByte                          0x0800d13f   Thumb Code    24  usart.o(.text)
    USART1_SendString                        0x0800d157   Thumb Code    38  usart.o(.text)
    USART1_IRQHandler                        0x0800d17d   Thumb Code   122  usart.o(.text)
    USART2_Configuration                     0x0800d1f7   Thumb Code   158  usart.o(.text)
    USART2_SendByte                          0x0800d295   Thumb Code    26  usart.o(.text)
    USART2_SendString                        0x0800d2af   Thumb Code    38  usart.o(.text)
    USART2_IRQHandler                        0x0800d2d5   Thumb Code   124  usart.o(.text)
    Reset_Handler                            0x0800d36d   Thumb Code     8  startup_stm32f40_41xxx.o(.text)
    ADC_IRQHandler                           0x0800d387   Thumb Code     0  startup_stm32f40_41xxx.o(.text)
    CAN1_RX0_IRQHandler                      0x0800d387   Thumb Code     0  startup_stm32f40_41xxx.o(.text)
    CAN1_RX1_IRQHandler                      0x0800d387   Thumb Code     0  startup_stm32f40_41xxx.o(.text)
    CAN1_SCE_IRQHandler                      0x0800d387   Thumb Code     0  startup_stm32f40_41xxx.o(.text)
    CAN1_TX_IRQHandler                       0x0800d387   Thumb Code     0  startup_stm32f40_41xxx.o(.text)
    CAN2_RX0_IRQHandler                      0x0800d387   Thumb Code     0  startup_stm32f40_41xxx.o(.text)
    CAN2_RX1_IRQHandler                      0x0800d387   Thumb Code     0  startup_stm32f40_41xxx.o(.text)
    CAN2_SCE_IRQHandler                      0x0800d387   Thumb Code     0  startup_stm32f40_41xxx.o(.text)
    CAN2_TX_IRQHandler                       0x0800d387   Thumb Code     0  startup_stm32f40_41xxx.o(.text)
    CRYP_IRQHandler                          0x0800d387   Thumb Code     0  startup_stm32f40_41xxx.o(.text)
    DCMI_IRQHandler                          0x0800d387   Thumb Code     0  startup_stm32f40_41xxx.o(.text)
    DMA1_Stream0_IRQHandler                  0x0800d387   Thumb Code     0  startup_stm32f40_41xxx.o(.text)
    DMA1_Stream1_IRQHandler                  0x0800d387   Thumb Code     0  startup_stm32f40_41xxx.o(.text)
    DMA1_Stream2_IRQHandler                  0x0800d387   Thumb Code     0  startup_stm32f40_41xxx.o(.text)
    DMA1_Stream3_IRQHandler                  0x0800d387   Thumb Code     0  startup_stm32f40_41xxx.o(.text)
    DMA1_Stream4_IRQHandler                  0x0800d387   Thumb Code     0  startup_stm32f40_41xxx.o(.text)
    DMA1_Stream5_IRQHandler                  0x0800d387   Thumb Code     0  startup_stm32f40_41xxx.o(.text)
    DMA1_Stream6_IRQHandler                  0x0800d387   Thumb Code     0  startup_stm32f40_41xxx.o(.text)
    DMA1_Stream7_IRQHandler                  0x0800d387   Thumb Code     0  startup_stm32f40_41xxx.o(.text)
    DMA2_Stream0_IRQHandler                  0x0800d387   Thumb Code     0  startup_stm32f40_41xxx.o(.text)
    DMA2_Stream1_IRQHandler                  0x0800d387   Thumb Code     0  startup_stm32f40_41xxx.o(.text)
    DMA2_Stream2_IRQHandler                  0x0800d387   Thumb Code     0  startup_stm32f40_41xxx.o(.text)
    DMA2_Stream3_IRQHandler                  0x0800d387   Thumb Code     0  startup_stm32f40_41xxx.o(.text)
    DMA2_Stream4_IRQHandler                  0x0800d387   Thumb Code     0  startup_stm32f40_41xxx.o(.text)
    DMA2_Stream5_IRQHandler                  0x0800d387   Thumb Code     0  startup_stm32f40_41xxx.o(.text)
    DMA2_Stream6_IRQHandler                  0x0800d387   Thumb Code     0  startup_stm32f40_41xxx.o(.text)
    DMA2_Stream7_IRQHandler                  0x0800d387   Thumb Code     0  startup_stm32f40_41xxx.o(.text)
    ETH_IRQHandler                           0x0800d387   Thumb Code     0  startup_stm32f40_41xxx.o(.text)
    ETH_WKUP_IRQHandler                      0x0800d387   Thumb Code     0  startup_stm32f40_41xxx.o(.text)
    EXTI0_IRQHandler                         0x0800d387   Thumb Code     0  startup_stm32f40_41xxx.o(.text)
    EXTI15_10_IRQHandler                     0x0800d387   Thumb Code     0  startup_stm32f40_41xxx.o(.text)
    EXTI1_IRQHandler                         0x0800d387   Thumb Code     0  startup_stm32f40_41xxx.o(.text)
    EXTI2_IRQHandler                         0x0800d387   Thumb Code     0  startup_stm32f40_41xxx.o(.text)
    EXTI3_IRQHandler                         0x0800d387   Thumb Code     0  startup_stm32f40_41xxx.o(.text)
    EXTI4_IRQHandler                         0x0800d387   Thumb Code     0  startup_stm32f40_41xxx.o(.text)
    EXTI9_5_IRQHandler                       0x0800d387   Thumb Code     0  startup_stm32f40_41xxx.o(.text)
    FLASH_IRQHandler                         0x0800d387   Thumb Code     0  startup_stm32f40_41xxx.o(.text)
    FPU_IRQHandler                           0x0800d387   Thumb Code     0  startup_stm32f40_41xxx.o(.text)
    FSMC_IRQHandler                          0x0800d387   Thumb Code     0  startup_stm32f40_41xxx.o(.text)
    HASH_RNG_IRQHandler                      0x0800d387   Thumb Code     0  startup_stm32f40_41xxx.o(.text)
    I2C1_ER_IRQHandler                       0x0800d387   Thumb Code     0  startup_stm32f40_41xxx.o(.text)
    I2C1_EV_IRQHandler                       0x0800d387   Thumb Code     0  startup_stm32f40_41xxx.o(.text)
    I2C2_ER_IRQHandler                       0x0800d387   Thumb Code     0  startup_stm32f40_41xxx.o(.text)
    I2C2_EV_IRQHandler                       0x0800d387   Thumb Code     0  startup_stm32f40_41xxx.o(.text)
    I2C3_ER_IRQHandler                       0x0800d387   Thumb Code     0  startup_stm32f40_41xxx.o(.text)
    I2C3_EV_IRQHandler                       0x0800d387   Thumb Code     0  startup_stm32f40_41xxx.o(.text)
    OTG_FS_IRQHandler                        0x0800d387   Thumb Code     0  startup_stm32f40_41xxx.o(.text)
    OTG_FS_WKUP_IRQHandler                   0x0800d387   Thumb Code     0  startup_stm32f40_41xxx.o(.text)
    OTG_HS_EP1_IN_IRQHandler                 0x0800d387   Thumb Code     0  startup_stm32f40_41xxx.o(.text)
    OTG_HS_EP1_OUT_IRQHandler                0x0800d387   Thumb Code     0  startup_stm32f40_41xxx.o(.text)
    OTG_HS_IRQHandler                        0x0800d387   Thumb Code     0  startup_stm32f40_41xxx.o(.text)
    OTG_HS_WKUP_IRQHandler                   0x0800d387   Thumb Code     0  startup_stm32f40_41xxx.o(.text)
    PVD_IRQHandler                           0x0800d387   Thumb Code     0  startup_stm32f40_41xxx.o(.text)
    RCC_IRQHandler                           0x0800d387   Thumb Code     0  startup_stm32f40_41xxx.o(.text)
    RTC_Alarm_IRQHandler                     0x0800d387   Thumb Code     0  startup_stm32f40_41xxx.o(.text)
    RTC_WKUP_IRQHandler                      0x0800d387   Thumb Code     0  startup_stm32f40_41xxx.o(.text)
    SDIO_IRQHandler                          0x0800d387   Thumb Code     0  startup_stm32f40_41xxx.o(.text)
    SPI1_IRQHandler                          0x0800d387   Thumb Code     0  startup_stm32f40_41xxx.o(.text)
    SPI2_IRQHandler                          0x0800d387   Thumb Code     0  startup_stm32f40_41xxx.o(.text)
    SPI3_IRQHandler                          0x0800d387   Thumb Code     0  startup_stm32f40_41xxx.o(.text)
    TAMP_STAMP_IRQHandler                    0x0800d387   Thumb Code     0  startup_stm32f40_41xxx.o(.text)
    TIM1_BRK_TIM9_IRQHandler                 0x0800d387   Thumb Code     0  startup_stm32f40_41xxx.o(.text)
    TIM1_CC_IRQHandler                       0x0800d387   Thumb Code     0  startup_stm32f40_41xxx.o(.text)
    TIM1_TRG_COM_TIM11_IRQHandler            0x0800d387   Thumb Code     0  startup_stm32f40_41xxx.o(.text)
    TIM1_UP_TIM10_IRQHandler                 0x0800d387   Thumb Code     0  startup_stm32f40_41xxx.o(.text)
    TIM2_IRQHandler                          0x0800d387   Thumb Code     0  startup_stm32f40_41xxx.o(.text)
    TIM3_IRQHandler                          0x0800d387   Thumb Code     0  startup_stm32f40_41xxx.o(.text)
    TIM4_IRQHandler                          0x0800d387   Thumb Code     0  startup_stm32f40_41xxx.o(.text)
    TIM5_IRQHandler                          0x0800d387   Thumb Code     0  startup_stm32f40_41xxx.o(.text)
    TIM6_DAC_IRQHandler                      0x0800d387   Thumb Code     0  startup_stm32f40_41xxx.o(.text)
    TIM7_IRQHandler                          0x0800d387   Thumb Code     0  startup_stm32f40_41xxx.o(.text)
    TIM8_BRK_TIM12_IRQHandler                0x0800d387   Thumb Code     0  startup_stm32f40_41xxx.o(.text)
    TIM8_CC_IRQHandler                       0x0800d387   Thumb Code     0  startup_stm32f40_41xxx.o(.text)
    TIM8_TRG_COM_TIM14_IRQHandler            0x0800d387   Thumb Code     0  startup_stm32f40_41xxx.o(.text)
    TIM8_UP_TIM13_IRQHandler                 0x0800d387   Thumb Code     0  startup_stm32f40_41xxx.o(.text)
    UART4_IRQHandler                         0x0800d387   Thumb Code     0  startup_stm32f40_41xxx.o(.text)
    UART5_IRQHandler                         0x0800d387   Thumb Code     0  startup_stm32f40_41xxx.o(.text)
    USART3_IRQHandler                        0x0800d387   Thumb Code     0  startup_stm32f40_41xxx.o(.text)
    USART6_IRQHandler                        0x0800d387   Thumb Code     0  startup_stm32f40_41xxx.o(.text)
    WWDG_IRQHandler                          0x0800d387   Thumb Code     0  startup_stm32f40_41xxx.o(.text)
    __user_initial_stackheap                 0x0800d389   Thumb Code     0  startup_stm32f40_41xxx.o(.text)
    NVIC_PriorityGroupConfig                 0x0800d3ad   Thumb Code    10  misc.o(.text)
    NVIC_Init                                0x0800d3b7   Thumb Code   106  misc.o(.text)
    NVIC_SetVectorTable                      0x0800d421   Thumb Code    14  misc.o(.text)
    NVIC_SystemLPConfig                      0x0800d42f   Thumb Code    34  misc.o(.text)
    SysTick_CLKSourceConfig                  0x0800d451   Thumb Code    40  misc.o(.text)
    GPIO_DeInit                              0x0800d48d   Thumb Code   268  stm32f4xx_gpio.o(.text)
    GPIO_Init                                0x0800d599   Thumb Code   144  stm32f4xx_gpio.o(.text)
    GPIO_StructInit                          0x0800d629   Thumb Code    18  stm32f4xx_gpio.o(.text)
    GPIO_PinLockConfig                       0x0800d63b   Thumb Code    34  stm32f4xx_gpio.o(.text)
    GPIO_ReadInputDataBit                    0x0800d65d   Thumb Code    18  stm32f4xx_gpio.o(.text)
    GPIO_ReadInputData                       0x0800d66f   Thumb Code     8  stm32f4xx_gpio.o(.text)
    GPIO_ReadOutputDataBit                   0x0800d677   Thumb Code    18  stm32f4xx_gpio.o(.text)
    GPIO_ReadOutputData                      0x0800d689   Thumb Code     8  stm32f4xx_gpio.o(.text)
    GPIO_SetBits                             0x0800d691   Thumb Code     4  stm32f4xx_gpio.o(.text)
    GPIO_ResetBits                           0x0800d695   Thumb Code     4  stm32f4xx_gpio.o(.text)
    GPIO_WriteBit                            0x0800d699   Thumb Code    10  stm32f4xx_gpio.o(.text)
    GPIO_Write                               0x0800d6a3   Thumb Code     4  stm32f4xx_gpio.o(.text)
    GPIO_ToggleBits                          0x0800d6a7   Thumb Code     8  stm32f4xx_gpio.o(.text)
    GPIO_PinAFConfig                         0x0800d6af   Thumb Code    70  stm32f4xx_gpio.o(.text)
    FSMC_NORSRAMDeInit                       0x0800d721   Thumb Code    54  stm32f4xx_fsmc.o(.text)
    FSMC_NORSRAMInit                         0x0800d757   Thumb Code   230  stm32f4xx_fsmc.o(.text)
    FSMC_NORSRAMStructInit                   0x0800d83d   Thumb Code    48  stm32f4xx_fsmc.o(.text)
    FSMC_NORSRAMCmd                          0x0800d86d   Thumb Code    46  stm32f4xx_fsmc.o(.text)
    FSMC_NANDDeInit                          0x0800d89b   Thumb Code    62  stm32f4xx_fsmc.o(.text)
    FSMC_NANDInit                            0x0800d8d9   Thumb Code   132  stm32f4xx_fsmc.o(.text)
    FSMC_NANDStructInit                      0x0800d95d   Thumb Code    54  stm32f4xx_fsmc.o(.text)
    FSMC_NANDCmd                             0x0800d993   Thumb Code    86  stm32f4xx_fsmc.o(.text)
    FSMC_NANDECCCmd                          0x0800d9e9   Thumb Code    86  stm32f4xx_fsmc.o(.text)
    FSMC_GetECC                              0x0800da3f   Thumb Code    24  stm32f4xx_fsmc.o(.text)
    FSMC_PCCARDDeInit                        0x0800da57   Thumb Code    36  stm32f4xx_fsmc.o(.text)
    FSMC_PCCARDInit                          0x0800da7b   Thumb Code   130  stm32f4xx_fsmc.o(.text)
    FSMC_PCCARDStructInit                    0x0800dafd   Thumb Code    60  stm32f4xx_fsmc.o(.text)
    FSMC_PCCARDCmd                           0x0800db39   Thumb Code    44  stm32f4xx_fsmc.o(.text)
    FSMC_ITConfig                            0x0800db65   Thumb Code   128  stm32f4xx_fsmc.o(.text)
    FSMC_GetFlagStatus                       0x0800dbe5   Thumb Code    54  stm32f4xx_fsmc.o(.text)
    FSMC_ClearFlag                           0x0800dc1b   Thumb Code    74  stm32f4xx_fsmc.o(.text)
    FSMC_GetITStatus                         0x0800dc65   Thumb Code    62  stm32f4xx_fsmc.o(.text)
    FSMC_ClearITPendingBit                   0x0800dca3   Thumb Code    66  stm32f4xx_fsmc.o(.text)
    RCC_DeInit                               0x0800dce9   Thumb Code    82  stm32f4xx_rcc.o(.text)
    RCC_HSEConfig                            0x0800dd3b   Thumb Code    14  stm32f4xx_rcc.o(.text)
    RCC_GetFlagStatus                        0x0800dd49   Thumb Code    60  stm32f4xx_rcc.o(.text)
    RCC_WaitForHSEStartUp                    0x0800dd85   Thumb Code    56  stm32f4xx_rcc.o(.text)
    RCC_AdjustHSICalibrationValue            0x0800ddbd   Thumb Code    20  stm32f4xx_rcc.o(.text)
    RCC_HSICmd                               0x0800ddd1   Thumb Code     6  stm32f4xx_rcc.o(.text)
    RCC_LSEConfig                            0x0800ddd7   Thumb Code    46  stm32f4xx_rcc.o(.text)
    RCC_LSICmd                               0x0800de05   Thumb Code     6  stm32f4xx_rcc.o(.text)
    RCC_PLLConfig                            0x0800de0b   Thumb Code    32  stm32f4xx_rcc.o(.text)
    RCC_PLLCmd                               0x0800de2b   Thumb Code     6  stm32f4xx_rcc.o(.text)
    RCC_PLLI2SConfig                         0x0800de31   Thumb Code    14  stm32f4xx_rcc.o(.text)
    RCC_PLLI2SCmd                            0x0800de3f   Thumb Code     6  stm32f4xx_rcc.o(.text)
    RCC_PLLSAIConfig                         0x0800de45   Thumb Code    20  stm32f4xx_rcc.o(.text)
    RCC_PLLSAICmd                            0x0800de59   Thumb Code     6  stm32f4xx_rcc.o(.text)
    RCC_ClockSecuritySystemCmd               0x0800de5f   Thumb Code     6  stm32f4xx_rcc.o(.text)
    RCC_MCO1Config                           0x0800de65   Thumb Code    28  stm32f4xx_rcc.o(.text)
    RCC_MCO2Config                           0x0800de81   Thumb Code    28  stm32f4xx_rcc.o(.text)
    RCC_SYSCLKConfig                         0x0800de9d   Thumb Code    20  stm32f4xx_rcc.o(.text)
    RCC_GetSYSCLKSource                      0x0800deb1   Thumb Code    12  stm32f4xx_rcc.o(.text)
    RCC_HCLKConfig                           0x0800debd   Thumb Code    20  stm32f4xx_rcc.o(.text)
    RCC_PCLK1Config                          0x0800ded1   Thumb Code    20  stm32f4xx_rcc.o(.text)
    RCC_PCLK2Config                          0x0800dee5   Thumb Code    22  stm32f4xx_rcc.o(.text)
    RCC_GetClocksFreq                        0x0800defb   Thumb Code   222  stm32f4xx_rcc.o(.text)
    RCC_RTCCLKConfig                         0x0800dfd9   Thumb Code    54  stm32f4xx_rcc.o(.text)
    RCC_RTCCLKCmd                            0x0800e00f   Thumb Code     8  stm32f4xx_rcc.o(.text)
    RCC_BackupResetCmd                       0x0800e017   Thumb Code     8  stm32f4xx_rcc.o(.text)
    RCC_I2SCLKConfig                         0x0800e01f   Thumb Code     6  stm32f4xx_rcc.o(.text)
    RCC_SAIPLLI2SClkDivConfig                0x0800e025   Thumb Code    26  stm32f4xx_rcc.o(.text)
    RCC_SAIPLLSAIClkDivConfig                0x0800e03f   Thumb Code    28  stm32f4xx_rcc.o(.text)
    RCC_SAIBlockACLKConfig                   0x0800e05b   Thumb Code    20  stm32f4xx_rcc.o(.text)
    RCC_SAIBlockBCLKConfig                   0x0800e06f   Thumb Code    20  stm32f4xx_rcc.o(.text)
    RCC_LTDCCLKDivConfig                     0x0800e083   Thumb Code    20  stm32f4xx_rcc.o(.text)
    RCC_TIMCLKPresConfig                     0x0800e097   Thumb Code     6  stm32f4xx_rcc.o(.text)
    RCC_AHB1PeriphClockCmd                   0x0800e09d   Thumb Code    34  stm32f4xx_rcc.o(.text)
    RCC_AHB2PeriphClockCmd                   0x0800e0bf   Thumb Code    78  stm32f4xx_rcc.o(.text)
    RCC_AHB3PeriphClockCmd                   0x0800e10d   Thumb Code    34  stm32f4xx_rcc.o(.text)
    RCC_APB1PeriphClockCmd                   0x0800e12f   Thumb Code    34  stm32f4xx_rcc.o(.text)
    RCC_APB2PeriphClockCmd                   0x0800e151   Thumb Code    34  stm32f4xx_rcc.o(.text)
    RCC_AHB1PeriphResetCmd                   0x0800e173   Thumb Code    34  stm32f4xx_rcc.o(.text)
    RCC_AHB2PeriphResetCmd                   0x0800e195   Thumb Code    34  stm32f4xx_rcc.o(.text)
    RCC_AHB3PeriphResetCmd                   0x0800e1b7   Thumb Code    34  stm32f4xx_rcc.o(.text)
    RCC_APB1PeriphResetCmd                   0x0800e1d9   Thumb Code    34  stm32f4xx_rcc.o(.text)
    RCC_APB2PeriphResetCmd                   0x0800e1fb   Thumb Code    34  stm32f4xx_rcc.o(.text)
    RCC_AHB1PeriphClockLPModeCmd             0x0800e21d   Thumb Code    34  stm32f4xx_rcc.o(.text)
    RCC_AHB2PeriphClockLPModeCmd             0x0800e23f   Thumb Code    34  stm32f4xx_rcc.o(.text)
    RCC_AHB3PeriphClockLPModeCmd             0x0800e261   Thumb Code    34  stm32f4xx_rcc.o(.text)
    RCC_APB1PeriphClockLPModeCmd             0x0800e283   Thumb Code    34  stm32f4xx_rcc.o(.text)
    RCC_APB2PeriphClockLPModeCmd             0x0800e2a5   Thumb Code    34  stm32f4xx_rcc.o(.text)
    RCC_LSEModeConfig                        0x0800e2c7   Thumb Code    40  stm32f4xx_rcc.o(.text)
    RCC_ITConfig                             0x0800e2ef   Thumb Code    34  stm32f4xx_rcc.o(.text)
    RCC_ClearFlag                            0x0800e311   Thumb Code    18  stm32f4xx_rcc.o(.text)
    RCC_GetITStatus                          0x0800e323   Thumb Code    22  stm32f4xx_rcc.o(.text)
    RCC_ClearITPendingBit                    0x0800e339   Thumb Code     8  stm32f4xx_rcc.o(.text)
    USART_DeInit                             0x0800e345   Thumb Code   206  stm32f4xx_usart.o(.text)
    USART_Init                               0x0800e413   Thumb Code   204  stm32f4xx_usart.o(.text)
    USART_StructInit                         0x0800e4df   Thumb Code    24  stm32f4xx_usart.o(.text)
    USART_ClockInit                          0x0800e4f7   Thumb Code    32  stm32f4xx_usart.o(.text)
    USART_ClockStructInit                    0x0800e517   Thumb Code    12  stm32f4xx_usart.o(.text)
    USART_Cmd                                0x0800e523   Thumb Code    24  stm32f4xx_usart.o(.text)
    USART_SetPrescaler                       0x0800e53b   Thumb Code    16  stm32f4xx_usart.o(.text)
    USART_OverSampling8Cmd                   0x0800e54b   Thumb Code    22  stm32f4xx_usart.o(.text)
    USART_OneBitMethodCmd                    0x0800e561   Thumb Code    24  stm32f4xx_usart.o(.text)
    USART_SendData                           0x0800e579   Thumb Code     8  stm32f4xx_usart.o(.text)
    USART_ReceiveData                        0x0800e581   Thumb Code    10  stm32f4xx_usart.o(.text)
    USART_SetAddress                         0x0800e58b   Thumb Code    18  stm32f4xx_usart.o(.text)
    USART_ReceiverWakeUpCmd                  0x0800e59d   Thumb Code    24  stm32f4xx_usart.o(.text)
    USART_WakeUpConfig                       0x0800e5b5   Thumb Code    18  stm32f4xx_usart.o(.text)
    USART_LINBreakDetectLengthConfig         0x0800e5c7   Thumb Code    18  stm32f4xx_usart.o(.text)
    USART_LINCmd                             0x0800e5d9   Thumb Code    24  stm32f4xx_usart.o(.text)
    USART_SendBreak                          0x0800e5f1   Thumb Code    10  stm32f4xx_usart.o(.text)
    USART_HalfDuplexCmd                      0x0800e5fb   Thumb Code    24  stm32f4xx_usart.o(.text)
    USART_SetGuardTime                       0x0800e613   Thumb Code    16  stm32f4xx_usart.o(.text)
    USART_SmartCardCmd                       0x0800e623   Thumb Code    24  stm32f4xx_usart.o(.text)
    USART_SmartCardNACKCmd                   0x0800e63b   Thumb Code    24  stm32f4xx_usart.o(.text)
    USART_IrDAConfig                         0x0800e653   Thumb Code    18  stm32f4xx_usart.o(.text)
    USART_IrDACmd                            0x0800e665   Thumb Code    24  stm32f4xx_usart.o(.text)
    USART_DMACmd                             0x0800e67d   Thumb Code    18  stm32f4xx_usart.o(.text)
    USART_ITConfig                           0x0800e68f   Thumb Code    74  stm32f4xx_usart.o(.text)
    USART_GetFlagStatus                      0x0800e6d9   Thumb Code    26  stm32f4xx_usart.o(.text)
    USART_ClearFlag                          0x0800e6f3   Thumb Code    18  stm32f4xx_usart.o(.text)
    USART_GetITStatus                        0x0800e705   Thumb Code   118  stm32f4xx_usart.o(.text)
    USART_ClearITPendingBit                  0x0800e77b   Thumb Code    30  stm32f4xx_usart.o(.text)
    __use_no_semihosting                     0x0800e799   Thumb Code     2  use_no_semi_2.o(.text)
    malloc                                   0x0800e79b   Thumb Code    94  h1_alloc.o(.text)
    __2printf                                0x0800e7f9   Thumb Code    20  noretval__2printf.o(.text)
    __printf                                 0x0800e811   Thumb Code   104  __printf.o(.text)
    _printf_str                              0x0800e879   Thumb Code    82  _printf_str.o(.text)
    _printf_int_dec                          0x0800e8cd   Thumb Code   104  _printf_dec.o(.text)
    _printf_int_hex                          0x0800e945   Thumb Code    84  _printf_hex_int.o(.text)
    _printf_longlong_hex                     0x0800e945   Thumb Code     0  _printf_hex_int.o(.text)
    strchr                                   0x0800e99d   Thumb Code    20  strchr.o(.text)
    __aeabi_memclr                           0x0800e9b1   Thumb Code     0  rt_memclr.o(.text)
    __rt_memclr                              0x0800e9b1   Thumb Code    68  rt_memclr.o(.text)
    _memset                                  0x0800e9b5   Thumb Code     0  rt_memclr.o(.text)
    strcmp                                   0x0800e9f5   Thumb Code   128  strcmpv7m.o(.text)
    __use_two_region_memory                  0x0800ea75   Thumb Code     2  heapauxi.o(.text)
    __rt_heap_escrow                         0x0800ea77   Thumb Code     2  heapauxi.o(.text)
    __rt_heap_expand                         0x0800ea79   Thumb Code     2  heapauxi.o(.text)
    __I$use$semihosting                      0x0800ea7b   Thumb Code     0  use_no_semi.o(.text)
    __use_no_semihosting_swi                 0x0800ea7b   Thumb Code     2  use_no_semi.o(.text)
    __rt_heap_descriptor                     0x0800ea7d   Thumb Code     8  rt_heap_descriptor_intlibspace.o(.text)
    __use_no_heap                            0x0800ea85   Thumb Code     2  hguard.o(.text)
    __heap$guard                             0x0800ea87   Thumb Code     2  hguard.o(.text)
    _terminate_user_alloc                    0x0800ea89   Thumb Code     2  init_alloc.o(.text)
    _init_user_alloc                         0x0800ea8b   Thumb Code     2  init_alloc.o(.text)
    __Heap_Full                              0x0800ea8d   Thumb Code    34  init_alloc.o(.text)
    __Heap_Broken                            0x0800eaaf   Thumb Code     6  init_alloc.o(.text)
    _init_alloc                              0x0800eab5   Thumb Code    94  init_alloc.o(.text)
    __Heap_Initialize                        0x0800eb13   Thumb Code    10  h1_init.o(.text)
    __Heap_DescSize                          0x0800eb1d   Thumb Code     4  h1_init.o(.text)
    free                                     0x0800eb21   Thumb Code    78  h1_free.o(.text)
    __read_errno                             0x0800eb6f   Thumb Code    10  _rserrno.o(.text)
    __set_errno                              0x0800eb79   Thumb Code    12  _rserrno.o(.text)
    _printf_int_common                       0x0800eb85   Thumb Code   178  _printf_intcommon.o(.text)
    _printf_cs_common                        0x0800ec37   Thumb Code    20  _printf_char.o(.text)
    _printf_char                             0x0800ec4b   Thumb Code    16  _printf_char.o(.text)
    _printf_string                           0x0800ec5b   Thumb Code     8  _printf_char.o(.text)
    _printf_char_file                        0x0800ec65   Thumb Code    32  _printf_char_file.o(.text)
    __aeabi_memclr4                          0x0800ec89   Thumb Code     0  rt_memclr_w.o(.text)
    __aeabi_memclr8                          0x0800ec89   Thumb Code     0  rt_memclr_w.o(.text)
    __rt_memclr_w                            0x0800ec89   Thumb Code    78  rt_memclr_w.o(.text)
    _memset_w                                0x0800ec8d   Thumb Code     0  rt_memclr_w.o(.text)
    __user_libspace                          0x0800ecd9   Thumb Code     8  libspace.o(.text)
    __user_perproc_libspace                  0x0800ecd9   Thumb Code     0  libspace.o(.text)
    __user_perthread_libspace                0x0800ecd9   Thumb Code     0  libspace.o(.text)
    __aeabi_errno_addr                       0x0800ece1   Thumb Code     8  rt_errno_addr_intlibspace.o(.text)
    __errno$intlibspace                      0x0800ece1   Thumb Code     0  rt_errno_addr_intlibspace.o(.text)
    __rt_errno_addr$intlibspace              0x0800ece1   Thumb Code     0  rt_errno_addr_intlibspace.o(.text)
    __Heap_ProvideMemory                     0x0800ece9   Thumb Code    52  h1_extend.o(.text)
    _printf_char_common                      0x0800ed27   Thumb Code    32  _printf_char_common.o(.text)
    ferror                                   0x0800ed4d   Thumb Code     8  ferror.o(.text)
    __rt_SIGRTMEM                            0x0800ed55   Thumb Code    14  defsig_rtmem_outer.o(.text)
    __user_setup_stackheap                   0x0800ed63   Thumb Code    74  sys_stackheap_outer.o(.text)
    exit                                     0x0800edad   Thumb Code    12  exit.o(.text)
    __sig_exit                               0x0800edb9   Thumb Code    10  defsig_exit.o(.text)
    __rt_SIGRTMEM_inner                      0x0800edc5   Thumb Code    22  defsig_rtmem_inner.o(.text)
    __default_signal_display                 0x0800ee15   Thumb Code    50  defsig_general.o(.text)
    __hardfp_sqrt                            0x0800ee47   Thumb Code   122  sqrt.o(i.__hardfp_sqrt)
    __aeabi_dadd                             0x0800eec1   Thumb Code     0  daddsub_clz.o(x$fpl$dadd)
    _dadd                                    0x0800eec1   Thumb Code   332  daddsub_clz.o(x$fpl$dadd)
    __fpl_dcmp_Inf                           0x0800f011   Thumb Code    24  dcmpi.o(x$fpl$dcmpinf)
    __aeabi_d2uiz                            0x0800f029   Thumb Code     0  dfixu.o(x$fpl$dfixu)
    _dfixu                                   0x0800f029   Thumb Code    90  dfixu.o(x$fpl$dfixu)
    __aeabi_i2d                              0x0800f083   Thumb Code     0  dflt_clz.o(x$fpl$dflt)
    _dflt                                    0x0800f083   Thumb Code    46  dflt_clz.o(x$fpl$dflt)
    __aeabi_ui2d                             0x0800f0b1   Thumb Code     0  dflt_clz.o(x$fpl$dfltu)
    _dfltu                                   0x0800f0b1   Thumb Code    38  dflt_clz.o(x$fpl$dfltu)
    __aeabi_cdcmple                          0x0800f0d9   Thumb Code     0  dleqf.o(x$fpl$dleqf)
    _dcmple                                  0x0800f0d9   Thumb Code   120  dleqf.o(x$fpl$dleqf)
    __fpl_dcmple_InfNaN                      0x0800f13b   Thumb Code     0  dleqf.o(x$fpl$dleqf)
    __aeabi_dmul                             0x0800f151   Thumb Code     0  dmul.o(x$fpl$dmul)
    _dmul                                    0x0800f151   Thumb Code   332  dmul.o(x$fpl$dmul)
    __fpl_dnaninf                            0x0800f2a5   Thumb Code   156  dnaninf.o(x$fpl$dnaninf)
    __fpl_dretinf                            0x0800f341   Thumb Code    12  dretinf.o(x$fpl$dretinf)
    __aeabi_cdrcmple                         0x0800f34d   Thumb Code     0  drleqf.o(x$fpl$drleqf)
    _drcmple                                 0x0800f34d   Thumb Code   108  drleqf.o(x$fpl$drleqf)
    __aeabi_drsub                            0x0800f3b9   Thumb Code     0  daddsub_clz.o(x$fpl$drsb)
    _drsb                                    0x0800f3b9   Thumb Code    22  daddsub_clz.o(x$fpl$drsb)
    _dsqrt                                   0x0800f3d1   Thumb Code   404  dsqrt_umaal.o(x$fpl$dsqrt)
    __aeabi_dsub                             0x0800f569   Thumb Code     0  daddsub_clz.o(x$fpl$dsub)
    _dsub                                    0x0800f569   Thumb Code   464  daddsub_clz.o(x$fpl$dsub)
    __aeabi_f2d                              0x0800f73d   Thumb Code     0  f2d.o(x$fpl$f2d)
    _f2d                                     0x0800f73d   Thumb Code    86  f2d.o(x$fpl$f2d)
    __fpl_fnaninf                            0x0800f793   Thumb Code   140  fnaninf.o(x$fpl$fnaninf)
    _fp_init                                 0x0800f81f   Thumb Code    10  fpinit.o(x$fpl$fpinit)
    __fplib_config_fpu_vfp                   0x0800f827   Thumb Code     0  fpinit.o(x$fpl$fpinit)
    __fplib_config_pureend_doubles           0x0800f827   Thumb Code     0  fpinit.o(x$fpl$fpinit)
    __I$use$fp                               0x0800f828   Number         0  usenofp.o(x$fpl$usenofp)
    cubeColorDraw                            0x0800f828   Data          12  cubesolver.o(.constdata)
    asc2_1206                                0x0800f834   Data        1140  lcd.o(.constdata)
    asc2_1608                                0x0800fca8   Data        1520  lcd.o(.constdata)
    asc2_2412                                0x08010298   Data        3420  lcd.o(.constdata)
    GT9147_CFG_TBL                           0x08010ff4   Data         184  gt9147.o(.constdata)
    GT9147_TPX_TBL                           0x080110ac   Data          10  gt9147.o(.constdata)
    OTT_TPX_TBL                              0x080110b6   Data          10  ott2001a.o(.constdata)
    FT5206_TPX_TBL                           0x080110c0   Data          10  ft5206.o(.constdata)
    TP_REMIND_MSG_TBL                        0x080110cc   Data           4  touch.o(.constdata)
    FSMC_DefaultTimingStruct                 0x080110d0   Data          28  stm32f4xx_fsmc.o(.constdata)
    Region$$Table$$Base                      0x080111fc   Number         0  anon$$obj.o(Region$$Table)
    Region$$Table$$Limit                     0x0801121c   Number         0  anon$$obj.o(Region$$Table)
    SystemCoreClock                          0x20000000   Data           4  system_stm32f4xx.o(.data)
    AHBPrescTable                            0x20000004   Data          16  system_stm32f4xx.o(.data)
    cubeColorU                               0x20000014   Data           8  cubesolver.o(.data)
    cubeColorD                               0x2000001c   Data           8  cubesolver.o(.data)
    cubeColorL                               0x20000024   Data           8  cubesolver.o(.data)
    cubeColorR                               0x2000002c   Data           8  cubesolver.o(.data)
    cubeColorF                               0x20000034   Data           8  cubesolver.o(.data)
    cubeColorB                               0x2000003c   Data           8  cubesolver.o(.data)
    touchPointX                              0x20000044   Data           1  cubesolver.o(.data)
    touchPointY                              0x20000045   Data           1  cubesolver.o(.data)
    solvedMoveCount                          0x20000048   Data           4  cubesolvernew.o(.data)
    faces                                    0x2000004c   Data           4  cubesolvernew.o(.data)
    order                                    0x20000050   Data           4  cubesolvernew.o(.data)
    bithash                                  0x20000054   Data           4  cubesolvernew.o(.data)
    perm                                     0x20000058   Data           4  cubesolvernew.o(.data)
    TEMP                                     0x2000005c   Data           1  cubesolvernew.o(.data)
    phase                                    0x20000060   Data           4  cubesolvernew.o(.data)
    tablesize                                0x20000064   Data          32  cubesolvernew.o(.data)
    argv                                     0x20000084   Data          80  cubesolvernew.o(.data)
    POINT_COLOR                              0x200000d4   Data           2  lcd.o(.data)
    BACK_COLOR                               0x200000d6   Data           2  lcd.o(.data)
    tp_dev                                   0x200000dc   Data          52  touch.o(.data)
    CMD_RDX                                  0x20000110   Data           1  touch.o(.data)
    CMD_RDY                                  0x20000111   Data           1  touch.o(.data)
    __stdout                                 0x20000118   Data           4  usart.o(.data)
    USART_RX_STA                             0x2000011c   Data           2  usart.o(.data)
    USART2_RX_STA                            0x2000011e   Data           2  usart.o(.data)
    solvedMove                               0x20000130   Data         160  cubesolvernew.o(.bss)
    pos                                      0x200001d0   Data          20  cubesolvernew.o(.bss)
    ori                                      0x200001e4   Data          20  cubesolvernew.o(.bss)
    val                                      0x200001f8   Data          20  cubesolvernew.o(.bss)
    tables                                   0x2000020c   Data          32  cubesolvernew.o(.bss)
    move                                     0x2000022c   Data          80  cubesolvernew.o(.bss)
    moveamount                               0x2000027c   Data          80  cubesolvernew.o(.bss)
    lcddev                                   0x200002cc   Data          14  lcd.o(.bss)
    USART_RX_BUF                             0x200002da   Data         200  usart.o(.bss)
    USART2_RX_BUF                            0x200003a2   Data         200  usart.o(.bss)
    __libspace_start                         0x2000046c   Data          96  libspace.o(.bss)
    __temporary_stack_top$libspace           0x200004cc   Data           0  libspace.o(.bss)



==============================================================================

Memory Map of the image

  Image Entry point : 0x08000189

  Load Region LR_IROM1 (Base: 0x08000000, Size: 0x0001134c, Max: 0x00100000, ABSOLUTE, COMPRESSED[0x000112c0])

    Execution Region ER_IROM1 (Base: 0x08000000, Size: 0x0001121c, Max: 0x00100000, ABSOLUTE)

    Base Addr    Size         Type   Attr      Idx    E Section Name        Object

    0x08000000   0x00000188   Data   RO          632    RESET               startup_stm32f40_41xxx.o
    0x08000188   0x00000008   Code   RO          885  * !!!main             c_w.l(__main.o)
    0x08000190   0x00000034   Code   RO         1162    !!!scatter          c_w.l(__scatter.o)
    0x080001c4   0x0000005a   Code   RO         1160    !!dczerorl2         c_w.l(__dczerorl2.o)
    0x0800021e   0x00000002   PAD
    0x08000220   0x0000001c   Code   RO         1164    !!handler_zi        c_w.l(__scatter_zi.o)
    0x0800023c   0x00000000   Code   RO          876    .ARM.Collect$$_printf_percent$$00000000  c_w.l(_printf_percent.o)
    0x0800023c   0x00000006   Code   RO          875    .ARM.Collect$$_printf_percent$$00000009  c_w.l(_printf_d.o)
    0x08000242   0x00000006   Code   RO          874    .ARM.Collect$$_printf_percent$$0000000C  c_w.l(_printf_x.o)
    0x08000248   0x00000006   Code   RO          873    .ARM.Collect$$_printf_percent$$00000014  c_w.l(_printf_s.o)
    0x0800024e   0x00000004   Code   RO          967    .ARM.Collect$$_printf_percent$$00000017  c_w.l(_printf_percent_end.o)
    0x08000252   0x00000002   Code   RO         1104    .ARM.Collect$$libinit$$00000000  c_w.l(libinit.o)
    0x08000254   0x00000004   Code   RO          974    .ARM.Collect$$libinit$$00000001  c_w.l(libinit2.o)
    0x08000258   0x00000000   Code   RO          977    .ARM.Collect$$libinit$$00000004  c_w.l(libinit2.o)
    0x08000258   0x00000008   Code   RO          978    .ARM.Collect$$libinit$$00000005  c_w.l(libinit2.o)
    0x08000260   0x00000000   Code   RO          980    .ARM.Collect$$libinit$$0000000A  c_w.l(libinit2.o)
    0x08000260   0x00000000   Code   RO          982    .ARM.Collect$$libinit$$0000000C  c_w.l(libinit2.o)
    0x08000260   0x00000000   Code   RO          984    .ARM.Collect$$libinit$$0000000E  c_w.l(libinit2.o)
    0x08000260   0x00000000   Code   RO          987    .ARM.Collect$$libinit$$00000011  c_w.l(libinit2.o)
    0x08000260   0x00000000   Code   RO          989    .ARM.Collect$$libinit$$00000013  c_w.l(libinit2.o)
    0x08000260   0x00000000   Code   RO          991    .ARM.Collect$$libinit$$00000015  c_w.l(libinit2.o)
    0x08000260   0x00000000   Code   RO          993    .ARM.Collect$$libinit$$00000017  c_w.l(libinit2.o)
    0x08000260   0x00000000   Code   RO          995    .ARM.Collect$$libinit$$00000019  c_w.l(libinit2.o)
    0x08000260   0x00000000   Code   RO          997    .ARM.Collect$$libinit$$0000001B  c_w.l(libinit2.o)
    0x08000260   0x00000000   Code   RO          999    .ARM.Collect$$libinit$$0000001D  c_w.l(libinit2.o)
    0x08000260   0x00000000   Code   RO         1001    .ARM.Collect$$libinit$$0000001F  c_w.l(libinit2.o)
    0x08000260   0x00000000   Code   RO         1003    .ARM.Collect$$libinit$$00000021  c_w.l(libinit2.o)
    0x08000260   0x00000000   Code   RO         1005    .ARM.Collect$$libinit$$00000023  c_w.l(libinit2.o)
    0x08000260   0x00000000   Code   RO         1007    .ARM.Collect$$libinit$$00000025  c_w.l(libinit2.o)
    0x08000260   0x00000000   Code   RO         1011    .ARM.Collect$$libinit$$0000002C  c_w.l(libinit2.o)
    0x08000260   0x00000000   Code   RO         1013    .ARM.Collect$$libinit$$0000002E  c_w.l(libinit2.o)
    0x08000260   0x00000000   Code   RO         1015    .ARM.Collect$$libinit$$00000030  c_w.l(libinit2.o)
    0x08000260   0x00000000   Code   RO         1017    .ARM.Collect$$libinit$$00000032  c_w.l(libinit2.o)
    0x08000260   0x00000002   Code   RO         1018    .ARM.Collect$$libinit$$00000033  c_w.l(libinit2.o)
    0x08000262   0x00000002   Code   RO         1157    .ARM.Collect$$libshutdown$$00000000  c_w.l(libshutdown.o)
    0x08000264   0x00000000   Code   RO         1117    .ARM.Collect$$libshutdown$$00000003  c_w.l(libshutdown2.o)
    0x08000264   0x00000000   Code   RO         1120    .ARM.Collect$$libshutdown$$00000006  c_w.l(libshutdown2.o)
    0x08000264   0x00000000   Code   RO         1123    .ARM.Collect$$libshutdown$$00000009  c_w.l(libshutdown2.o)
    0x08000264   0x00000000   Code   RO         1125    .ARM.Collect$$libshutdown$$0000000B  c_w.l(libshutdown2.o)
    0x08000264   0x00000000   Code   RO         1128    .ARM.Collect$$libshutdown$$0000000E  c_w.l(libshutdown2.o)
    0x08000264   0x00000002   Code   RO         1129    .ARM.Collect$$libshutdown$$0000000F  c_w.l(libshutdown2.o)
    0x08000266   0x00000000   Code   RO          927    .ARM.Collect$$rtentry$$00000000  c_w.l(__rtentry.o)
    0x08000266   0x00000000   Code   RO         1036    .ARM.Collect$$rtentry$$00000002  c_w.l(__rtentry2.o)
    0x08000266   0x00000006   Code   RO         1048    .ARM.Collect$$rtentry$$00000004  c_w.l(__rtentry4.o)
    0x0800026c   0x00000000   Code   RO         1038    .ARM.Collect$$rtentry$$00000009  c_w.l(__rtentry2.o)
    0x0800026c   0x00000004   Code   RO         1039    .ARM.Collect$$rtentry$$0000000A  c_w.l(__rtentry2.o)
    0x08000270   0x00000000   Code   RO         1041    .ARM.Collect$$rtentry$$0000000C  c_w.l(__rtentry2.o)
    0x08000270   0x00000008   Code   RO         1042    .ARM.Collect$$rtentry$$0000000D  c_w.l(__rtentry2.o)
    0x08000278   0x00000002   Code   RO         1105    .ARM.Collect$$rtexit$$00000000  c_w.l(rtexit.o)
    0x0800027a   0x00000000   Code   RO         1131    .ARM.Collect$$rtexit$$00000002  c_w.l(rtexit2.o)
    0x0800027a   0x00000004   Code   RO         1132    .ARM.Collect$$rtexit$$00000003  c_w.l(rtexit2.o)
    0x0800027e   0x00000006   Code   RO         1133    .ARM.Collect$$rtexit$$00000004  c_w.l(rtexit2.o)
    0x08000284   0x00000000   Code   RO         1057    .emb_text           c_w.l(maybetermalloc1.o)
    0x08000284   0x00000170   Code   RO            3    .text               main.o
    0x080003f4   0x0000001a   Code   RO          177    .text               stm32f4xx_it.o
    0x0800040e   0x00000002   PAD
    0x08000410   0x00000210   Code   RO          226    .text               system_stm32f4xx.o
    0x08000620   0x00003d68   Code   RO          252    .text               cubesolver.o
    0x08004388   0x00001bf0   Code   RO          284    .text               cubesolvernew.o
    0x08005f78   0x00000040   Code   RO          316    .text               led.o
    0x08005fb8   0x00004c7c   Code   RO          336    .text               lcd.o
    0x0800ac34   0x00000104   Code   RO          367    .text               key.o
    0x0800ad38   0x0000025c   Code   RO          388    .text               myiic.o
    0x0800af94   0x0000017a   Code   RO          411    .text               24cxx.o
    0x0800b10e   0x00000002   PAD
    0x0800b110   0x00000254   Code   RO          434    .text               ctiic.o
    0x0800b364   0x00000448   Code   RO          457    .text               gt9147.o
    0x0800b7ac   0x00000388   Code   RO          481    .text               ott2001a.o
    0x0800bb34   0x0000032c   Code   RO          505    .text               ft5206.o
    0x0800be60   0x00001118   Code   RO          529    .text               touch.o
    0x0800cf78   0x00000104   Code   RO          561    .text               delay.o
    0x0800d07c   0x000002f0   Code   RO          601    .text               usart.o
    0x0800d36c   0x00000040   Code   RO          633    .text               startup_stm32f40_41xxx.o
    0x0800d3ac   0x000000e0   Code   RO          639    .text               misc.o
    0x0800d48c   0x00000294   Code   RO          659    .text               stm32f4xx_gpio.o
    0x0800d720   0x000005c8   Code   RO          679    .text               stm32f4xx_fsmc.o
    0x0800dce8   0x0000065c   Code   RO          702    .text               stm32f4xx_rcc.o
    0x0800e344   0x00000454   Code   RO          744    .text               stm32f4xx_usart.o
    0x0800e798   0x00000002   Code   RO          764    .text               c_w.l(use_no_semi_2.o)
    0x0800e79a   0x0000005e   Code   RO          768    .text               c_w.l(h1_alloc.o)
    0x0800e7f8   0x00000018   Code   RO          824    .text               c_w.l(noretval__2printf.o)
    0x0800e810   0x00000068   Code   RO          826    .text               c_w.l(__printf.o)
    0x0800e878   0x00000052   Code   RO          828    .text               c_w.l(_printf_str.o)
    0x0800e8ca   0x00000002   PAD
    0x0800e8cc   0x00000078   Code   RO          830    .text               c_w.l(_printf_dec.o)
    0x0800e944   0x00000058   Code   RO          835    .text               c_w.l(_printf_hex_int.o)
    0x0800e99c   0x00000014   Code   RO          877    .text               c_w.l(strchr.o)
    0x0800e9b0   0x00000044   Code   RO          879    .text               c_w.l(rt_memclr.o)
    0x0800e9f4   0x00000080   Code   RO          881    .text               c_w.l(strcmpv7m.o)
    0x0800ea74   0x00000006   Code   RO          883    .text               c_w.l(heapauxi.o)
    0x0800ea7a   0x00000002   Code   RO          923    .text               c_w.l(use_no_semi.o)
    0x0800ea7c   0x00000008   Code   RO          931    .text               c_w.l(rt_heap_descriptor_intlibspace.o)
    0x0800ea84   0x00000004   Code   RO          933    .text               c_w.l(hguard.o)
    0x0800ea88   0x0000008a   Code   RO          935    .text               c_w.l(init_alloc.o)
    0x0800eb12   0x0000000e   Code   RO          941    .text               c_w.l(h1_init.o)
    0x0800eb20   0x0000004e   Code   RO          943    .text               c_w.l(h1_free.o)
    0x0800eb6e   0x00000016   Code   RO          959    .text               c_w.l(_rserrno.o)
    0x0800eb84   0x000000b2   Code   RO          961    .text               c_w.l(_printf_intcommon.o)
    0x0800ec36   0x0000002c   Code   RO          963    .text               c_w.l(_printf_char.o)
    0x0800ec62   0x00000002   PAD
    0x0800ec64   0x00000024   Code   RO          965    .text               c_w.l(_printf_char_file.o)
    0x0800ec88   0x0000004e   Code   RO          970    .text               c_w.l(rt_memclr_w.o)
    0x0800ecd6   0x00000002   PAD
    0x0800ecd8   0x00000008   Code   RO         1032    .text               c_w.l(libspace.o)
    0x0800ece0   0x00000008   Code   RO         1053    .text               c_w.l(rt_errno_addr_intlibspace.o)
    0x0800ece8   0x00000034   Code   RO         1059    .text               c_w.l(h1_extend.o)
    0x0800ed1c   0x00000030   Code   RO         1063    .text               c_w.l(_printf_char_common.o)
    0x0800ed4c   0x00000008   Code   RO         1065    .text               c_w.l(ferror.o)
    0x0800ed54   0x0000000e   Code   RO         1069    .text               c_w.l(defsig_rtmem_outer.o)
    0x0800ed62   0x0000004a   Code   RO         1081    .text               c_w.l(sys_stackheap_outer.o)
    0x0800edac   0x0000000c   Code   RO         1089    .text               c_w.l(exit.o)
    0x0800edb8   0x0000000a   Code   RO         1091    .text               c_w.l(defsig_exit.o)
    0x0800edc2   0x00000002   PAD
    0x0800edc4   0x00000050   Code   RO         1093    .text               c_w.l(defsig_rtmem_inner.o)
    0x0800ee14   0x00000032   Code   RO         1113    .text               c_w.l(defsig_general.o)
    0x0800ee46   0x0000007a   Code   RO          911    i.__hardfp_sqrt     m_wm.l(sqrt.o)
    0x0800eec0   0x00000150   Code   RO          887    x$fpl$dadd          fz_wm.l(daddsub_clz.o)
    0x0800f010   0x00000018   Code   RO         1019    x$fpl$dcmpinf       fz_wm.l(dcmpi.o)
    0x0800f028   0x0000005a   Code   RO          893    x$fpl$dfixu         fz_wm.l(dfixu.o)
    0x0800f082   0x0000002e   Code   RO          898    x$fpl$dflt          fz_wm.l(dflt_clz.o)
    0x0800f0b0   0x00000026   Code   RO          897    x$fpl$dfltu         fz_wm.l(dflt_clz.o)
    0x0800f0d6   0x00000002   PAD
    0x0800f0d8   0x00000078   Code   RO          903    x$fpl$dleqf         fz_wm.l(dleqf.o)
    0x0800f150   0x00000154   Code   RO          905    x$fpl$dmul          fz_wm.l(dmul.o)
    0x0800f2a4   0x0000009c   Code   RO         1021    x$fpl$dnaninf       fz_wm.l(dnaninf.o)
    0x0800f340   0x0000000c   Code   RO         1023    x$fpl$dretinf       fz_wm.l(dretinf.o)
    0x0800f34c   0x0000006c   Code   RO          907    x$fpl$drleqf        fz_wm.l(drleqf.o)
    0x0800f3b8   0x00000016   Code   RO          888    x$fpl$drsb          fz_wm.l(daddsub_clz.o)
    0x0800f3ce   0x00000002   PAD
    0x0800f3d0   0x00000198   Code   RO         1025    x$fpl$dsqrt         fz_wm.l(dsqrt_umaal.o)
    0x0800f568   0x000001d4   Code   RO          889    x$fpl$dsub          fz_wm.l(daddsub_clz.o)
    0x0800f73c   0x00000056   Code   RO          909    x$fpl$f2d           fz_wm.l(f2d.o)
    0x0800f792   0x0000008c   Code   RO         1027    x$fpl$fnaninf       fz_wm.l(fnaninf.o)
    0x0800f81e   0x0000000a   Code   RO         1078    x$fpl$fpinit        fz_wm.l(fpinit.o)
    0x0800f828   0x00000000   Code   RO         1029    x$fpl$usenofp       fz_wm.l(usenofp.o)
    0x0800f828   0x0000000c   Data   RO          254    .constdata          cubesolver.o
    0x0800f834   0x000017c0   Data   RO          338    .constdata          lcd.o
    0x08010ff4   0x000000c2   Data   RO          458    .constdata          gt9147.o
    0x080110b6   0x0000000a   Data   RO          482    .constdata          ott2001a.o
    0x080110c0   0x0000000a   Data   RO          506    .constdata          ft5206.o
    0x080110ca   0x00000002   PAD
    0x080110cc   0x00000004   Data   RO          530    .constdata          touch.o
    0x080110d0   0x0000001c   Data   RO          680    .constdata          stm32f4xx_fsmc.o
    0x080110ec   0x00000028   Data   RO          836    .constdata          c_w.l(_printf_hex_int.o)
    0x08011114   0x00000069   Data   RO          286    .conststring        cubesolvernew.o
    0x0801117d   0x00000003   PAD
    0x08011180   0x00000079   Data   RO          531    .conststring        touch.o
    0x080111f9   0x00000003   PAD
    0x080111fc   0x00000020   Data   RO         1158    Region$$Table       anon$$obj.o


    Execution Region RW_IRAM1 (Base: 0x20000000, Size: 0x0000f4d0, Max: 0x00020000, ABSOLUTE, COMPRESSED[0x000000a4])

    Base Addr    Size         Type   Attr      Idx    E Section Name        Object

    0x20000000   0x00000014   Data   RW          227    .data               system_stm32f4xx.o
    0x20000014   0x00000032   Data   RW          255    .data               cubesolver.o
    0x20000046   0x00000002   PAD
    0x20000048   0x0000008c   Data   RW          287    .data               cubesolvernew.o
    0x200000d4   0x00000004   Data   RW          339    .data               lcd.o
    0x200000d8   0x00000001   Data   RW          368    .data               key.o
    0x200000d9   0x00000001   Data   RW          459    .data               gt9147.o
    0x200000da   0x00000001   Data   RW          483    .data               ott2001a.o
    0x200000db   0x00000001   Data   RW          507    .data               ft5206.o
    0x200000dc   0x00000036   Data   RW          532    .data               touch.o
    0x20000112   0x00000004   Data   RW          562    .data               delay.o
    0x20000116   0x00000002   PAD
    0x20000118   0x00000008   Data   RW          603    .data               usart.o
    0x20000120   0x00000010   Data   RW          703    .data               stm32f4xx_rcc.o
    0x20000130   0x0000019c   Zero   RW          285    .bss                cubesolvernew.o
    0x200002cc   0x0000000e   Zero   RW          337    .bss                lcd.o
    0x200002da   0x00000190   Zero   RW          602    .bss                usart.o
    0x2000046a   0x00000002   PAD
    0x2000046c   0x00000060   Zero   RW         1033    .bss                c_w.l(libspace.o)
    0x200004cc   0x00000004   PAD
    0x200004d0   0x00009000   Zero   RW          631    HEAP                startup_stm32f40_41xxx.o
    0x200094d0   0x00006000   Zero   RW          630    STACK               startup_stm32f40_41xxx.o


==============================================================================

Image component sizes


      Code (inc. data)   RO Data    RW Data    ZI Data      Debug   Object Name

       378          0          0          0          0       2706   24cxx.o
       596         24          0          0          0       2081   ctiic.o
     15720        456         12         50          0      19209   cubesolver.o
      7152        320        105        140        412      10012   cubesolvernew.o
       260          8          0          4          0       1477   delay.o
       812         40         10          1          0       2539   ft5206.o
      1096         78        194          1          0       3078   gt9147.o
       260         12          0          1          0        884   key.o
     19580        170       6080          4         14      22262   lcd.o
        64          4          0          0          0        547   led.o
       368         76          0          0          0     270523   main.o
       224         20          0          0          0       1857   misc.o
       604         14          0          0          0       1916   myiic.o
       904         66         10          1          0       2727   ott2001a.o
        64         26        392          0      61440        840   startup_stm32f40_41xxx.o
      1480         18         28          0          0       5674   stm32f4xx_fsmc.o
       660         44          0          0          0       4137   stm32f4xx_gpio.o
        26          0          0          0          0       1242   stm32f4xx_it.o
      1628         52          0         16          0      12940   stm32f4xx_rcc.o
      1108         34          0          0          0       7836   stm32f4xx_usart.o
       528         46          0         20          0       1839   system_stm32f4xx.o
      4376        232        125         54          0       6874   touch.o
       752         28          0          8        400       4890   usart.o

    ----------------------------------------------------------------------
     58644       1768       6996        304      62268     388090   Object Totals
         0          0         32          0          0          0   (incl. Generated)
         4          0          8          4          2          0   (incl. Padding)

    ----------------------------------------------------------------------

      Code (inc. data)   RO Data    RW Data    ZI Data      Debug   Library Member Name

        90          0          0          0          0          0   __dczerorl2.o
         8          0          0          0          0         68   __main.o
       104          0          0          0          0         84   __printf.o
         0          0          0          0          0          0   __rtentry.o
        12          0          0          0          0          0   __rtentry2.o
         6          0          0          0          0          0   __rtentry4.o
        52          8          0          0          0          0   __scatter.o
        28          0          0          0          0          0   __scatter_zi.o
        44          0          0          0          0        108   _printf_char.o
        48          6          0          0          0         96   _printf_char_common.o
        36          4          0          0          0         80   _printf_char_file.o
         6          0          0          0          0          0   _printf_d.o
       120         16          0          0          0         92   _printf_dec.o
        88          4         40          0          0         88   _printf_hex_int.o
       178          0          0          0          0         88   _printf_intcommon.o
         0          0          0          0          0          0   _printf_percent.o
         4          0          0          0          0          0   _printf_percent_end.o
         6          0          0          0          0          0   _printf_s.o
        82          0          0          0          0         80   _printf_str.o
         6          0          0          0          0          0   _printf_x.o
        22          0          0          0          0        100   _rserrno.o
        10          0          0          0          0         68   defsig_exit.o
        50          0          0          0          0         88   defsig_general.o
        80         58          0          0          0         76   defsig_rtmem_inner.o
        14          0          0          0          0         80   defsig_rtmem_outer.o
        12          0          0          0          0         72   exit.o
         8          0          0          0          0         68   ferror.o
        94          0          0          0          0         80   h1_alloc.o
        52          0          0          0          0         68   h1_extend.o
        78          0          0          0          0         80   h1_free.o
        14          0          0          0          0         84   h1_init.o
         6          0          0          0          0        152   heapauxi.o
         4          0          0          0          0        136   hguard.o
       138          0          0          0          0        168   init_alloc.o
         2          0          0          0          0          0   libinit.o
        14          0          0          0          0          0   libinit2.o
         2          0          0          0          0          0   libshutdown.o
         2          0          0          0          0          0   libshutdown2.o
         8          4          0          0         96         68   libspace.o
         0          0          0          0          0          0   maybetermalloc1.o
        24          4          0          0          0         84   noretval__2printf.o
         8          4          0          0          0         68   rt_errno_addr_intlibspace.o
         8          4          0          0          0         68   rt_heap_descriptor_intlibspace.o
        68          0          0          0          0         68   rt_memclr.o
        78          0          0          0          0         80   rt_memclr_w.o
         2          0          0          0          0          0   rtexit.o
        10          0          0          0          0          0   rtexit2.o
        20          0          0          0          0         68   strchr.o
       128          0          0          0          0         68   strcmpv7m.o
        74          0          0          0          0         80   sys_stackheap_outer.o
         2          0          0          0          0         68   use_no_semi.o
         2          0          0          0          0         68   use_no_semi_2.o
       826         16          0          0          0        492   daddsub_clz.o
        24          0          0          0          0        116   dcmpi.o
        90          4          0          0          0        140   dfixu.o
        84          0          0          0          0        232   dflt_clz.o
       120          4          0          0          0        140   dleqf.o
       340         12          0          0          0        152   dmul.o
       156          4          0          0          0        140   dnaninf.o
        12          0          0          0          0        116   dretinf.o
       108          0          0          0          0        128   drleqf.o
       408         56          0          0          0        168   dsqrt_umaal.o
        86          4          0          0          0        132   f2d.o
       140          4          0          0          0        132   fnaninf.o
        10          0          0          0          0        116   fpinit.o
         0          0          0          0          0          0   usenofp.o
       122          0          0          0          0        148   sqrt.o

    ----------------------------------------------------------------------
      4492        216         40          0        100       5244   Library Totals
        14          0          0          0          4          0   (incl. Padding)

    ----------------------------------------------------------------------

      Code (inc. data)   RO Data    RW Data    ZI Data      Debug   Library Name

      1952        112         40          0         96       2892   c_w.l
      2404        104          0          0          0       2204   fz_wm.l
       122          0          0          0          0        148   m_wm.l

    ----------------------------------------------------------------------
      4492        216         40          0        100       5244   Library Totals

    ----------------------------------------------------------------------

==============================================================================


      Code (inc. data)   RO Data    RW Data    ZI Data      Debug   

     63136       1984       7036        304      62368     386122   Grand Totals
     63136       1984       7036        164      62368     386122   ELF Image Totals (compressed)
     63136       1984       7036        164          0          0   ROM Totals

==============================================================================

    Total RO  Size (Code + RO Data)                70172 (  68.53kB)
    Total RW  Size (RW Data + ZI Data)             62672 (  61.20kB)
    Total ROM Size (Code + RO Data + RW Data)      70336 (  68.69kB)

==============================================================================

