Component: ARM Compiler 5.06 update 6 (build 750) Tool: armlink [4d35ed]

==============================================================================

Section Cross References

    main.o(.text) refers to _printf_percent.o(.ARM.Collect$$_printf_percent$$00000000) for _printf_percent
    main.o(.text) refers to _printf_s.o(.ARM.Collect$$_printf_percent$$00000014) for _printf_s
    main.o(.text) refers to _printf_str.o(.text) for _printf_str
    main.o(.text) refers to _printf_pad.o(.text) for _printf_pre_padding
    main.o(.text) refers to _printf_f.o(.ARM.Collect$$_printf_percent$$00000003) for _printf_f
    main.o(.text) refers to printf1.o(x$fpl$printf1) for _printf_fp_dec
    main.o(.text) refers to strstr.o(.text) for strstr
    main.o(.text) refers to noretval__2printf.o(.text) for __2printf
    main.o(.text) refers to delay.o(.text) for delay_ms
    main.o(.text) refers to m5311.o(.text) for init_m5311
    main.o(.text) refers to misc.o(.text) for NVIC_PriorityGroupConfig
    main.o(.text) refers to usart.o(.text) for uart_init
    main.o(.text) refers to usart2.o(.text) for USART2_Init
    main.o(.text) refers to lcd.o(.text) for LCD_Init
    main.o(.text) refers to led.o(.text) for LED_Init
    main.o(.text) refers to bh1750.o(.text) for BH1750_Init
    main.o(.text) refers to dht11.o(.text) for DHT11_Init
    main.o(.text) refers to strcpy.o(.text) for strcpy
    main.o(.text) refers to f2d.o(x$fpl$f2d) for __aeabi_f2d
    main.o(.text) refers to noretval__2sprintf.o(.text) for __2sprintf
    main.o(.text) refers to main.o(.bss) for nb_iotdat
    main.o(.text) refers to main.o(.data) for link
    main.o(.text) refers to usart2.o(.data) for USART2_RX_STA
    main.o(.text) refers to usart2.o(.bss) for USART2_RX_BUF
    main.o(.text) refers to bh1750.o(.data) for result_lx
    main.o(.text) refers to main.o(.conststring) for .conststring
    system_stm32f4xx.o(.text) refers to system_stm32f4xx.o(.data) for SystemCoreClock
    led.o(.text) refers to stm32f4xx_rcc.o(.text) for RCC_AHB1PeriphClockCmd
    led.o(.text) refers to stm32f4xx_gpio.o(.text) for GPIO_Init
    lcd.o(.text) refers to _printf_percent.o(.ARM.Collect$$_printf_percent$$00000000) for _printf_percent
    lcd.o(.text) refers to _printf_x.o(.ARM.Collect$$_printf_percent$$0000000C) for _printf_x
    lcd.o(.text) refers to _printf_hex_int.o(.text) for _printf_longlong_hex
    lcd.o(.text) refers to delay.o(.text) for delay_us
    lcd.o(.text) refers to lcd.o(.bss) for lcddev
    lcd.o(.text) refers to lcd.o(.data) for POINT_COLOR
    lcd.o(.text) refers to dflt_clz.o(x$fpl$dfltu) for __aeabi_ui2d
    lcd.o(.text) refers to dmul.o(x$fpl$dmul) for __aeabi_dmul
    lcd.o(.text) refers to dfixu.o(x$fpl$dfixu) for __aeabi_d2uiz
    lcd.o(.text) refers to stm32f4xx_rcc.o(.text) for RCC_AHB1PeriphClockCmd
    lcd.o(.text) refers to stm32f4xx_gpio.o(.text) for GPIO_Init
    lcd.o(.text) refers to stm32f4xx_fsmc.o(.text) for FSMC_NORSRAMInit
    lcd.o(.text) refers to noretval__2printf.o(.text) for __2printf
    lcd.o(.text) refers to lcd.o(.constdata) for asc2_1206
    bh1750.o(.text) refers to iic.o(.text) for IIC_Init
    bh1750.o(.text) refers to delay.o(.text) for delay_ms
    bh1750.o(.text) refers to dflt_clz.o(x$fpl$dfltu) for __aeabi_ui2d
    bh1750.o(.text) refers to ddiv.o(x$fpl$ddiv) for __aeabi_ddiv
    bh1750.o(.text) refers to d2f.o(x$fpl$d2f) for __aeabi_d2f
    bh1750.o(.text) refers to bh1750.o(.data) for BUF
    iic.o(.text) refers to stm32f4xx_rcc.o(.text) for RCC_AHB1PeriphClockCmd
    iic.o(.text) refers to stm32f4xx_gpio.o(.text) for GPIO_Init
    iic.o(.text) refers to delay.o(.text) for delay_us
    m5311.o(.text) refers to _printf_percent.o(.ARM.Collect$$_printf_percent$$00000000) for _printf_percent
    m5311.o(.text) refers to _printf_s.o(.ARM.Collect$$_printf_percent$$00000014) for _printf_s
    m5311.o(.text) refers to _printf_str.o(.text) for _printf_str
    m5311.o(.text) refers to noretval__2printf.o(.text) for __2printf
    m5311.o(.text) refers to strstr.o(.text) for strstr
    m5311.o(.text) refers to strlen.o(.text) for strlen
    m5311.o(.text) refers to usart2.o(.text) for uart2_send_buff
    m5311.o(.text) refers to delay.o(.text) for delay_ms
    m5311.o(.text) refers to usart2.o(.data) for USART2_RX_STA
    m5311.o(.text) refers to usart2.o(.bss) for USART2_RX_BUF
    usart2.o(.text) refers to stm32f4xx_tim.o(.text) for TIM_SetCounter
    usart2.o(.text) refers to stm32f4xx_usart.o(.text) for USART_GetITStatus
    usart2.o(.text) refers to stm32f4xx_rcc.o(.text) for RCC_AHB1PeriphClockCmd
    usart2.o(.text) refers to stm32f4xx_dma.o(.text) for DMA_DeInit
    usart2.o(.text) refers to misc.o(.text) for NVIC_Init
    usart2.o(.text) refers to stm32f4xx_gpio.o(.text) for GPIO_Init
    usart2.o(.text) refers to usart2.o(.data) for USART2_RX_STA
    usart2.o(.text) refers to usart2.o(.bss) for USART2_RX_BUF
    dht11.o(.text) refers to delay.o(.text) for delay_ms
[...]
    TI2_Config                               0x08008303   Thumb Code    90  stm32f4xx_tim.o(.text)
    TI1_Config                               0x0800836f   Thumb Code    58  stm32f4xx_tim.o(.text)
    .text                                    0x08008742   Section        2  use_no_semi_2.o(.text)
    .text                                    0x08008744   Section        0  noretval__2printf.o(.text)
    .text                                    0x0800875c   Section        0  noretval__2sprintf.o(.text)
    .text                                    0x08008784   Section        0  _printf_pad.o(.text)
    .text                                    0x080087d2   Section        0  _printf_str.o(.text)
    .text                                    0x08008824   Section        0  _printf_hex_int.o(.text)
    .text                                    0x0800887c   Section        0  __printf_wp.o(.text)
    .text                                    0x0800898a   Section        0  strstr.o(.text)
    .text                                    0x080089ae   Section        0  strcpy.o(.text)
    .text                                    0x080089f6   Section        0  strlen.o(.text)
    .text                                    0x08008a34   Section        0  heapauxi.o(.text)
    .text                                    0x08008a3a   Section        2  use_no_semi.o(.text)
    .text                                    0x08008a3c   Section        0  _printf_intcommon.o(.text)
    .text                                    0x08008aee   Section        0  _printf_fp_dec.o(.text)
    _fp_digits                               0x08008af1   Thumb Code   432  _printf_fp_dec.o(.text)
    .text                                    0x08008f0c   Section        0  _printf_char_common.o(.text)
    _printf_input_char                       0x08008f0d   Thumb Code    10  _printf_char_common.o(.text)
    .text                                    0x08008f3c   Section        0  _sputc.o(.text)
    .text                                    0x08008f46   Section        0  _printf_char.o(.text)
    .text                                    0x08008f74   Section        0  _printf_char_file.o(.text)
    .text                                    0x08008f98   Section        8  rt_locale_intlibspace.o(.text)
    .text                                    0x08008fa0   Section      138  lludiv10.o(.text)
    .text                                    0x0800902c   Section        0  _printf_fp_infnan.o(.text)
    .text                                    0x080090ac   Section        0  bigflt0.o(.text)
    .text                                    0x08009190   Section        0  ferror.o(.text)
    .text                                    0x08009198   Section        8  libspace.o(.text)
    .text                                    0x080091a0   Section       74  sys_stackheap_outer.o(.text)
    .text                                    0x080091ea   Section        0  exit.o(.text)
    .text                                    0x080091fc   Section      128  strcmpv7m.o(.text)
    CL$$btod_d2e                             0x0800927c   Section       62  btod.o(CL$$btod_d2e)
    CL$$btod_d2e_denorm_low                  0x080092ba   Section       70  btod.o(CL$$btod_d2e_denorm_low)
    CL$$btod_d2e_norm_op1                    0x08009300   Section       96  btod.o(CL$$btod_d2e_norm_op1)
    CL$$btod_div_common                      0x08009360   Section      824  btod.o(CL$$btod_div_common)
    CL$$btod_e2e                             0x08009698   Section      220  btod.o(CL$$btod_e2e)
    CL$$btod_ediv                            0x08009774   Section       42  btod.o(CL$$btod_ediv)
    CL$$btod_emul                            0x0800979e   Section       42  btod.o(CL$$btod_emul)
    CL$$btod_mult_common                     0x080097c8   Section      580  btod.o(CL$$btod_mult_common)
    i.__ARM_fpclassify                       0x08009a0c   Section        0  fpclassify.o(i.__ARM_fpclassify)
    i._is_digit                              0x08009a3c   Section        0  __printf_wp.o(i._is_digit)
    locale$$code                             0x08009a4c   Section       44  lc_numeric_c.o(locale$$code)
    x$fpl$d2f                                0x08009a78   Section       98  d2f.o(x$fpl$d2f)
    $v0                                      0x08009a78   Number         0  d2f.o(x$fpl$d2f)
    x$fpl$ddiv                               0x08009adc   Section      688  ddiv.o(x$fpl$ddiv)
    $v0                                      0x08009adc   Number         0  ddiv.o(x$fpl$ddiv)
    ddiv_entry                               0x08009ae3   Thumb Code     0  ddiv.o(x$fpl$ddiv)
    x$fpl$dfixu                              0x08009d8c   Section       90  dfixu.o(x$fpl$dfixu)
    $v0                                      0x08009d8c   Number         0  dfixu.o(x$fpl$dfixu)
    x$fpl$dfltu                              0x08009de6   Section       38  dflt_clz.o(x$fpl$dfltu)
    $v0                                      0x08009de6   Number         0  dflt_clz.o(x$fpl$dfltu)
    x$fpl$dmul                               0x08009e0c   Section      340  dmul.o(x$fpl$dmul)
    $v0                                      0x08009e0c   Number         0  dmul.o(x$fpl$dmul)
    x$fpl$dnaninf                            0x08009f60   Section      156  dnaninf.o(x$fpl$dnaninf)
    $v0                                      0x08009f60   Number         0  dnaninf.o(x$fpl$dnaninf)
    x$fpl$dretinf                            0x08009ffc   Section       12  dretinf.o(x$fpl$dretinf)
    $v0                                      0x08009ffc   Number         0  dretinf.o(x$fpl$dretinf)
    x$fpl$f2d                                0x0800a008   Section       86  f2d.o(x$fpl$f2d)
    $v0                                      0x0800a008   Number         0  f2d.o(x$fpl$f2d)
    x$fpl$fnaninf                            0x0800a05e   Section      140  fnaninf.o(x$fpl$fnaninf)
    $v0                                      0x0800a05e   Number         0  fnaninf.o(x$fpl$fnaninf)
    x$fpl$fpinit                             0x0800a0ea   Section       10  fpinit.o(x$fpl$fpinit)
    $v0                                      0x0800a0ea   Number         0  fpinit.o(x$fpl$fpinit)
    x$fpl$fretinf                            0x0800a0f4   Section       10  fretinf.o(x$fpl$fretinf)
    $v0                                      0x0800a0f4   Number         0  fretinf.o(x$fpl$fretinf)
    x$fpl$printf1                            0x0800a0fe   Section        4  printf1.o(x$fpl$printf1)
    $v0                                      0x0800a0fe   Number         0  printf1.o(x$fpl$printf1)
    .constdata                               0x0800a102   Section     6080  lcd.o(.constdata)
    x$fpl$usenofp                            0x0800a102   Section        0  usenofp.o(x$fpl$usenofp)
    .constdata                               0x0800b8c4   Section       28  stm32f4xx_fsmc.o(.constdata)
    .constdata                               0x0800b8e0   Section       40  _printf_hex_int.o(.constdata)
    uc_hextab                                0x0800b8e0   Data          20  _printf_hex_int.o(.constdata)
    lc_hextab                                0x0800b8f4   Data          20  _printf_hex_int.o(.constdata)
    .constdata                               0x0800b908   Section      148  bigflt0.o(.constdata)
    tenpwrs_x                                0x0800b908   Data          60  bigflt0.o(.constdata)
    tenpwrs_i                                0x0800b944   Data          64  bigflt0.o(.constdata)
    .conststring                             0x0800b99c   Section       65  main.o(.conststring)
    locale$$data                             0x0800ba00   Section       28  lc_numeric_c.o(locale$$data)
    __lcnum_c_name                           0x0800ba04   Data           2  lc_numeric_c.o(locale$$data)
    __lcnum_c_start                          0x0800ba0c   Data           0  lc_numeric_c.o(locale$$data)
    __lcnum_c_point                          0x0800ba18   Data           0  lc_numeric_c.o(locale$$data)
    __lcnum_c_thousands                      0x0800ba1a   Data           0  lc_numeric_c.o(locale$$data)
    __lcnum_c_grouping                       0x0800ba1b   Data           0  lc_numeric_c.o(locale$$data)
    __lcnum_c_end                            0x0800ba1c   Data           0  lc_numeric_c.o(locale$$data)
    .data                                    0x20000000   Section        1  main.o(.data)
    .data                                    0x20000004   Section       20  system_stm32f4xx.o(.data)
    .data                                    0x20000018   Section        4  lcd.o(.data)
    .data                                    0x2000001c   Section        8  bh1750.o(.data)
    .data                                    0x20000024   Section        2  usart2.o(.data)
    .data                                    0x20000026   Section        4  delay.o(.data)
    fac_us                                   0x20000026   Data           1  delay.o(.data)
    fac_ms                                   0x20000028   Data           2  delay.o(.data)
    .data                                    0x2000002c   Section        6  usart.o(.data)
    .data                                    0x20000032   Section       16  stm32f4xx_rcc.o(.data)
    APBAHBPrescTable                         0x20000032   Data          16  stm32f4xx_rcc.o(.data)
    .bss                                     0x20000044   Section      400  main.o(.bss)
    .bss                                     0x200001d4   Section       14  lcd.o(.bss)
    .bss                                     0x200001e8   Section     6456  usart2.o(.bss)
    .bss                                     0x20001b20   Section      200  usart.o(.bss)
    .bss                                     0x20001be8   Section       96  libspace.o(.bss)
    HEAP                                     0x20001c48   Section      512  startup_stm32f40_41xxx.o(HEAP)
    Heap_Mem                                 0x20001c48   Data         512  startup_stm32f40_41xxx.o(HEAP)
    STACK                                    0x20001e48   Section     1024  startup_stm32f40_41xxx.o(STACK)
    Stack_Mem                                0x20001e48   Data        1024  startup_stm32f40_41xxx.o(STACK)
    __initial_sp                             0x20002248   Data           0  startup_stm32f40_41xxx.o(STACK)

    Global Symbols

    Symbol Name                              Value     Ov Type        Size  Object(Section)

    BuildAttributes$$THM_ISAv4$E$P$D$K$B$S$7EM$VFPi3$EXTD16$VFPS$VFMA$PE$A:L22UL41UL21$X:L11$S22US41US21$IEEE1$IW$USESV6$~STKCKD$USESV7$~SHL$OTIME$ROPI$IEEEJ$EBA8$UX$STANDARDLIB$REQ8$PRES8$EABIv2 0x00000000   Number         0  anon$$obj.o ABSOLUTE
    __ARM_use_no_argv                        0x00000000   Number         0  main.o ABSOLUTE
    _printf_flags                            0x00000000   Number         0  printf_stubs.o ABSOLUTE
    _printf_return_value                     0x00000000   Number         0  printf_stubs.o ABSOLUTE
    _printf_sizespec                         0x00000000   Number         0  printf_stubs.o ABSOLUTE
    _printf_widthprec                        0x00000000   Number         0  printf_stubs.o ABSOLUTE
    __ARM_exceptions_init                     - Undefined Weak Reference
    __alloca_initialize                       - Undefined Weak Reference
    __arm_preinit_                            - Undefined Weak Reference
    __cpp_initialize__aeabi_                  - Undefined Weak Reference
    __cxa_finalize                            - Undefined Weak Reference
    __sigvec_lookup                           - Undefined Weak Reference
    _atexit_init                              - Undefined Weak Reference
    _call_atexit_fns                          - Undefined Weak Reference
    _clock_init                               - Undefined Weak Reference
    _fp_trap_init                             - Undefined Weak Reference
    _fp_trap_shutdown                         - Undefined Weak Reference
    _get_lc_collate                           - Undefined Weak Reference
    _get_lc_ctype                             - Undefined Weak Reference
    _get_lc_monetary                          - Undefined Weak Reference
    _get_lc_time                              - Undefined Weak Reference
    _getenv_init                              - Undefined Weak Reference
    _handle_redirection                       - Undefined Weak Reference
    _init_alloc                               - Undefined Weak Reference
    _init_user_alloc                          - Undefined Weak Reference
    _initio                                   - Undefined Weak Reference
    _mutex_acquire                            - Undefined Weak Reference
    _mutex_release                            - Undefined Weak Reference
    _printf_mbtowc                            - Undefined Weak Reference
    _printf_truncate_unsigned                 - Undefined Weak Reference
    _rand_init                                - Undefined Weak Reference
    _signal_finish                            - Undefined Weak Reference
    _signal_init                              - Undefined Weak Reference
    _terminate_alloc                          - Undefined Weak Reference
    _terminate_user_alloc                     - Undefined Weak Reference
    _terminateio                              - Undefined Weak Reference
    __Vectors_Size                           0x00000188   Number         0  startup_stm32f40_41xxx.o ABSOLUTE
    __Vectors                                0x08000000   Data           4  startup_stm32f40_41xxx.o(RESET)
    __Vectors_End                            0x08000188   Data           0  startup_stm32f40_41xxx.o(RESET)
    __main                                   0x08000189   Thumb Code     8  __main.o(!!!main)
    __scatterload                            0x08000191   Thumb Code     0  __scatter.o(!!!scatter)
    __scatterload_rt2                        0x08000191   Thumb Code    44  __scatter.o(!!!scatter)
    __scatterload_rt2_thumb_only             0x08000191   Thumb Code     0  __scatter.o(!!!scatter)
    __scatterload_null                       0x0800019f   Thumb Code     0  __scatter.o(!!!scatter)
    __scatterload_copy                       0x080001c5   Thumb Code    26  __scatter_copy.o(!!handler_copy)
    __scatterload_zeroinit                   0x080001e1   Thumb Code    28  __scatter_zi.o(!!handler_zi)
    _printf_f                                0x080001fd   Thumb Code     0  _printf_f.o(.ARM.Collect$$_printf_percent$$00000003)
    _printf_percent                          0x080001fd   Thumb Code     0  _printf_percent.o(.ARM.Collect$$_printf_percent$$00000000)
    _printf_x                                0x08000203   Thumb Code     0  _printf_x.o(.ARM.Collect$$_printf_percent$$0000000C)
    _printf_s                                0x08000209   Thumb Code     0  _printf_s.o(.ARM.Collect$$_printf_percent$$00000014)
    _printf_percent_end                      0x0800020f   Thumb Code     0  _printf_percent_end.o(.ARM.Collect$$_printf_percent$$00000017)
    __rt_lib_init                            0x08000213   Thumb Code     0  libinit.o(.ARM.Collect$$libinit$$00000000)
    __rt_lib_init_fp_1                       0x08000215   Thumb Code     0  libinit2.o(.ARM.Collect$$libinit$$00000001)
    __rt_lib_init_heap_1                     0x08000219   Thumb Code     0  libinit2.o(.ARM.Collect$$libinit$$0000000A)
    __rt_lib_init_lc_common                  0x08000219   Thumb Code     0  libinit2.o(.ARM.Collect$$libinit$$0000000F)
    __rt_lib_init_preinit_1                  0x08000219   Thumb Code     0  libinit2.o(.ARM.Collect$$libinit$$00000004)
    __rt_lib_init_rand_1                     0x08000219   Thumb Code     0  libinit2.o(.ARM.Collect$$libinit$$0000000E)
    __rt_lib_init_user_alloc_1               0x08000219   Thumb Code     0  libinit2.o(.ARM.Collect$$libinit$$0000000C)
    __rt_lib_init_lc_collate_1               0x0800021f   Thumb Code     0  libinit2.o(.ARM.Collect$$libinit$$00000011)
    __rt_lib_init_lc_ctype_1                 0x0800021f   Thumb Code     0  libinit2.o(.ARM.Collect$$libinit$$00000013)
    __rt_lib_init_lc_monetary_1              0x0800021f   Thumb Code     0  libinit2.o(.ARM.Collect$$libinit$$00000015)
    __rt_lib_init_lc_numeric_2               0x0800021f   Thumb Code     0  libinit2.o(.ARM.Collect$$libinit$$00000016)
    __rt_lib_init_alloca_1                   0x08000229   Thumb Code     0  libinit2.o(.ARM.Collect$$libinit$$0000002E)
    __rt_lib_init_argv_1                     0x08000229   Thumb Code     0  libinit2.o(.ARM.Collect$$libinit$$0000002C)
    __rt_lib_init_atexit_1                   0x08000229   Thumb Code     0  libinit2.o(.ARM.Collect$$libinit$$0000001B)
    __rt_lib_init_clock_1                    0x08000229   Thumb Code     0  libinit2.o(.ARM.Collect$$libinit$$00000021)
    __rt_lib_init_cpp_1                      0x08000229   Thumb Code     0  libinit2.o(.ARM.Collect$$libinit$$00000032)
    __rt_lib_init_exceptions_1               0x08000229   Thumb Code     0  libinit2.o(.ARM.Collect$$libinit$$00000030)
    __rt_lib_init_fp_trap_1                  0x08000229   Thumb Code     0  libinit2.o(.ARM.Collect$$libinit$$0000001F)
    __rt_lib_init_getenv_1                   0x08000229   Thumb Code     0  libinit2.o(.ARM.Collect$$libinit$$00000023)
    __rt_lib_init_lc_numeric_1               0x08000229   Thumb Code     0  libinit2.o(.ARM.Collect$$libinit$$00000017)
    __rt_lib_init_lc_time_1                  0x08000229   Thumb Code     0  libinit2.o(.ARM.Collect$$libinit$$00000019)
    __rt_lib_init_return                     0x08000229   Thumb Code     0  libinit2.o(.ARM.Collect$$libinit$$00000033)
    __rt_lib_init_signal_1                   0x08000229   Thumb Code     0  libinit2.o(.ARM.Collect$$libinit$$0000001D)
    __rt_lib_init_stdio_1                    0x08000229   Thumb Code     0  libinit2.o(.ARM.Collect$$libinit$$00000025)
    __rt_lib_shutdown                        0x0800022b   Thumb Code     0  libshutdown.o(.ARM.Collect$$libshutdown$$00000000)
    __rt_lib_shutdown_cpp_1                  0x0800022d   Thumb Code     0  libshutdown2.o(.ARM.Collect$$libshutdown$$00000002)
    __rt_lib_shutdown_fp_trap_1              0x0800022d   Thumb Code     0  libshutdown2.o(.ARM.Collect$$libshutdown$$00000007)
    __rt_lib_shutdown_heap_1                 0x0800022d   Thumb Code     0  libshutdown2.o(.ARM.Collect$$libshutdown$$0000000F)
    __rt_lib_shutdown_return                 0x0800022d   Thumb Code     0  libshutdown2.o(.ARM.Collect$$libshutdown$$00000010)
    __rt_lib_shutdown_signal_1               0x0800022d   Thumb Code     0  libshutdown2.o(.ARM.Collect$$libshutdown$$0000000A)
    __rt_lib_shutdown_stdio_1                0x0800022d   Thumb Code     0  libshutdown2.o(.ARM.Collect$$libshutdown$$00000004)
    __rt_lib_shutdown_user_alloc_1           0x0800022d   Thumb Code     0  libshutdown2.o(.ARM.Collect$$libshutdown$$0000000C)
    __rt_entry                               0x0800022f   Thumb Code     0  __rtentry.o(.ARM.Collect$$rtentry$$00000000)
    __rt_entry_presh_1                       0x0800022f   Thumb Code     0  __rtentry2.o(.ARM.Collect$$rtentry$$00000002)
    __rt_entry_sh                            0x0800022f   Thumb Code     0  __rtentry4.o(.ARM.Collect$$rtentry$$00000004)
    __rt_entry_li                            0x08000235   Thumb Code     0  __rtentry2.o(.ARM.Collect$$rtentry$$0000000A)
    __rt_entry_postsh_1                      0x08000235   Thumb Code     0  __rtentry2.o(.ARM.Collect$$rtentry$$00000009)
    __rt_entry_main                          0x08000239   Thumb Code     0  __rtentry2.o(.ARM.Collect$$rtentry$$0000000D)
    __rt_entry_postli_1                      0x08000239   Thumb Code     0  __rtentry2.o(.ARM.Collect$$rtentry$$0000000C)
    __rt_exit                                0x08000241   Thumb Code     0  rtexit.o(.ARM.Collect$$rtexit$$00000000)
    __rt_exit_ls                             0x08000243   Thumb Code     0  rtexit2.o(.ARM.Collect$$rtexit$$00000003)
    __rt_exit_prels_1                        0x08000243   Thumb Code     0  rtexit2.o(.ARM.Collect$$rtexit$$00000002)
    __rt_exit_exit                           0x08000247   Thumb Code     0  rtexit2.o(.ARM.Collect$$rtexit$$00000004)
    M5311_analysis                           0x0800024d   Thumb Code    98  main.o(.text)
    main                                     0x080002af   Thumb Code   494  main.o(.text)
    NMI_Handler                              0x08000609   Thumb Code     2  stm32f4xx_it.o(.text)
    HardFault_Handler                        0x0800060b   Thumb Code     4  stm32f4xx_it.o(.text)
    MemManage_Handler                        0x0800060f   Thumb Code     4  stm32f4xx_it.o(.text)
    BusFault_Handler                         0x08000613   Thumb Code     4  stm32f4xx_it.o(.text)
    UsageFault_Handler                       0x08000617   Thumb Code     4  stm32f4xx_it.o(.text)
    SVC_Handler                              0x0800061b   Thumb Code     2  stm32f4xx_it.o(.text)
    DebugMon_Handler                         0x0800061d   Thumb Code     2  stm32f4xx_it.o(.text)
    PendSV_Handler                           0x0800061f   Thumb Code     2  stm32f4xx_it.o(.text)
    SysTick_Handler                          0x08000621   Thumb Code     2  stm32f4xx_it.o(.text)
    SystemInit                               0x08000701   Thumb Code    88  system_stm32f4xx.o(.text)
    SystemCoreClockUpdate                    0x08000759   Thumb Code   174  system_stm32f4xx.o(.text)
    LED_Init                                 0x08000835   Thumb Code    60  led.o(.text)
    LCD_WR_REG                               0x08000875   Thumb Code    18  lcd.o(.text)
    LCD_WR_DATA                              0x08000887   Thumb Code    20  lcd.o(.text)
    LCD_RD_DATA                              0x0800089b   Thumb Code    16  lcd.o(.text)
    LCD_WriteReg                             0x080008ab   Thumb Code    14  lcd.o(.text)
    LCD_ReadReg                              0x080008b9   Thumb Code    22  lcd.o(.text)
    LCD_WriteRAM_Prepare                     0x080008cf   Thumb Code    10  lcd.o(.text)
    LCD_WriteRAM                             0x080008d9   Thumb Code     8  lcd.o(.text)
    LCD_BGR2RGB                              0x080008e1   Thumb Code    26  lcd.o(.text)
    opt_delay                                0x080008fb   Thumb Code    14  lcd.o(.text)
    LCD_SetCursor                            0x08000909   Thumb Code   418  lcd.o(.text)
    LCD_ReadPoint                            0x08000aab   Thumb Code   360  lcd.o(.text)
    LCD_DisplayOn                            0x08000c13   Thumb Code   102  lcd.o(.text)
    LCD_DisplayOff                           0x08000c79   Thumb Code    90  lcd.o(.text)
    LCD_Scan_Dir                             0x08000cd3   Thumb Code   744  lcd.o(.text)
    LCD_DrawPoint                            0x08000fbb   Thumb Code    28  lcd.o(.text)
    LCD_Fast_DrawPoint                       0x08000fd7   Thumb Code   388  lcd.o(.text)
    LCD_SSD_BackLightSet                     0x0800115b   Thumb Code    88  lcd.o(.text)
    LCD_Display_Dir                          0x080011b3   Thumb Code   444  lcd.o(.text)
    LCD_Set_Window                           0x0800136f   Thumb Code   546  lcd.o(.text)
    LCD_Clear                                0x08001591   Thumb Code   100  lcd.o(.text)
    LCD_Init                                 0x080015f5   Thumb Code 14696  lcd.o(.text)
    LCD_Fill                                 0x08004f5d   Thumb Code   180  lcd.o(.text)
    LCD_Color_Fill                           0x08005011   Thumb Code   100  lcd.o(.text)
    LCD_DrawLine                             0x08005075   Thumb Code   176  lcd.o(.text)
    LCD_DrawRectangle                        0x08005125   Thumb Code    60  lcd.o(.text)
    LCD_Draw_Circle                          0x08005161   Thumb Code   152  lcd.o(.text)
    LCD_ShowChar                             0x080051f9   Thumb Code   272  lcd.o(.text)
    LCD_Pow                                  0x08005309   Thumb Code    22  lcd.o(.text)
    LCD_ShowNum                              0x0800531f   Thumb Code   148  lcd.o(.text)
    LCD_ShowxNum                             0x080053b3   Thumb Code   220  lcd.o(.text)
    LCD_ShowString                           0x0800548f   Thumb Code   102  lcd.o(.text)
    BH1750_Init                              0x080054f5   Thumb Code     8  bh1750.o(.text)
    BH1750_data_send                         0x080054fd   Thumb Code    52  bh1750.o(.text)
    Start_BH1750                             0x08005531   Thumb Code    22  bh1750.o(.text)
    Read_BH1750                              0x08005547   Thumb Code    54  bh1750.o(.text)
    Convert_BH1750                           0x0800557d   Thumb Code    70  bh1750.o(.text)
    IIC_Init                                 0x080055d9   Thumb Code    62  iic.o(.text)
    IIC_Start                                0x08005617   Thumb Code    68  iic.o(.text)
    IIC_Stop                                 0x0800565b   Thumb Code    62  iic.o(.text)
    IIC_Wait_Ack                             0x08005699   Thumb Code    82  iic.o(.text)
    IIC_Ack                                  0x080056eb   Thumb Code    66  iic.o(.text)
    IIC_NAck                                 0x0800572d   Thumb Code    66  iic.o(.text)
    IIC_Send_Byte                            0x0800576f   Thumb Code    90  iic.o(.text)
    IIC_Read_Byte                            0x080057c9   Thumb Code    94  iic.o(.text)
    m5311_check_cmd                          0x08005835   Thumb Code    52  m5311.o(.text)
    m5311_send_cmd                           0x08005869   Thumb Code   100  m5311.o(.text)
    init_m5311                               0x080058cd   Thumb Code   214  m5311.o(.text)
    TIM4_Set                                 0x08005bcd   Thumb Code    34  usart2.o(.text)
    USART2_IRQHandler                        0x08005bef   Thumb Code    84  usart2.o(.text)
    UART_DMA_Config                          0x08005c43   Thumb Code   166  usart2.o(.text)
    TIM4_Init                                0x08005ce9   Thumb Code    80  usart2.o(.text)
    USART2_Init                              0x08005d39   Thumb Code   228  usart2.o(.text)
    TIM4_IRQHandler                          0x08005e1d   Thumb Code    40  usart2.o(.text)
    UART_DMA_Enable                          0x08005e45   Thumb Code    44  usart2.o(.text)
    uart2_send_char                          0x08005e71   Thumb Code    28  usart2.o(.text)
    uart2_send_buff                          0x08005e8d   Thumb Code    36  usart2.o(.text)
    DHT11_Rst                                0x08005ed1   Thumb Code    52  dht11.o(.text)
    DHT11_Check                              0x08005f05   Thumb Code    92  dht11.o(.text)
    DHT11_Read_Bit                           0x08005f61   Thumb Code    76  dht11.o(.text)
    DHT11_Read_Byte                          0x08005fad   Thumb Code    30  dht11.o(.text)
    DHT11_Read_Data                          0x08005fcb   Thumb Code   108  dht11.o(.text)
    DHT11_Init                               0x08006037   Thumb Code    58  dht11.o(.text)
    delay_init                               0x0800607d   Thumb Code    52  delay.o(.text)
    delay_us                                 0x080060b1   Thumb Code    72  delay.o(.text)
    delay_xms                                0x080060f9   Thumb Code    72  delay.o(.text)
    delay_ms                                 0x08006141   Thumb Code    56  delay.o(.text)
    _sys_exit                                0x08006181   Thumb Code     6  usart.o(.text)
    fputc                                    0x08006187   Thumb Code    22  usart.o(.text)
    uart_init                                0x0800619d   Thumb Code   164  usart.o(.text)
    USART1_IRQHandler                        0x08006241   Thumb Code   122  usart.o(.text)
    Reset_Handler                            0x080062cd   Thumb Code     8  startup_stm32f40_41xxx.o(.text)
    ADC_IRQHandler                           0x080062e7   Thumb Code     0  startup_stm32f40_41xxx.o(.text)
    CAN1_RX0_IRQHandler                      0x080062e7   Thumb Code     0  startup_stm32f40_41xxx.o(.text)
    CAN1_RX1_IRQHandler                      0x080062e7   Thumb Code     0  startup_stm32f40_41xxx.o(.text)
    CAN1_SCE_IRQHandler                      0x080062e7   Thumb Code     0  startup_stm32f40_41xxx.o(.text)
    CAN1_TX_IRQHandler                       0x080062e7   Thumb Code     0  startup_stm32f40_41xxx.o(.text)
    CAN2_RX0_IRQHandler                      0x080062e7   Thumb Code     0  startup_stm32f40_41xxx.o(.text)
    CAN2_RX1_IRQHandler                      0x080062e7   Thumb Code     0  startup_stm32f40_41xxx.o(.text)
    CAN2_SCE_IRQHandler                      0x080062e7   Thumb Code     0  startup_stm32f40_41xxx.o(.text)
    CAN2_TX_IRQHandler                       0x080062e7   Thumb Code     0  startup_stm32f40_41xxx.o(.text)
    CRYP_IRQHandler                          0x080062e7   Thumb Code     0  startup_stm32f40_41xxx.o(.text)
    DCMI_IRQHandler                          0x080062e7   Thumb Code     0  startup_stm32f40_41xxx.o(.text)
    DMA1_Stream0_IRQHandler                  0x080062e7   Thumb Code     0  startup_stm32f40_41xxx.o(.text)
    DMA1_Stream1_IRQHandler                  0x080062e7   Thumb Code     0  startup_stm32f40_41xxx.o(.text)
    DMA1_Stream2_IRQHandler                  0x080062e7   Thumb Code     0  startup_stm32f40_41xxx.o(.text)
    DMA1_Stream3_IRQHandler                  0x080062e7   Thumb Code     0  startup_stm32f40_41xxx.o(.text)
    DMA1_Stream4_IRQHandler                  0x080062e7   Thumb Code     0  startup_stm32f40_41xxx.o(.text)
    DMA1_Stream5_IRQHandler                  0x080062e7   Thumb Code     0  startup_stm32f40_41xxx.o(.text)
    DMA1_Stream6_IRQHandler                  0x080062e7   Thumb Code     0  startup_stm32f40_41xxx.o(.text)
    DMA1_Stream7_IRQHandler                  0x080062e7   Thumb Code     0  startup_stm32f40_41xxx.o(.text)
    DMA2_Stream0_IRQHandler                  0x080062e7   Thumb Code     0  startup_stm32f40_41xxx.o(.text)
    DMA2_Stream1_IRQHandler                  0x080062e7   Thumb Code     0  startup_stm32f40_41xxx.o(.text)
    DMA2_Stream2_IRQHandler                  0x080062e7   Thumb Code     0  startup_stm32f40_41xxx.o(.text)
    DMA2_Stream3_IRQHandler                  0x080062e7   Thumb Code     0  startup_stm32f40_41xxx.o(.text)
    DMA2_Stream4_IRQHandler                  0x080062e7   Thumb Code     0  startup_stm32f40_41xxx.o(.text)
    DMA2_Stream5_IRQHandler                  0x080062e7   Thumb Code     0  startup_stm32f40_41xxx.o(.text)
    DMA2_Stream6_IRQHandler                  0x080062e7   Thumb Code     0  startup_stm32f40_41xxx.o(.text)
    DMA2_Stream7_IRQHandler                  0x080062e7   Thumb Code     0  startup_stm32f40_41xxx.o(.text)
    ETH_IRQHandler                           0x080062e7   Thumb Code     0  startup_stm32f40_41xxx.o(.text)
    ETH_WKUP_IRQHandler                      0x080062e7   Thumb Code     0  startup_stm32f40_41xxx.o(.text)
    EXTI0_IRQHandler                         0x080062e7   Thumb Code     0  startup_stm32f40_41xxx.o(.text)
    EXTI15_10_IRQHandler                     0x080062e7   Thumb Code     0  startup_stm32f40_41xxx.o(.text)
    EXTI1_IRQHandler                         0x080062e7   Thumb Code     0  startup_stm32f40_41xxx.o(.text)
    EXTI2_IRQHandler                         0x080062e7   Thumb Code     0  startup_stm32f40_41xxx.o(.text)
    EXTI3_IRQHandler                         0x080062e7   Thumb Code     0  startup_stm32f40_41xxx.o(.text)
    EXTI4_IRQHandler                         0x080062e7   Thumb Code     0  startup_stm32f40_41xxx.o(.text)
    EXTI9_5_IRQHandler                       0x080062e7   Thumb Code     0  startup_stm32f40_41xxx.o(.text)
    FLASH_IRQHandler                         0x080062e7   Thumb Code     0  startup_stm32f40_41xxx.o(.text)
    FPU_IRQHandler                           0x080062e7   Thumb Code     0  startup_stm32f40_41xxx.o(.text)
    FSMC_IRQHandler                          0x080062e7   Thumb Code     0  startup_stm32f40_41xxx.o(.text)
    HASH_RNG_IRQHandler                      0x080062e7   Thumb Code     0  startup_stm32f40_41xxx.o(.text)
    I2C1_ER_IRQHandler                       0x080062e7   Thumb Code     0  startup_stm32f40_41xxx.o(.text)
    I2C1_EV_IRQHandler                       0x080062e7   Thumb Code     0  startup_stm32f40_41xxx.o(.text)
    I2C2_ER_IRQHandler                       0x080062e7   Thumb Code     0  startup_stm32f40_41xxx.o(.text)
    I2C2_EV_IRQHandler                       0x080062e7   Thumb Code     0  startup_stm32f40_41xxx.o(.text)
    I2C3_ER_IRQHandler                       0x080062e7   Thumb Code     0  startup_stm32f40_41xxx.o(.text)
    I2C3_EV_IRQHandler                       0x080062e7   Thumb Code     0  startup_stm32f40_41xxx.o(.text)
    OTG_FS_IRQHandler                        0x080062e7   Thumb Code     0  startup_stm32f40_41xxx.o(.text)
    OTG_FS_WKUP_IRQHandler                   0x080062e7   Thumb Code     0  startup_stm32f40_41xxx.o(.text)
    OTG_HS_EP1_IN_IRQHandler                 0x080062e7   Thumb Code     0  startup_stm32f40_41xxx.o(.text)
    OTG_HS_EP1_OUT_IRQHandler                0x080062e7   Thumb Code     0  startup_stm32f40_41xxx.o(.text)
    OTG_HS_IRQHandler                        0x080062e7   Thumb Code     0  startup_stm32f40_41xxx.o(.text)
    OTG_HS_WKUP_IRQHandler                   0x080062e7   Thumb Code     0  startup_stm32f40_41xxx.o(.text)
    PVD_IRQHandler                           0x080062e7   Thumb Code     0  startup_stm32f40_41xxx.o(.text)
    RCC_IRQHandler                           0x080062e7   Thumb Code     0  startup_stm32f40_41xxx.o(.text)
    RTC_Alarm_IRQHandler                     0x080062e7   Thumb Code     0  startup_stm32f40_41xxx.o(.text)
    RTC_WKUP_IRQHandler                      0x080062e7   Thumb Code     0  startup_stm32f40_41xxx.o(.text)
    SDIO_IRQHandler                          0x080062e7   Thumb Code     0  startup_stm32f40_41xxx.o(.text)
    SPI1_IRQHandler                          0x080062e7   Thumb Code     0  startup_stm32f40_41xxx.o(.text)
    SPI2_IRQHandler                          0x080062e7   Thumb Code     0  startup_stm32f40_41xxx.o(.text)
    SPI3_IRQHandler                          0x080062e7   Thumb Code     0  startup_stm32f40_41xxx.o(.text)
    TAMP_STAMP_IRQHandler                    0x080062e7   Thumb Code     0  startup_stm32f40_41xxx.o(.text)
    TIM1_BRK_TIM9_IRQHandler                 0x080062e7   Thumb Code     0  startup_stm32f40_41xxx.o(.text)
    TIM1_CC_IRQHandler                       0x080062e7   Thumb Code     0  startup_stm32f40_41xxx.o(.text)
    TIM1_TRG_COM_TIM11_IRQHandler            0x080062e7   Thumb Code     0  startup_stm32f40_41xxx.o(.text)
    TIM1_UP_TIM10_IRQHandler                 0x080062e7   Thumb Code     0  startup_stm32f40_41xxx.o(.text)
    TIM2_IRQHandler                          0x080062e7   Thumb Code     0  startup_stm32f40_41xxx.o(.text)
    TIM3_IRQHandler                          0x080062e7   Thumb Code     0  startup_stm32f40_41xxx.o(.text)
    TIM5_IRQHandler                          0x080062e7   Thumb Code     0  startup_stm32f40_41xxx.o(.text)
    TIM6_DAC_IRQHandler                      0x080062e7   Thumb Code     0  startup_stm32f40_41xxx.o(.text)
    TIM7_IRQHandler                          0x080062e7   Thumb Code     0  startup_stm32f40_41xxx.o(.text)
    TIM8_BRK_TIM12_IRQHandler                0x080062e7   Thumb Code     0  startup_stm32f40_41xxx.o(.text)
    TIM8_CC_IRQHandler                       0x080062e7   Thumb Code     0  startup_stm32f40_41xxx.o(.text)
    TIM8_TRG_COM_TIM14_IRQHandler            0x080062e7   Thumb Code     0  startup_stm32f40_41xxx.o(.text)
    TIM8_UP_TIM13_IRQHandler                 0x080062e7   Thumb Code     0  startup_stm32f40_41xxx.o(.text)
    UART4_IRQHandler                         0x080062e7   Thumb Code     0  startup_stm32f40_41xxx.o(.text)
    UART5_IRQHandler                         0x080062e7   Thumb Code     0  startup_stm32f40_41xxx.o(.text)
    USART3_IRQHandler                        0x080062e7   Thumb Code     0  startup_stm32f40_41xxx.o(.text)
    USART6_IRQHandler                        0x080062e7   Thumb Code     0  startup_stm32f40_41xxx.o(.text)
    WWDG_IRQHandler                          0x080062e7   Thumb Code     0  startup_stm32f40_41xxx.o(.text)
    __user_initial_stackheap                 0x080062e9   Thumb Code     0  startup_stm32f40_41xxx.o(.text)
    NVIC_PriorityGroupConfig                 0x0800630d   Thumb Code    10  misc.o(.text)
    NVIC_Init                                0x08006317   Thumb Code   106  misc.o(.text)
    NVIC_SetVectorTable                      0x08006381   Thumb Code    14  misc.o(.text)
    NVIC_SystemLPConfig                      0x0800638f   Thumb Code    34  misc.o(.text)
    SysTick_CLKSourceConfig                  0x080063b1   Thumb Code    40  misc.o(.text)
    GPIO_DeInit                              0x080063ed   Thumb Code   268  stm32f4xx_gpio.o(.text)
    GPIO_Init                                0x080064f9   Thumb Code   144  stm32f4xx_gpio.o(.text)
    GPIO_StructInit                          0x08006589   Thumb Code    18  stm32f4xx_gpio.o(.text)
    GPIO_PinLockConfig                       0x0800659b   Thumb Code    34  stm32f4xx_gpio.o(.text)
    GPIO_ReadInputDataBit                    0x080065bd   Thumb Code    18  stm32f4xx_gpio.o(.text)
    GPIO_ReadInputData                       0x080065cf   Thumb Code     8  stm32f4xx_gpio.o(.text)
    GPIO_ReadOutputDataBit                   0x080065d7   Thumb Code    18  stm32f4xx_gpio.o(.text)
    GPIO_ReadOutputData                      0x080065e9   Thumb Code     8  stm32f4xx_gpio.o(.text)
    GPIO_SetBits                             0x080065f1   Thumb Code     4  stm32f4xx_gpio.o(.text)
    GPIO_ResetBits                           0x080065f5   Thumb Code     4  stm32f4xx_gpio.o(.text)
    GPIO_WriteBit                            0x080065f9   Thumb Code    10  stm32f4xx_gpio.o(.text)
    GPIO_Write                               0x08006603   Thumb Code     4  stm32f4xx_gpio.o(.text)
    GPIO_ToggleBits                          0x08006607   Thumb Code     8  stm32f4xx_gpio.o(.text)
    GPIO_PinAFConfig                         0x0800660f   Thumb Code    70  stm32f4xx_gpio.o(.text)
    FSMC_NORSRAMDeInit                       0x08006681   Thumb Code    54  stm32f4xx_fsmc.o(.text)
    FSMC_NORSRAMInit                         0x080066b7   Thumb Code   230  stm32f4xx_fsmc.o(.text)
    FSMC_NORSRAMStructInit                   0x0800679d   Thumb Code    48  stm32f4xx_fsmc.o(.text)
    FSMC_NORSRAMCmd                          0x080067cd   Thumb Code    46  stm32f4xx_fsmc.o(.text)
    FSMC_NANDDeInit                          0x080067fb   Thumb Code    62  stm32f4xx_fsmc.o(.text)
    FSMC_NANDInit                            0x08006839   Thumb Code   132  stm32f4xx_fsmc.o(.text)
    FSMC_NANDStructInit                      0x080068bd   Thumb Code    54  stm32f4xx_fsmc.o(.text)
    FSMC_NANDCmd                             0x080068f3   Thumb Code    86  stm32f4xx_fsmc.o(.text)
    FSMC_NANDECCCmd                          0x08006949   Thumb Code    86  stm32f4xx_fsmc.o(.text)
    FSMC_GetECC                              0x0800699f   Thumb Code    24  stm32f4xx_fsmc.o(.text)
    FSMC_PCCARDDeInit                        0x080069b7   Thumb Code    36  stm32f4xx_fsmc.o(.text)
    FSMC_PCCARDInit                          0x080069db   Thumb Code   130  stm32f4xx_fsmc.o(.text)
    FSMC_PCCARDStructInit                    0x08006a5d   Thumb Code    60  stm32f4xx_fsmc.o(.text)
    FSMC_PCCARDCmd                           0x08006a99   Thumb Code    44  stm32f4xx_fsmc.o(.text)
    FSMC_ITConfig                            0x08006ac5   Thumb Code   128  stm32f4xx_fsmc.o(.text)
    FSMC_GetFlagStatus                       0x08006b45   Thumb Code    54  stm32f4xx_fsmc.o(.text)
    FSMC_ClearFlag                           0x08006b7b   Thumb Code    74  stm32f4xx_fsmc.o(.text)
    FSMC_GetITStatus                         0x08006bc5   Thumb Code    62  stm32f4xx_fsmc.o(.text)
    FSMC_ClearITPendingBit                   0x08006c03   Thumb Code    66  stm32f4xx_fsmc.o(.text)
    RCC_DeInit                               0x08006c49   Thumb Code    82  stm32f4xx_rcc.o(.text)
    RCC_HSEConfig                            0x08006c9b   Thumb Code    14  stm32f4xx_rcc.o(.text)
    RCC_GetFlagStatus                        0x08006ca9   Thumb Code    60  stm32f4xx_rcc.o(.text)
    RCC_WaitForHSEStartUp                    0x08006ce5   Thumb Code    56  stm32f4xx_rcc.o(.text)
    RCC_AdjustHSICalibrationValue            0x08006d1d   Thumb Code    20  stm32f4xx_rcc.o(.text)
    RCC_HSICmd                               0x08006d31   Thumb Code     6  stm32f4xx_rcc.o(.text)
    RCC_LSEConfig                            0x08006d37   Thumb Code    46  stm32f4xx_rcc.o(.text)
    RCC_LSICmd                               0x08006d65   Thumb Code     6  stm32f4xx_rcc.o(.text)
    RCC_PLLConfig                            0x08006d6b   Thumb Code    32  stm32f4xx_rcc.o(.text)
    RCC_PLLCmd                               0x08006d8b   Thumb Code     6  stm32f4xx_rcc.o(.text)
    RCC_PLLI2SConfig                         0x08006d91   Thumb Code    14  stm32f4xx_rcc.o(.text)
    RCC_PLLI2SCmd                            0x08006d9f   Thumb Code     6  stm32f4xx_rcc.o(.text)
    RCC_PLLSAIConfig                         0x08006da5   Thumb Code    20  stm32f4xx_rcc.o(.text)
    RCC_PLLSAICmd                            0x08006db9   Thumb Code     6  stm32f4xx_rcc.o(.text)
    RCC_ClockSecuritySystemCmd               0x08006dbf   Thumb Code     6  stm32f4xx_rcc.o(.text)
    RCC_MCO1Config                           0x08006dc5   Thumb Code    28  stm32f4xx_rcc.o(.text)
    RCC_MCO2Config                           0x08006de1   Thumb Code    28  stm32f4xx_rcc.o(.text)
    RCC_SYSCLKConfig                         0x08006dfd   Thumb Code    20  stm32f4xx_rcc.o(.text)
    RCC_GetSYSCLKSource                      0x08006e11   Thumb Code    12  stm32f4xx_rcc.o(.text)
    RCC_HCLKConfig                           0x08006e1d   Thumb Code    20  stm32f4xx_rcc.o(.text)
    RCC_PCLK1Config                          0x08006e31   Thumb Code    20  stm32f4xx_rcc.o(.text)
    RCC_PCLK2Config                          0x08006e45   Thumb Code    22  stm32f4xx_rcc.o(.text)
    RCC_GetClocksFreq                        0x08006e5b   Thumb Code   222  stm32f4xx_rcc.o(.text)
    RCC_RTCCLKConfig                         0x08006f39   Thumb Code    54  stm32f4xx_rcc.o(.text)
    RCC_RTCCLKCmd                            0x08006f6f   Thumb Code     8  stm32f4xx_rcc.o(.text)
    RCC_BackupResetCmd                       0x08006f77   Thumb Code     8  stm32f4xx_rcc.o(.text)
    RCC_I2SCLKConfig                         0x08006f7f   Thumb Code     6  stm32f4xx_rcc.o(.text)
    RCC_SAIPLLI2SClkDivConfig                0x08006f85   Thumb Code    26  stm32f4xx_rcc.o(.text)
    RCC_SAIPLLSAIClkDivConfig                0x08006f9f   Thumb Code    28  stm32f4xx_rcc.o(.text)
    RCC_SAIBlockACLKConfig                   0x08006fbb   Thumb Code    20  stm32f4xx_rcc.o(.text)
    RCC_SAIBlockBCLKConfig                   0x08006fcf   Thumb Code    20  stm32f4xx_rcc.o(.text)
    RCC_LTDCCLKDivConfig                     0x08006fe3   Thumb Code    20  stm32f4xx_rcc.o(.text)
    RCC_TIMCLKPresConfig                     0x08006ff7   Thumb Code     6  stm32f4xx_rcc.o(.text)
    RCC_AHB1PeriphClockCmd                   0x08006ffd   Thumb Code    34  stm32f4xx_rcc.o(.text)
    RCC_AHB2PeriphClockCmd                   0x0800701f   Thumb Code    78  stm32f4xx_rcc.o(.text)
    RCC_AHB3PeriphClockCmd                   0x0800706d   Thumb Code    34  stm32f4xx_rcc.o(.text)
    RCC_APB1PeriphClockCmd                   0x0800708f   Thumb Code    34  stm32f4xx_rcc.o(.text)
    RCC_APB2PeriphClockCmd                   0x080070b1   Thumb Code    34  stm32f4xx_rcc.o(.text)
    RCC_AHB1PeriphResetCmd                   0x080070d3   Thumb Code    34  stm32f4xx_rcc.o(.text)
    RCC_AHB2PeriphResetCmd                   0x080070f5   Thumb Code    34  stm32f4xx_rcc.o(.text)
    RCC_AHB3PeriphResetCmd                   0x08007117   Thumb Code    34  stm32f4xx_rcc.o(.text)
    RCC_APB1PeriphResetCmd                   0x08007139   Thumb Code    34  stm32f4xx_rcc.o(.text)
    RCC_APB2PeriphResetCmd                   0x0800715b   Thumb Code    34  stm32f4xx_rcc.o(.text)
    RCC_AHB1PeriphClockLPModeCmd             0x0800717d   Thumb Code    34  stm32f4xx_rcc.o(.text)
    RCC_AHB2PeriphClockLPModeCmd             0x0800719f   Thumb Code    34  stm32f4xx_rcc.o(.text)
    RCC_AHB3PeriphClockLPModeCmd             0x080071c1   Thumb Code    34  stm32f4xx_rcc.o(.text)
    RCC_APB1PeriphClockLPModeCmd             0x080071e3   Thumb Code    34  stm32f4xx_rcc.o(.text)
    RCC_APB2PeriphClockLPModeCmd             0x08007205   Thumb Code    34  stm32f4xx_rcc.o(.text)
    RCC_LSEModeConfig                        0x08007227   Thumb Code    40  stm32f4xx_rcc.o(.text)
    RCC_ITConfig                             0x0800724f   Thumb Code    34  stm32f4xx_rcc.o(.text)
    RCC_ClearFlag                            0x08007271   Thumb Code    18  stm32f4xx_rcc.o(.text)
    RCC_GetITStatus                          0x08007283   Thumb Code    22  stm32f4xx_rcc.o(.text)
    RCC_ClearITPendingBit                    0x08007299   Thumb Code     8  stm32f4xx_rcc.o(.text)
    USART_DeInit                             0x080072a5   Thumb Code   206  stm32f4xx_usart.o(.text)
    USART_Init                               0x08007373   Thumb Code   204  stm32f4xx_usart.o(.text)
    USART_StructInit                         0x0800743f   Thumb Code    24  stm32f4xx_usart.o(.text)
    USART_ClockInit                          0x08007457   Thumb Code    32  stm32f4xx_usart.o(.text)
    USART_ClockStructInit                    0x08007477   Thumb Code    12  stm32f4xx_usart.o(.text)
    USART_Cmd                                0x08007483   Thumb Code    24  stm32f4xx_usart.o(.text)
    USART_SetPrescaler                       0x0800749b   Thumb Code    16  stm32f4xx_usart.o(.text)
    USART_OverSampling8Cmd                   0x080074ab   Thumb Code    22  stm32f4xx_usart.o(.text)
    USART_OneBitMethodCmd                    0x080074c1   Thumb Code    24  stm32f4xx_usart.o(.text)
    USART_SendData                           0x080074d9   Thumb Code     8  stm32f4xx_usart.o(.text)
    USART_ReceiveData                        0x080074e1   Thumb Code    10  stm32f4xx_usart.o(.text)
    USART_SetAddress                         0x080074eb   Thumb Code    18  stm32f4xx_usart.o(.text)
    USART_ReceiverWakeUpCmd                  0x080074fd   Thumb Code    24  stm32f4xx_usart.o(.text)
    USART_WakeUpConfig                       0x08007515   Thumb Code    18  stm32f4xx_usart.o(.text)
    USART_LINBreakDetectLengthConfig         0x08007527   Thumb Code    18  stm32f4xx_usart.o(.text)
    USART_LINCmd                             0x08007539   Thumb Code    24  stm32f4xx_usart.o(.text)
    USART_SendBreak                          0x08007551   Thumb Code    10  stm32f4xx_usart.o(.text)
    USART_HalfDuplexCmd                      0x0800755b   Thumb Code    24  stm32f4xx_usart.o(.text)
    USART_SetGuardTime                       0x08007573   Thumb Code    16  stm32f4xx_usart.o(.text)
    USART_SmartCardCmd                       0x08007583   Thumb Code    24  stm32f4xx_usart.o(.text)
    USART_SmartCardNACKCmd                   0x0800759b   Thumb Code    24  stm32f4xx_usart.o(.text)
    USART_IrDAConfig                         0x080075b3   Thumb Code    18  stm32f4xx_usart.o(.text)
    USART_IrDACmd                            0x080075c5   Thumb Code    24  stm32f4xx_usart.o(.text)
    USART_DMACmd                             0x080075dd   Thumb Code    18  stm32f4xx_usart.o(.text)
    USART_ITConfig                           0x080075ef   Thumb Code    74  stm32f4xx_usart.o(.text)
    USART_GetFlagStatus                      0x08007639   Thumb Code    26  stm32f4xx_usart.o(.text)
    USART_ClearFlag                          0x08007653   Thumb Code    18  stm32f4xx_usart.o(.text)
    USART_GetITStatus                        0x08007665   Thumb Code   118  stm32f4xx_usart.o(.text)
    USART_ClearITPendingBit                  0x080076db   Thumb Code    30  stm32f4xx_usart.o(.text)
    DMA_DeInit                               0x080076f9   Thumb Code   324  stm32f4xx_dma.o(.text)
    DMA_Init                                 0x0800783d   Thumb Code    82  stm32f4xx_dma.o(.text)
    DMA_StructInit                           0x0800788f   Thumb Code    34  stm32f4xx_dma.o(.text)
    DMA_Cmd                                  0x080078b1   Thumb Code    22  stm32f4xx_dma.o(.text)
    DMA_PeriphIncOffsetSizeConfig            0x080078c7   Thumb Code    22  stm32f4xx_dma.o(.text)
    DMA_FlowControllerConfig                 0x080078dd   Thumb Code    22  stm32f4xx_dma.o(.text)
    DMA_SetCurrDataCounter                   0x080078f3   Thumb Code     4  stm32f4xx_dma.o(.text)
    DMA_GetCurrDataCounter                   0x080078f7   Thumb Code     8  stm32f4xx_dma.o(.text)
    DMA_DoubleBufferModeConfig               0x080078ff   Thumb Code    24  stm32f4xx_dma.o(.text)
    DMA_DoubleBufferModeCmd                  0x08007917   Thumb Code    22  stm32f4xx_dma.o(.text)
    DMA_MemoryTargetConfig                   0x0800792d   Thumb Code    10  stm32f4xx_dma.o(.text)
    DMA_GetCurrentMemoryTarget               0x08007937   Thumb Code    20  stm32f4xx_dma.o(.text)
    DMA_GetCmdStatus                         0x0800794b   Thumb Code    20  stm32f4xx_dma.o(.text)
    DMA_GetFIFOStatus                        0x0800795f   Thumb Code    12  stm32f4xx_dma.o(.text)
    DMA_GetFlagStatus                        0x0800796b   Thumb Code    56  stm32f4xx_dma.o(.text)
    DMA_ClearFlag                            0x080079a3   Thumb Code    40  stm32f4xx_dma.o(.text)
    DMA_ITConfig                             0x080079cb   Thumb Code    58  stm32f4xx_dma.o(.text)
    DMA_GetITStatus                          0x08007a05   Thumb Code    84  stm32f4xx_dma.o(.text)
    DMA_ClearITPendingBit                    0x08007a59   Thumb Code    40  stm32f4xx_dma.o(.text)
    TIM_DeInit                               0x08007aa1   Thumb Code   346  stm32f4xx_tim.o(.text)
    TIM_TimeBaseInit                         0x08007bfb   Thumb Code   104  stm32f4xx_tim.o(.text)
    TIM_TimeBaseStructInit                   0x08007c63   Thumb Code    18  stm32f4xx_tim.o(.text)
    TIM_PrescalerConfig                      0x08007c75   Thumb Code     6  stm32f4xx_tim.o(.text)
    TIM_CounterModeConfig                    0x08007c7b   Thumb Code    18  stm32f4xx_tim.o(.text)
    TIM_SetCounter                           0x08007c8d   Thumb Code     4  stm32f4xx_tim.o(.text)
    TIM_SetAutoreload                        0x08007c91   Thumb Code     4  stm32f4xx_tim.o(.text)
    TIM_GetCounter                           0x08007c95   Thumb Code     6  stm32f4xx_tim.o(.text)
    TIM_GetPrescaler                         0x08007c9b   Thumb Code     6  stm32f4xx_tim.o(.text)
    TIM_UpdateDisableConfig                  0x08007ca1   Thumb Code    24  stm32f4xx_tim.o(.text)
    TIM_UpdateRequestConfig                  0x08007cb9   Thumb Code    24  stm32f4xx_tim.o(.text)
    TIM_ARRPreloadConfig                     0x08007cd1   Thumb Code    24  stm32f4xx_tim.o(.text)
    TIM_SelectOnePulseMode                   0x08007ce9   Thumb Code    18  stm32f4xx_tim.o(.text)
    TIM_SetClockDivision                     0x08007cfb   Thumb Code    18  stm32f4xx_tim.o(.text)
    TIM_Cmd                                  0x08007d0d   Thumb Code    24  stm32f4xx_tim.o(.text)
    TIM_OC1Init                              0x08007d25   Thumb Code   114  stm32f4xx_tim.o(.text)
    TIM_OC2Init                              0x08007d97   Thumb Code   154  stm32f4xx_tim.o(.text)
    TIM_OC3Init                              0x08007e31   Thumb Code   204  stm32f4xx_tim.o(.text)
    TIM_OC4Init                              0x08007efd   Thumb Code   112  stm32f4xx_tim.o(.text)
    TIM_OCStructInit                         0x08007f6d   Thumb Code    20  stm32f4xx_tim.o(.text)
    TIM_SelectOCxM                           0x08007f81   Thumb Code    86  stm32f4xx_tim.o(.text)
    TIM_SetCompare1                          0x08007fd7   Thumb Code     4  stm32f4xx_tim.o(.text)
    TIM_SetCompare2                          0x08007fdb   Thumb Code     4  stm32f4xx_tim.o(.text)
    TIM_SetCompare3                          0x08007fdf   Thumb Code     4  stm32f4xx_tim.o(.text)
    TIM_SetCompare4                          0x08007fe3   Thumb Code     4  stm32f4xx_tim.o(.text)
    TIM_ForcedOC1Config                      0x08007fe7   Thumb Code    18  stm32f4xx_tim.o(.text)
    TIM_ForcedOC2Config                      0x08007ff9   Thumb Code    26  stm32f4xx_tim.o(.text)
    TIM_ForcedOC3Config                      0x08008013   Thumb Code    18  stm32f4xx_tim.o(.text)
    TIM_ForcedOC4Config                      0x08008025   Thumb Code    26  stm32f4xx_tim.o(.text)
    TIM_OC1PreloadConfig                     0x0800803f   Thumb Code    18  stm32f4xx_tim.o(.text)
    TIM_OC2PreloadConfig                     0x08008051   Thumb Code    26  stm32f4xx_tim.o(.text)
    TIM_OC3PreloadConfig                     0x0800806b   Thumb Code    18  stm32f4xx_tim.o(.text)
    TIM_OC4PreloadConfig                     0x0800807d   Thumb Code    26  stm32f4xx_tim.o(.text)
    TIM_OC1FastConfig                        0x08008097   Thumb Code    18  stm32f4xx_tim.o(.text)
    TIM_OC2FastConfig                        0x080080a9   Thumb Code    26  stm32f4xx_tim.o(.text)
    TIM_OC3FastConfig                        0x080080c3   Thumb Code    18  stm32f4xx_tim.o(.text)
    TIM_OC4FastConfig                        0x080080d5   Thumb Code    26  stm32f4xx_tim.o(.text)
    TIM_ClearOC1Ref                          0x080080ef   Thumb Code    18  stm32f4xx_tim.o(.text)
    TIM_ClearOC2Ref                          0x08008101   Thumb Code    24  stm32f4xx_tim.o(.text)
    TIM_ClearOC3Ref                          0x08008119   Thumb Code    18  stm32f4xx_tim.o(.text)
    TIM_ClearOC4Ref                          0x0800812b   Thumb Code    24  stm32f4xx_tim.o(.text)
    TIM_OC1PolarityConfig                    0x08008143   Thumb Code    18  stm32f4xx_tim.o(.text)
    TIM_OC1NPolarityConfig                   0x08008155   Thumb Code    18  stm32f4xx_tim.o(.text)
    TIM_OC2PolarityConfig                    0x08008167   Thumb Code    26  stm32f4xx_tim.o(.text)
    TIM_OC2NPolarityConfig                   0x08008181   Thumb Code    26  stm32f4xx_tim.o(.text)
    TIM_OC3PolarityConfig                    0x0800819b   Thumb Code    26  stm32f4xx_tim.o(.text)
    TIM_OC3NPolarityConfig                   0x080081b5   Thumb Code    26  stm32f4xx_tim.o(.text)
    TIM_OC4PolarityConfig                    0x080081cf   Thumb Code    26  stm32f4xx_tim.o(.text)
    TIM_CCxCmd                               0x080081e9   Thumb Code    30  stm32f4xx_tim.o(.text)
    TIM_CCxNCmd                              0x08008207   Thumb Code    30  stm32f4xx_tim.o(.text)
    TIM_SetIC4Prescaler                      0x08008225   Thumb Code    26  stm32f4xx_tim.o(.text)
    TIM_SetIC3Prescaler                      0x0800828f   Thumb Code    18  stm32f4xx_tim.o(.text)
    TIM_SetIC2Prescaler                      0x080082e9   Thumb Code    26  stm32f4xx_tim.o(.text)
    TIM_SetIC1Prescaler                      0x0800835d   Thumb Code    18  stm32f4xx_tim.o(.text)
    TIM_ICInit                               0x080083a9   Thumb Code   110  stm32f4xx_tim.o(.text)
    TIM_ICStructInit                         0x08008417   Thumb Code    18  stm32f4xx_tim.o(.text)
    TIM_PWMIConfig                           0x08008429   Thumb Code   124  stm32f4xx_tim.o(.text)
    TIM_GetCapture1                          0x080084a5   Thumb Code     6  stm32f4xx_tim.o(.text)
    TIM_GetCapture2                          0x080084ab   Thumb Code     6  stm32f4xx_tim.o(.text)
    TIM_GetCapture3                          0x080084b1   Thumb Code     6  stm32f4xx_tim.o(.text)
    TIM_GetCapture4                          0x080084b7   Thumb Code     6  stm32f4xx_tim.o(.text)
    TIM_BDTRConfig                           0x080084bd   Thumb Code    32  stm32f4xx_tim.o(.text)
    TIM_BDTRStructInit                       0x080084dd   Thumb Code    18  stm32f4xx_tim.o(.text)
    TIM_CtrlPWMOutputs                       0x080084ef   Thumb Code    30  stm32f4xx_tim.o(.text)
    TIM_SelectCOM                            0x0800850d   Thumb Code    24  stm32f4xx_tim.o(.text)
    TIM_CCPreloadControl                     0x08008525   Thumb Code    24  stm32f4xx_tim.o(.text)
    TIM_ITConfig                             0x0800853d   Thumb Code    18  stm32f4xx_tim.o(.text)
    TIM_GenerateEvent                        0x0800854f   Thumb Code     4  stm32f4xx_tim.o(.text)
    TIM_GetFlagStatus                        0x08008553   Thumb Code    18  stm32f4xx_tim.o(.text)
    TIM_ClearFlag                            0x08008565   Thumb Code     6  stm32f4xx_tim.o(.text)
    TIM_GetITStatus                          0x0800856b   Thumb Code    34  stm32f4xx_tim.o(.text)
    TIM_ClearITPendingBit                    0x0800858d   Thumb Code     6  stm32f4xx_tim.o(.text)
    TIM_DMAConfig                            0x08008593   Thumb Code    10  stm32f4xx_tim.o(.text)
    TIM_DMACmd                               0x0800859d   Thumb Code    18  stm32f4xx_tim.o(.text)
    TIM_SelectCCDMA                          0x080085af   Thumb Code    24  stm32f4xx_tim.o(.text)
    TIM_InternalClockConfig                  0x080085c7   Thumb Code    12  stm32f4xx_tim.o(.text)
    TIM_SelectInputTrigger                   0x080085d3   Thumb Code    18  stm32f4xx_tim.o(.text)
    TIM_ITRxExternalClockConfig              0x080085e5   Thumb Code    24  stm32f4xx_tim.o(.text)
    TIM_TIxExternalClockConfig               0x080085fd   Thumb Code    62  stm32f4xx_tim.o(.text)
    TIM_ETRConfig                            0x0800863b   Thumb Code    28  stm32f4xx_tim.o(.text)
    TIM_ETRClockMode1Config                  0x08008657   Thumb Code    54  stm32f4xx_tim.o(.text)
    TIM_ETRClockMode2Config                  0x0800868d   Thumb Code    32  stm32f4xx_tim.o(.text)
    TIM_SelectOutputTrigger                  0x080086ad   Thumb Code    18  stm32f4xx_tim.o(.text)
    TIM_SelectSlaveMode                      0x080086bf   Thumb Code    18  stm32f4xx_tim.o(.text)
    TIM_SelectMasterSlaveMode                0x080086d1   Thumb Code    18  stm32f4xx_tim.o(.text)
    TIM_EncoderInterfaceConfig               0x080086e3   Thumb Code    66  stm32f4xx_tim.o(.text)
    TIM_SelectHallSensor                     0x08008725   Thumb Code    24  stm32f4xx_tim.o(.text)
    TIM_RemapConfig                          0x0800873d   Thumb Code     6  stm32f4xx_tim.o(.text)
    __use_no_semihosting                     0x08008743   Thumb Code     2  use_no_semi_2.o(.text)
    __2printf                                0x08008745   Thumb Code    20  noretval__2printf.o(.text)
    __2sprintf                               0x0800875d   Thumb Code    34  noretval__2sprintf.o(.text)
    _printf_pre_padding                      0x08008785   Thumb Code    44  _printf_pad.o(.text)
    _printf_post_padding                     0x080087b1   Thumb Code    34  _printf_pad.o(.text)
    _printf_str                              0x080087d3   Thumb Code    82  _printf_str.o(.text)
    _printf_int_hex                          0x08008825   Thumb Code    84  _printf_hex_int.o(.text)
    _printf_longlong_hex                     0x08008825   Thumb Code     0  _printf_hex_int.o(.text)
    __printf                                 0x0800887d   Thumb Code   270  __printf_wp.o(.text)
    strstr                                   0x0800898b   Thumb Code    36  strstr.o(.text)
    strcpy                                   0x080089af   Thumb Code    72  strcpy.o(.text)
    strlen                                   0x080089f7   Thumb Code    62  strlen.o(.text)
    __use_two_region_memory                  0x08008a35   Thumb Code     2  heapauxi.o(.text)
    __rt_heap_escrow$2region                 0x08008a37   Thumb Code     2  heapauxi.o(.text)
    __rt_heap_expand$2region                 0x08008a39   Thumb Code     2  heapauxi.o(.text)
    __I$use$semihosting                      0x08008a3b   Thumb Code     0  use_no_semi.o(.text)
    __use_no_semihosting_swi                 0x08008a3b   Thumb Code     2  use_no_semi.o(.text)
    _printf_int_common                       0x08008a3d   Thumb Code   178  _printf_intcommon.o(.text)
    __lib_sel_fp_printf                      0x08008aef   Thumb Code     2  _printf_fp_dec.o(.text)
    _printf_fp_dec_real                      0x08008ca1   Thumb Code   620  _printf_fp_dec.o(.text)
    _printf_char_common                      0x08008f17   Thumb Code    32  _printf_char_common.o(.text)
    _sputc                                   0x08008f3d   Thumb Code    10  _sputc.o(.text)
    _printf_cs_common                        0x08008f47   Thumb Code    20  _printf_char.o(.text)
    _printf_char                             0x08008f5b   Thumb Code    16  _printf_char.o(.text)
    _printf_string                           0x08008f6b   Thumb Code     8  _printf_char.o(.text)
    _printf_char_file                        0x08008f75   Thumb Code    32  _printf_char_file.o(.text)
    __rt_locale                              0x08008f99   Thumb Code     8  rt_locale_intlibspace.o(.text)
    _ll_udiv10                               0x08008fa1   Thumb Code   138  lludiv10.o(.text)
    _printf_fp_infnan                        0x0800902d   Thumb Code   112  _printf_fp_infnan.o(.text)
    _btod_etento                             0x080090ad   Thumb Code   224  bigflt0.o(.text)
    ferror                                   0x08009191   Thumb Code     8  ferror.o(.text)
    __user_libspace                          0x08009199   Thumb Code     8  libspace.o(.text)
    __user_perproc_libspace                  0x08009199   Thumb Code     0  libspace.o(.text)
    __user_perthread_libspace                0x08009199   Thumb Code     0  libspace.o(.text)
    __user_setup_stackheap                   0x080091a1   Thumb Code    74  sys_stackheap_outer.o(.text)
    exit                                     0x080091eb   Thumb Code    18  exit.o(.text)
    strcmp                                   0x080091fd   Thumb Code   128  strcmpv7m.o(.text)
    _btod_d2e                                0x0800927d   Thumb Code    62  btod.o(CL$$btod_d2e)
    _d2e_denorm_low                          0x080092bb   Thumb Code    70  btod.o(CL$$btod_d2e_denorm_low)
    _d2e_norm_op1                            0x08009301   Thumb Code    96  btod.o(CL$$btod_d2e_norm_op1)
    __btod_div_common                        0x08009361   Thumb Code   696  btod.o(CL$$btod_div_common)
    _e2e                                     0x08009699   Thumb Code   220  btod.o(CL$$btod_e2e)
    _btod_ediv                               0x08009775   Thumb Code    42  btod.o(CL$$btod_ediv)
    _btod_emul                               0x0800979f   Thumb Code    42  btod.o(CL$$btod_emul)
    __btod_mult_common                       0x080097c9   Thumb Code   580  btod.o(CL$$btod_mult_common)
    __ARM_fpclassify                         0x08009a0d   Thumb Code    48  fpclassify.o(i.__ARM_fpclassify)
    _is_digit                                0x08009a3d   Thumb Code    14  __printf_wp.o(i._is_digit)
    _get_lc_numeric                          0x08009a4d   Thumb Code    44  lc_numeric_c.o(locale$$code)
    __aeabi_d2f                              0x08009a79   Thumb Code     0  d2f.o(x$fpl$d2f)
    _d2f                                     0x08009a79   Thumb Code    98  d2f.o(x$fpl$d2f)
    __aeabi_ddiv                             0x08009add   Thumb Code     0  ddiv.o(x$fpl$ddiv)
    _ddiv                                    0x08009add   Thumb Code   552  ddiv.o(x$fpl$ddiv)
    __aeabi_d2uiz                            0x08009d8d   Thumb Code     0  dfixu.o(x$fpl$dfixu)
    _dfixu                                   0x08009d8d   Thumb Code    90  dfixu.o(x$fpl$dfixu)
    __aeabi_ui2d                             0x08009de7   Thumb Code     0  dflt_clz.o(x$fpl$dfltu)
    _dfltu                                   0x08009de7   Thumb Code    38  dflt_clz.o(x$fpl$dfltu)
    __aeabi_dmul                             0x08009e0d   Thumb Code     0  dmul.o(x$fpl$dmul)
    _dmul                                    0x08009e0d   Thumb Code   332  dmul.o(x$fpl$dmul)
    __fpl_dnaninf                            0x08009f61   Thumb Code   156  dnaninf.o(x$fpl$dnaninf)
    __fpl_dretinf                            0x08009ffd   Thumb Code    12  dretinf.o(x$fpl$dretinf)
    __aeabi_f2d                              0x0800a009   Thumb Code     0  f2d.o(x$fpl$f2d)
    _f2d                                     0x0800a009   Thumb Code    86  f2d.o(x$fpl$f2d)
    __fpl_fnaninf                            0x0800a05f   Thumb Code   140  fnaninf.o(x$fpl$fnaninf)
    _fp_init                                 0x0800a0eb   Thumb Code    10  fpinit.o(x$fpl$fpinit)
    __fplib_config_fpu_vfp                   0x0800a0f3   Thumb Code     0  fpinit.o(x$fpl$fpinit)
    __fplib_config_pureend_doubles           0x0800a0f3   Thumb Code     0  fpinit.o(x$fpl$fpinit)
    __fpl_fretinf                            0x0800a0f5   Thumb Code    10  fretinf.o(x$fpl$fretinf)
    _printf_fp_dec                           0x0800a0ff   Thumb Code     4  printf1.o(x$fpl$printf1)
    __I$use$fp                               0x0800a102   Number         0  usenofp.o(x$fpl$usenofp)
    asc2_1206                                0x0800a102   Data        1140  lcd.o(.constdata)
    asc2_1608                                0x0800a576   Data        1520  lcd.o(.constdata)
    asc2_2412                                0x0800ab66   Data        3420  lcd.o(.constdata)
    FSMC_DefaultTimingStruct                 0x0800b8c4   Data          28  stm32f4xx_fsmc.o(.constdata)
    Region$$Table$$Base                      0x0800b9e0   Number         0  anon$$obj.o(Region$$Table)
    Region$$Table$$Limit                     0x0800ba00   Number         0  anon$$obj.o(Region$$Table)
    link                                     0x20000000   Data           1  main.o(.data)
    SystemCoreClock                          0x20000004   Data           4  system_stm32f4xx.o(.data)
    AHBPrescTable                            0x20000008   Data          16  system_stm32f4xx.o(.data)
    POINT_COLOR                              0x20000018   Data           2  lcd.o(.data)
    BACK_COLOR                               0x2000001a   Data           2  lcd.o(.data)
    result_lx                                0x2000001c   Data           4  bh1750.o(.data)
    BUF                                      0x20000020   Data           2  bh1750.o(.data)
    result                                   0x20000022   Data           2  bh1750.o(.data)
    USART2_RX_STA                            0x20000024   Data           2  usart2.o(.data)
    __stdout                                 0x2000002c   Data           4  usart.o(.data)
    USART_RX_STA                             0x20000030   Data           2  usart.o(.data)
    nb_iotdat                                0x20000044   Data         200  main.o(.bss)
    BH_Buf                                   0x2000010c   Data         200  main.o(.bss)
    lcddev                                   0x200001d4   Data          14  lcd.o(.bss)
    struct_usart2                            0x200001e8   Data         808  usart2.o(.bss)
    USART2_TX_BUF                            0x20000510   Data        1024  usart2.o(.bss)
    USART2_RX_BUF                            0x20000910   Data        1024  usart2.o(.bss)
    packebuff                                0x20000d10   Data        3600  usart2.o(.bss)
    USART_RX_BUF                             0x20001b20   Data         200  usart.o(.bss)
    __libspace_start                         0x20001be8   Data          96  libspace.o(.bss)
    __temporary_stack_top$libspace           0x20001c48   Data           0  libspace.o(.bss)



==============================================================================

Memory Map of the image

  Image Entry point : 0x08000189

  Load Region LR_IROM1 (Base: 0x08000000, Size: 0x0000ba60, Max: 0x00100000, ABSOLUTE)

    Execution Region ER_IROM1 (Exec base: 0x08000000, Load base: 0x08000000, Size: 0x0000ba1c, Max: 0x00100000, ABSOLUTE)

    Exec Addr    Load Addr    Size         Type   Attr      Idx    E Section Name        Object

    0x08000000   0x08000000   0x00000188   Data   RO          520    RESET               startup_stm32f40_41xxx.o
    0x08000188   0x08000188   0x00000008   Code   RO          761  * !!!main             c_w.l(__main.o)
    0x08000190   0x08000190   0x00000034   Code   RO         1009    !!!scatter          c_w.l(__scatter.o)
    0x080001c4   0x080001c4   0x0000001a   Code   RO         1011    !!handler_copy      c_w.l(__scatter_copy.o)
    0x080001de   0x080001de   0x00000002   PAD
    0x080001e0   0x080001e0   0x0000001c   Code   RO         1013    !!handler_zi        c_w.l(__scatter_zi.o)
    0x080001fc   0x080001fc   0x00000000   Code   RO          752    .ARM.Collect$$_printf_percent$$00000000  c_w.l(_printf_percent.o)
    0x080001fc   0x080001fc   0x00000006   Code   RO          751    .ARM.Collect$$_printf_percent$$00000003  c_w.l(_printf_f.o)
    0x08000202   0x08000202   0x00000006   Code   RO          750    .ARM.Collect$$_printf_percent$$0000000C  c_w.l(_printf_x.o)
    0x08000208   0x08000208   0x00000006   Code   RO          749    .ARM.Collect$$_printf_percent$$00000014  c_w.l(_printf_s.o)
    0x0800020e   0x0800020e   0x00000004   Code   RO          800    .ARM.Collect$$_printf_percent$$00000017  c_w.l(_printf_percent_end.o)
    0x08000212   0x08000212   0x00000002   Code   RO          886    .ARM.Collect$$libinit$$00000000  c_w.l(libinit.o)
    0x08000214   0x08000214   0x00000004   Code   RO          887    .ARM.Collect$$libinit$$00000001  c_w.l(libinit2.o)
    0x08000218   0x08000218   0x00000000   Code   RO          890    .ARM.Collect$$libinit$$00000004  c_w.l(libinit2.o)
    0x08000218   0x08000218   0x00000000   Code   RO          893    .ARM.Collect$$libinit$$0000000A  c_w.l(libinit2.o)
    0x08000218   0x08000218   0x00000000   Code   RO          895    .ARM.Collect$$libinit$$0000000C  c_w.l(libinit2.o)
    0x08000218   0x08000218   0x00000000   Code   RO          897    .ARM.Collect$$libinit$$0000000E  c_w.l(libinit2.o)
    0x08000218   0x08000218   0x00000006   Code   RO          898    .ARM.Collect$$libinit$$0000000F  c_w.l(libinit2.o)
    0x0800021e   0x0800021e   0x00000000   Code   RO          900    .ARM.Collect$$libinit$$00000011  c_w.l(libinit2.o)
    0x0800021e   0x0800021e   0x00000000   Code   RO          902    .ARM.Collect$$libinit$$00000013  c_w.l(libinit2.o)
    0x0800021e   0x0800021e   0x00000000   Code   RO          904    .ARM.Collect$$libinit$$00000015  c_w.l(libinit2.o)
    0x0800021e   0x0800021e   0x0000000a   Code   RO          905    .ARM.Collect$$libinit$$00000016  c_w.l(libinit2.o)
    0x08000228   0x08000228   0x00000000   Code   RO          906    .ARM.Collect$$libinit$$00000017  c_w.l(libinit2.o)
    0x08000228   0x08000228   0x00000000   Code   RO          908    .ARM.Collect$$libinit$$00000019  c_w.l(libinit2.o)
    0x08000228   0x08000228   0x00000000   Code   RO          910    .ARM.Collect$$libinit$$0000001B  c_w.l(libinit2.o)
    0x08000228   0x08000228   0x00000000   Code   RO          912    .ARM.Collect$$libinit$$0000001D  c_w.l(libinit2.o)
    0x08000228   0x08000228   0x00000000   Code   RO          914    .ARM.Collect$$libinit$$0000001F  c_w.l(libinit2.o)
    0x08000228   0x08000228   0x00000000   Code   RO          916    .ARM.Collect$$libinit$$00000021  c_w.l(libinit2.o)
    0x08000228   0x08000228   0x00000000   Code   RO          918    .ARM.Collect$$libinit$$00000023  c_w.l(libinit2.o)
    0x08000228   0x08000228   0x00000000   Code   RO          920    .ARM.Collect$$libinit$$00000025  c_w.l(libinit2.o)
    0x08000228   0x08000228   0x00000000   Code   RO          924    .ARM.Collect$$libinit$$0000002C  c_w.l(libinit2.o)
    0x08000228   0x08000228   0x00000000   Code   RO          926    .ARM.Collect$$libinit$$0000002E  c_w.l(libinit2.o)
    0x08000228   0x08000228   0x00000000   Code   RO          928    .ARM.Collect$$libinit$$00000030  c_w.l(libinit2.o)
    0x08000228   0x08000228   0x00000000   Code   RO          930    .ARM.Collect$$libinit$$00000032  c_w.l(libinit2.o)
    0x08000228   0x08000228   0x00000002   Code   RO          931    .ARM.Collect$$libinit$$00000033  c_w.l(libinit2.o)
    0x0800022a   0x0800022a   0x00000002   Code   RO          959    .ARM.Collect$$libshutdown$$00000000  c_w.l(libshutdown.o)
    0x0800022c   0x0800022c   0x00000000   Code   RO          968    .ARM.Collect$$libshutdown$$00000002  c_w.l(libshutdown2.o)
    0x0800022c   0x0800022c   0x00000000   Code   RO          970    .ARM.Collect$$libshutdown$$00000004  c_w.l(libshutdown2.o)
    0x0800022c   0x0800022c   0x00000000   Code   RO          973    .ARM.Collect$$libshutdown$$00000007  c_w.l(libshutdown2.o)
    0x0800022c   0x0800022c   0x00000000   Code   RO          976    .ARM.Collect$$libshutdown$$0000000A  c_w.l(libshutdown2.o)
    0x0800022c   0x0800022c   0x00000000   Code   RO          978    .ARM.Collect$$libshutdown$$0000000C  c_w.l(libshutdown2.o)
    0x0800022c   0x0800022c   0x00000000   Code   RO          981    .ARM.Collect$$libshutdown$$0000000F  c_w.l(libshutdown2.o)
    0x0800022c   0x0800022c   0x00000002   Code   RO          982    .ARM.Collect$$libshutdown$$00000010  c_w.l(libshutdown2.o)
    0x0800022e   0x0800022e   0x00000000   Code   RO          787    .ARM.Collect$$rtentry$$00000000  c_w.l(__rtentry.o)
    0x0800022e   0x0800022e   0x00000000   Code   RO          811    .ARM.Collect$$rtentry$$00000002  c_w.l(__rtentry2.o)
    0x0800022e   0x0800022e   0x00000006   Code   RO          823    .ARM.Collect$$rtentry$$00000004  c_w.l(__rtentry4.o)
    0x08000234   0x08000234   0x00000000   Code   RO          813    .ARM.Collect$$rtentry$$00000009  c_w.l(__rtentry2.o)
    0x08000234   0x08000234   0x00000004   Code   RO          814    .ARM.Collect$$rtentry$$0000000A  c_w.l(__rtentry2.o)
    0x08000238   0x08000238   0x00000000   Code   RO          816    .ARM.Collect$$rtentry$$0000000C  c_w.l(__rtentry2.o)
    0x08000238   0x08000238   0x00000008   Code   RO          817    .ARM.Collect$$rtentry$$0000000D  c_w.l(__rtentry2.o)
    0x08000240   0x08000240   0x00000002   Code   RO          932    .ARM.Collect$$rtexit$$00000000  c_w.l(rtexit.o)
    0x08000242   0x08000242   0x00000000   Code   RO          939    .ARM.Collect$$rtexit$$00000002  c_w.l(rtexit2.o)
    0x08000242   0x08000242   0x00000004   Code   RO          940    .ARM.Collect$$rtexit$$00000003  c_w.l(rtexit2.o)
    0x08000246   0x08000246   0x00000006   Code   RO          941    .ARM.Collect$$rtexit$$00000004  c_w.l(rtexit2.o)
    0x0800024c   0x0800024c   0x000003bc   Code   RO            3    .text               main.o
    0x08000608   0x08000608   0x0000001a   Code   RO          182    .text               stm32f4xx_it.o
    0x08000622   0x08000622   0x00000002   PAD
    0x08000624   0x08000624   0x00000210   Code   RO          231    .text               system_stm32f4xx.o
    0x08000834   0x08000834   0x00000040   Code   RO          257    .text               led.o
    0x08000874   0x08000874   0x00004c80   Code   RO          277    .text               lcd.o
    0x080054f4   0x080054f4   0x000000e4   Code   RO          315    .text               bh1750.o
    0x080055d8   0x080055d8   0x0000025c   Code   RO          345    .text               iic.o
    0x08005834   0x08005834   0x00000398   Code   RO          365    .text               m5311.o
    0x08005bcc   0x08005bcc   0x00000304   Code   RO          392    .text               usart2.o
    0x08005ed0   0x08005ed0   0x000001ac   Code   RO          429    .text               dht11.o
    0x0800607c   0x0800607c   0x00000104   Code   RO          449    .text               delay.o
    0x08006180   0x08006180   0x0000014c   Code   RO          489    .text               usart.o
    0x080062cc   0x080062cc   0x00000040   Code   RO          521    .text               startup_stm32f40_41xxx.o
    0x0800630c   0x0800630c   0x000000e0   Code   RO          527    .text               misc.o
    0x080063ec   0x080063ec   0x00000294   Code   RO          547    .text               stm32f4xx_gpio.o
    0x08006680   0x08006680   0x000005c8   Code   RO          567    .text               stm32f4xx_fsmc.o
    0x08006c48   0x08006c48   0x0000065c   Code   RO          590    .text               stm32f4xx_rcc.o
    0x080072a4   0x080072a4   0x00000454   Code   RO          632    .text               stm32f4xx_usart.o
    0x080076f8   0x080076f8   0x000003a8   Code   RO          652    .text               stm32f4xx_dma.o
    0x08007aa0   0x08007aa0   0x00000ca2   Code   RO          672    .text               stm32f4xx_tim.o
    0x08008742   0x08008742   0x00000002   Code   RO          692    .text               c_w.l(use_no_semi_2.o)
    0x08008744   0x08008744   0x00000018   Code   RO          698    .text               c_w.l(noretval__2printf.o)
    0x0800875c   0x0800875c   0x00000028   Code   RO          700    .text               c_w.l(noretval__2sprintf.o)
    0x08008784   0x08008784   0x0000004e   Code   RO          704    .text               c_w.l(_printf_pad.o)
    0x080087d2   0x080087d2   0x00000052   Code   RO          706    .text               c_w.l(_printf_str.o)
    0x08008824   0x08008824   0x00000058   Code   RO          711    .text               c_w.l(_printf_hex_int.o)
    0x0800887c   0x0800887c   0x0000010e   Code   RO          737    .text               c_w.l(__printf_wp.o)
    0x0800898a   0x0800898a   0x00000024   Code   RO          753    .text               c_w.l(strstr.o)
    0x080089ae   0x080089ae   0x00000048   Code   RO          755    .text               c_w.l(strcpy.o)
    0x080089f6   0x080089f6   0x0000003e   Code   RO          757    .text               c_w.l(strlen.o)
    0x08008a34   0x08008a34   0x00000006   Code   RO          759    .text               c_w.l(heapauxi.o)
    0x08008a3a   0x08008a3a   0x00000002   Code   RO          785    .text               c_w.l(use_no_semi.o)
    0x08008a3c   0x08008a3c   0x000000b2   Code   RO          788    .text               c_w.l(_printf_intcommon.o)
    0x08008aee   0x08008aee   0x0000041e   Code   RO          790    .text               c_w.l(_printf_fp_dec.o)
    0x08008f0c   0x08008f0c   0x00000030   Code   RO          792    .text               c_w.l(_printf_char_common.o)
    0x08008f3c   0x08008f3c   0x0000000a   Code   RO          794    .text               c_w.l(_sputc.o)
    0x08008f46   0x08008f46   0x0000002c   Code   RO          796    .text               c_w.l(_printf_char.o)
    0x08008f72   0x08008f72   0x00000002   PAD
    0x08008f74   0x08008f74   0x00000024   Code   RO          798    .text               c_w.l(_printf_char_file.o)
    0x08008f98   0x08008f98   0x00000008   Code   RO          828    .text               c_w.l(rt_locale_intlibspace.o)
    0x08008fa0   0x08008fa0   0x0000008a   Code   RO          830    .text               c_w.l(lludiv10.o)
    0x0800902a   0x0800902a   0x00000002   PAD
    0x0800902c   0x0800902c   0x00000080   Code   RO          832    .text               c_w.l(_printf_fp_infnan.o)
    0x080090ac   0x080090ac   0x000000e4   Code   RO          836    .text               c_w.l(bigflt0.o)
    0x08009190   0x08009190   0x00000008   Code   RO          861    .text               c_w.l(ferror.o)
    0x08009198   0x08009198   0x00000008   Code   RO          872    .text               c_w.l(libspace.o)
    0x080091a0   0x080091a0   0x0000004a   Code   RO          875    .text               c_w.l(sys_stackheap_outer.o)
    0x080091ea   0x080091ea   0x00000012   Code   RO          877    .text               c_w.l(exit.o)
    0x080091fc   0x080091fc   0x00000080   Code   RO          879    .text               c_w.l(strcmpv7m.o)
    0x0800927c   0x0800927c   0x0000003e   Code   RO          839    CL$$btod_d2e        c_w.l(btod.o)
    0x080092ba   0x080092ba   0x00000046   Code   RO          841    CL$$btod_d2e_denorm_low  c_w.l(btod.o)
    0x08009300   0x08009300   0x00000060   Code   RO          840    CL$$btod_d2e_norm_op1  c_w.l(btod.o)
    0x08009360   0x08009360   0x00000338   Code   RO          849    CL$$btod_div_common  c_w.l(btod.o)
    0x08009698   0x08009698   0x000000dc   Code   RO          846    CL$$btod_e2e        c_w.l(btod.o)
    0x08009774   0x08009774   0x0000002a   Code   RO          843    CL$$btod_ediv       c_w.l(btod.o)
    0x0800979e   0x0800979e   0x0000002a   Code   RO          842    CL$$btod_emul       c_w.l(btod.o)
    0x080097c8   0x080097c8   0x00000244   Code   RO          848    CL$$btod_mult_common  c_w.l(btod.o)
    0x08009a0c   0x08009a0c   0x00000030   Code   RO          870    i.__ARM_fpclassify  m_wm.l(fpclassify.o)
    0x08009a3c   0x08009a3c   0x0000000e   Code   RO          739    i._is_digit         c_w.l(__printf_wp.o)
    0x08009a4a   0x08009a4a   0x00000002   PAD
    0x08009a4c   0x08009a4c   0x0000002c   Code   RO          866    locale$$code        c_w.l(lc_numeric_c.o)
    0x08009a78   0x08009a78   0x00000062   Code   RO          763    x$fpl$d2f           fz_wm.l(d2f.o)
    0x08009ada   0x08009ada   0x00000002   PAD
    0x08009adc   0x08009adc   0x000002b0   Code   RO          766    x$fpl$ddiv          fz_wm.l(ddiv.o)
    0x08009d8c   0x08009d8c   0x0000005a   Code   RO          769    x$fpl$dfixu         fz_wm.l(dfixu.o)
    0x08009de6   0x08009de6   0x00000026   Code   RO          773    x$fpl$dfltu         fz_wm.l(dflt_clz.o)
    0x08009e0c   0x08009e0c   0x00000154   Code   RO          779    x$fpl$dmul          fz_wm.l(dmul.o)
    0x08009f60   0x08009f60   0x0000009c   Code   RO          801    x$fpl$dnaninf       fz_wm.l(dnaninf.o)
    0x08009ffc   0x08009ffc   0x0000000c   Code   RO          803    x$fpl$dretinf       fz_wm.l(dretinf.o)
    0x0800a008   0x0800a008   0x00000056   Code   RO          781    x$fpl$f2d           fz_wm.l(f2d.o)
    0x0800a05e   0x0800a05e   0x0000008c   Code   RO          805    x$fpl$fnaninf       fz_wm.l(fnaninf.o)
    0x0800a0ea   0x0800a0ea   0x0000000a   Code   RO          936    x$fpl$fpinit        fz_wm.l(fpinit.o)
    0x0800a0f4   0x0800a0f4   0x0000000a   Code   RO          807    x$fpl$fretinf       fz_wm.l(fretinf.o)
    0x0800a0fe   0x0800a0fe   0x00000004   Code   RO          783    x$fpl$printf1       fz_wm.l(printf1.o)
    0x0800a102   0x0800a102   0x00000000   Code   RO          809    x$fpl$usenofp       fz_wm.l(usenofp.o)
    0x0800a102   0x0800a102   0x000017c0   Data   RO          279    .constdata          lcd.o
    0x0800b8c2   0x0800b8c2   0x00000002   PAD
    0x0800b8c4   0x0800b8c4   0x0000001c   Data   RO          568    .constdata          stm32f4xx_fsmc.o
    0x0800b8e0   0x0800b8e0   0x00000028   Data   RO          712    .constdata          c_w.l(_printf_hex_int.o)
    0x0800b908   0x0800b908   0x00000094   Data   RO          837    .constdata          c_w.l(bigflt0.o)
    0x0800b99c   0x0800b99c   0x00000041   Data   RO            5    .conststring        main.o
    0x0800b9dd   0x0800b9dd   0x00000003   PAD
    0x0800b9e0   0x0800b9e0   0x00000020   Data   RO         1007    Region$$Table       anon$$obj.o
    0x0800ba00   0x0800ba00   0x0000001c   Data   RO          865    locale$$data        c_w.l(lc_numeric_c.o)


    Execution Region RW_IRAM1 (Exec base: 0x20000000, Load base: 0x0800ba1c, Size: 0x00002248, Max: 0x00020000, ABSOLUTE)

    Exec Addr    Load Addr    Size         Type   Attr      Idx    E Section Name        Object

    0x20000000   0x0800ba1c   0x00000001   Data   RW            6    .data               main.o
    0x20000001   0x0800ba1d   0x00000003   PAD
    0x20000004   0x0800ba20   0x00000014   Data   RW          232    .data               system_stm32f4xx.o
    0x20000018   0x0800ba34   0x00000004   Data   RW          280    .data               lcd.o
    0x2000001c   0x0800ba38   0x00000008   Data   RW          316    .data               bh1750.o
    0x20000024   0x0800ba40   0x00000002   Data   RW          394    .data               usart2.o
    0x20000026   0x0800ba42   0x00000004   Data   RW          450    .data               delay.o
    0x2000002a   0x0800ba46   0x00000002   PAD
    0x2000002c   0x0800ba48   0x00000006   Data   RW          491    .data               usart.o
    0x20000032   0x0800ba4e   0x00000010   Data   RW          591    .data               stm32f4xx_rcc.o
    0x20000042   0x0800ba5e   0x00000002   PAD
    0x20000044        -       0x00000190   Zero   RW            4    .bss                main.o
    0x200001d4        -       0x0000000e   Zero   RW          278    .bss                lcd.o
    0x200001e2   0x0800ba5e   0x00000006   PAD
    0x200001e8        -       0x00001938   Zero   RW          393    .bss                usart2.o
    0x20001b20        -       0x000000c8   Zero   RW          490    .bss                usart.o
    0x20001be8        -       0x00000060   Zero   RW          873    .bss                c_w.l(libspace.o)
    0x20001c48        -       0x00000200   Zero   RW          519    HEAP                startup_stm32f40_41xxx.o
    0x20001e48        -       0x00000400   Zero   RW          518    STACK               startup_stm32f40_41xxx.o


==============================================================================

Image component sizes


      Code (inc. data)   RO Data    RW Data    ZI Data      Debug   Object Name

       228         22          0          8          0       1874   bh1750.o
       260          8          0          4          0       1509   delay.o
       428         12          0          0          0       1870   dht11.o
       604         14          0          0          0       1928   iic.o
     19584        174       6080          4         14      22930   lcd.o
        64          4          0          0          0        539   led.o
       920        554          0          0          0       1576   m5311.o
       956        364         65          1        400     304026   main.o
       224         20          0          0          0       1845   misc.o
        64         26        392          0       1536        844   startup_stm32f40_41xxx.o
       936         32          0          0          0       6421   stm32f4xx_dma.o
      1480         18         28          0          0       5690   stm32f4xx_fsmc.o
       660         44          0          0          0       4185   stm32f4xx_gpio.o
        26          0          0          0          0       1238   stm32f4xx_it.o
      1628         52          0         16          0      13076   stm32f4xx_rcc.o
      3234         60          0          0          0      23044   stm32f4xx_tim.o
      1108         34          0          0          0       7912   stm32f4xx_usart.o
       528         46          0         20          0       1819   system_stm32f4xx.o
       332         18          0          6        200       3366   usart.o
       772         32          0          2       6456       4223   usart2.o

    ----------------------------------------------------------------------
     34038       1534       6602         68       8612     409915   Object Totals
         0          0         32          0          0          0   (incl. Generated)
         2          0          5          7          6          0   (incl. Padding)

    ----------------------------------------------------------------------

      Code (inc. data)   RO Data    RW Data    ZI Data      Debug   Library Member Name

         8          0          0          0          0         68   __main.o
       284          0          0          0          0        156   __printf_wp.o
         0          0          0          0          0          0   __rtentry.o
        12          0          0          0          0          0   __rtentry2.o
         6          0          0          0          0          0   __rtentry4.o
        52          8          0          0          0          0   __scatter.o
        26          0          0          0          0          0   __scatter_copy.o
        28          0          0          0          0          0   __scatter_zi.o
        44          0          0          0          0        108   _printf_char.o
        48          6          0          0          0         96   _printf_char_common.o
        36          4          0          0          0         80   _printf_char_file.o
         6          0          0          0          0          0   _printf_f.o
      1054          0          0          0          0        216   _printf_fp_dec.o
       128         16          0          0          0         84   _printf_fp_infnan.o
        88          4         40          0          0         88   _printf_hex_int.o
       178          0          0          0          0         88   _printf_intcommon.o
        78          0          0          0          0        108   _printf_pad.o
         0          0          0          0          0          0   _printf_percent.o
         4          0          0          0          0          0   _printf_percent_end.o
         6          0          0          0          0          0   _printf_s.o
        82          0          0          0          0         80   _printf_str.o
         6          0          0          0          0          0   _printf_x.o
        10          0          0          0          0         68   _sputc.o
       228          4        148          0          0         96   bigflt0.o
      1936        128          0          0          0        672   btod.o
        18          0          0          0          0         80   exit.o
         8          0          0          0          0         68   ferror.o
         6          0          0          0          0        152   heapauxi.o
        44         10         28          0          0         76   lc_numeric_c.o
         2          0          0          0          0          0   libinit.o
        22          0          0          0          0          0   libinit2.o
         2          0          0          0          0          0   libshutdown.o
         2          0          0          0          0          0   libshutdown2.o
         8          4          0          0         96         68   libspace.o
       138          0          0          0          0         80   lludiv10.o
        24          4          0          0          0         84   noretval__2printf.o
        40          6          0          0          0         84   noretval__2sprintf.o
         8          4          0          0          0         68   rt_locale_intlibspace.o
         2          0          0          0          0          0   rtexit.o
        10          0          0          0          0          0   rtexit2.o
       128          0          0          0          0         68   strcmpv7m.o
        72          0          0          0          0         80   strcpy.o
        62          0          0          0          0         76   strlen.o
        36          0          0          0          0         80   strstr.o
        74          0          0          0          0         80   sys_stackheap_outer.o
         2          0          0          0          0         68   use_no_semi.o
         2          0          0          0          0         68   use_no_semi_2.o
        98          4          0          0          0        140   d2f.o
       688        140          0          0          0        256   ddiv.o
        90          4          0          0          0        140   dfixu.o
        38          0          0          0          0        116   dflt_clz.o
       340         12          0          0          0        152   dmul.o
       156          4          0          0          0        140   dnaninf.o
        12          0          0          0          0        116   dretinf.o
        86          4          0          0          0        132   f2d.o
       140          4          0          0          0        132   fnaninf.o
        10          0          0          0          0        116   fpinit.o
        10          0          0          0          0        116   fretinf.o
         4          0          0          0          0        116   printf1.o
         0          0          0          0          0          0   usenofp.o
        48          0          0          0          0        124   fpclassify.o

    ----------------------------------------------------------------------
      6788        370        216          0         96       5084   Library Totals
        10          0          0          0          0          0   (incl. Padding)

    ----------------------------------------------------------------------

      Code (inc. data)   RO Data    RW Data    ZI Data      Debug   Library Name

      5058        198        216          0         96       3288   c_w.l
      1672        172          0          0          0       1672   fz_wm.l
        48          0          0          0          0        124   m_wm.l

    ----------------------------------------------------------------------
      6788        370        216          0         96       5084   Library Totals

    ----------------------------------------------------------------------

==============================================================================


      Code (inc. data)   RO Data    RW Data    ZI Data      Debug   

     40826       1904       6818         68       8708     408279   Grand Totals
     40826       1904       6818         68       8708     408279   ELF Image Totals
     40826       1904       6818         68          0          0   ROM Totals

==============================================================================

    Total RO  Size (Code + RO Data)                47644 (  46.53kB)
    Total RW  Size (RW Data + ZI Data)              8776 (   8.57kB)
    Total ROM Size (Code + RO Data + RW Data)      47712 (  46.59kB)

==============================================================================

