Component: ARM Compiler 5.06 update 6 (build 750) Tool: armlink [4d35ed]

==============================================================================

Section Cross References

    main.o(.text) refers to _printf_percent.o(.ARM.Collect$$_printf_percent$$00000000) for _printf_percent
    main.o(.text) refers to _printf_s.o(.ARM.Collect$$_printf_percent$$00000014) for _printf_s
    main.o(.text) refers to _printf_str.o(.text) for _printf_str
    main.o(.text) refers to _printf_pad.o(.text) for _printf_pre_padding
    main.o(.text) refers to _printf_f.o(.ARM.Collect$$_printf_percent$$00000003) for _printf_f
    main.o(.text) refers to printf1.o(x$fpl$printf1) for _printf_fp_dec
    main.o(.text) refers to strstr.o(.text) for strstr
    main.o(.text) refers to delay.o(.text) for delay_ms
    main.o(.text) refers to __2printf.o(.text) for __2printf
    main.o(.text) refers to m5311.o(.text) for nb_coap_init
    main.o(.text) refers to misc.o(.text) for NVIC_PriorityGroupConfig
    main.o(.text) refers to usart.o(.text) for uart_init
    main.o(.text) refers to usart2.o(.text) for USART2_Init
    main.o(.text) refers to lcd.o(.text) for LCD_Init
    main.o(.text) refers to led.o(.text) for LED_Init
    main.o(.text) refers to bh1750.o(.text) for BH1750_Init
    main.o(.text) refers to dht11.o(.text) for DHT11_Init
    main.o(.text) refers to strcpy.o(.text) for strcpy
    main.o(.text) refers to f2d.o(x$fpl$f2d) for __aeabi_f2d
    main.o(.text) refers to __2sprintf.o(.text) for __2sprintf
    main.o(.text) refers to strlen.o(.text) for strlen
    main.o(.text) refers to main.o(.bss) for nb_iotdat
    main.o(.text) refers to main.o(.data) for link
    main.o(.text) refers to usart2.o(.data) for USART2_RX_STA
    main.o(.text) refers to usart2.o(.bss) for USART2_RX_BUF
    main.o(.text) refers to bh1750.o(.data) for result_lx
    system_stm32f4xx.o(.text) refers to system_stm32f4xx.o(.data) for SystemCoreClock
    led.o(.text) refers to stm32f4xx_rcc.o(.text) for RCC_AHB1PeriphClockCmd
    led.o(.text) refers to stm32f4xx_gpio.o(.text) for GPIO_Init
    lcd.o(.text) refers to _printf_percent.o(.ARM.Collect$$_printf_percent$$00000000) for _printf_percent
    lcd.o(.text) refers to _printf_x.o(.ARM.Collect$$_printf_percent$$0000000C) for _printf_x
    lcd.o(.text) refers to _printf_hex_int_ll_ptr.o(.text) for _printf_longlong_hex
    lcd.o(.text) refers to delay.o(.text) for delay_us
    lcd.o(.text) refers to lcd.o(.bss) for lcddev
    lcd.o(.text) refers to lcd.o(.data) for POINT_COLOR
    lcd.o(.text) refers to dflt_clz.o(x$fpl$dfltu) for __aeabi_ui2d
    lcd.o(.text) refers to dmul.o(x$fpl$dmul) for __aeabi_dmul
    lcd.o(.text) refers to dfixu.o(x$fpl$dfixu) for __aeabi_d2uiz
    lcd.o(.text) refers to stm32f4xx_rcc.o(.text) for RCC_AHB1PeriphClockCmd
    lcd.o(.text) refers to stm32f4xx_gpio.o(.text) for GPIO_Init
    lcd.o(.text) refers to stm32f4xx_fsmc.o(.text) for FSMC_NORSRAMInit
    lcd.o(.text) refers to __2printf.o(.text) for __2printf
    lcd.o(.text) refers to lcd.o(.constdata) for asc2_1206
    bh1750.o(.text) refers to iic.o(.text) for IIC_Init
    bh1750.o(.text) refers to delay.o(.text) for delay_ms
    bh1750.o(.text) refers to dflt_clz.o(x$fpl$dfltu) for __aeabi_ui2d
    bh1750.o(.text) refers to ddiv.o(x$fpl$ddiv) for __aeabi_ddiv
    bh1750.o(.text) refers to d2f.o(x$fpl$d2f) for __aeabi_d2f
    bh1750.o(.text) refers to bh1750.o(.data) for BUF
    iic.o(.text) refers to stm32f4xx_rcc.o(.text) for RCC_AHB1PeriphClockCmd
    iic.o(.text) refers to stm32f4xx_gpio.o(.text) for GPIO_Init
    iic.o(.text) refers to delay.o(.text) for delay_us
    m5311.o(.text) refers to _printf_pad.o(.text) for _printf_pre_padding
    m5311.o(.text) refers to _printf_percent.o(.ARM.Collect$$_printf_percent$$00000000) for _printf_percent
    m5311.o(.text) refers to _printf_x.o(.ARM.Collect$$_printf_percent$$0000000C) for _printf_x
    m5311.o(.text) refers to _printf_hex_int_ll_ptr.o(.text) for _printf_longlong_hex
    m5311.o(.text) refers to _printf_s.o(.ARM.Collect$$_printf_percent$$00000014) for _printf_s
    m5311.o(.text) refers to _printf_str.o(.text) for _printf_str
    m5311.o(.text) refers to _printf_d.o(.ARM.Collect$$_printf_percent$$00000009) for _printf_d
    m5311.o(.text) refers to _printf_dec.o(.text) for _printf_int_dec
    m5311.o(.text) refers to __2sprintf.o(.text) for __2sprintf
    m5311.o(.text) refers to __2printf.o(.text) for __2printf
    m5311.o(.text) refers to strstr.o(.text) for strstr
    m5311.o(.text) refers to strlen.o(.text) for strlen
    m5311.o(.text) refers to usart2.o(.text) for uart2_send_buff
    m5311.o(.text) refers to delay.o(.text) for delay_ms
    m5311.o(.text) refers to rt_memclr_w.o(.text) for __aeabi_memclr4
    m5311.o(.text) refers to __2snprintf.o(.text) for __2snprintf
    m5311.o(.text) refers to usart2.o(.data) for USART2_RX_STA
    m5311.o(.text) refers to usart2.o(.bss) for USART2_RX_BUF
    m5311.o(.text) refers to m5311.o(.bss) for wbuf
[...]
    _rand_init                                - Undefined Weak Reference
    _signal_finish                            - Undefined Weak Reference
    _signal_init                              - Undefined Weak Reference
    _terminate_alloc                          - Undefined Weak Reference
    _terminate_user_alloc                     - Undefined Weak Reference
    _terminateio                              - Undefined Weak Reference
    __Vectors_Size                           0x00000188   Number         0  startup_stm32f40_41xxx.o ABSOLUTE
    __Vectors                                0x08000000   Data           4  startup_stm32f40_41xxx.o(RESET)
    __Vectors_End                            0x08000188   Data           0  startup_stm32f40_41xxx.o(RESET)
    __main                                   0x08000189   Thumb Code     8  __main.o(!!!main)
    __scatterload                            0x08000191   Thumb Code     0  __scatter.o(!!!scatter)
    __scatterload_rt2                        0x08000191   Thumb Code    44  __scatter.o(!!!scatter)
    __scatterload_rt2_thumb_only             0x08000191   Thumb Code     0  __scatter.o(!!!scatter)
    __scatterload_null                       0x0800019f   Thumb Code     0  __scatter.o(!!!scatter)
    __scatterload_copy                       0x080001c5   Thumb Code    26  __scatter_copy.o(!!handler_copy)
    __scatterload_zeroinit                   0x080001e1   Thumb Code    28  __scatter_zi.o(!!handler_zi)
    _printf_n                                0x080001fd   Thumb Code     0  _printf_n.o(.ARM.Collect$$_printf_percent$$00000001)
    _printf_percent                          0x080001fd   Thumb Code     0  _printf_percent.o(.ARM.Collect$$_printf_percent$$00000000)
    _printf_p                                0x08000203   Thumb Code     0  _printf_p.o(.ARM.Collect$$_printf_percent$$00000002)
    _printf_f                                0x08000209   Thumb Code     0  _printf_f.o(.ARM.Collect$$_printf_percent$$00000003)
    _printf_e                                0x0800020f   Thumb Code     0  _printf_e.o(.ARM.Collect$$_printf_percent$$00000004)
    _printf_g                                0x08000215   Thumb Code     0  _printf_g.o(.ARM.Collect$$_printf_percent$$00000005)
    _printf_a                                0x0800021b   Thumb Code     0  _printf_a.o(.ARM.Collect$$_printf_percent$$00000006)
    _printf_ll                               0x08000221   Thumb Code     0  _printf_ll.o(.ARM.Collect$$_printf_percent$$00000007)
    _printf_i                                0x0800022b   Thumb Code     0  _printf_i.o(.ARM.Collect$$_printf_percent$$00000008)
    _printf_d                                0x08000231   Thumb Code     0  _printf_d.o(.ARM.Collect$$_printf_percent$$00000009)
    _printf_u                                0x08000237   Thumb Code     0  _printf_u.o(.ARM.Collect$$_printf_percent$$0000000A)
    _printf_o                                0x0800023d   Thumb Code     0  _printf_o.o(.ARM.Collect$$_printf_percent$$0000000B)
    _printf_x                                0x08000243   Thumb Code     0  _printf_x.o(.ARM.Collect$$_printf_percent$$0000000C)
    _printf_lli                              0x08000249   Thumb Code     0  _printf_lli.o(.ARM.Collect$$_printf_percent$$0000000D)
    _printf_lld                              0x0800024f   Thumb Code     0  _printf_lld.o(.ARM.Collect$$_printf_percent$$0000000E)
    _printf_llu                              0x08000255   Thumb Code     0  _printf_llu.o(.ARM.Collect$$_printf_percent$$0000000F)
    _printf_llo                              0x0800025b   Thumb Code     0  _printf_llo.o(.ARM.Collect$$_printf_percent$$00000010)
    _printf_llx                              0x08000261   Thumb Code     0  _printf_llx.o(.ARM.Collect$$_printf_percent$$00000011)
    _printf_l                                0x08000267   Thumb Code     0  _printf_l.o(.ARM.Collect$$_printf_percent$$00000012)
    _printf_c                                0x08000271   Thumb Code     0  _printf_c.o(.ARM.Collect$$_printf_percent$$00000013)
    _printf_s                                0x08000277   Thumb Code     0  _printf_s.o(.ARM.Collect$$_printf_percent$$00000014)
    _printf_lc                               0x0800027d   Thumb Code     0  _printf_lc.o(.ARM.Collect$$_printf_percent$$00000015)
    _printf_ls                               0x08000283   Thumb Code     0  _printf_ls.o(.ARM.Collect$$_printf_percent$$00000016)
    _printf_percent_end                      0x08000289   Thumb Code     0  _printf_percent_end.o(.ARM.Collect$$_printf_percent$$00000017)
    __rt_lib_init                            0x0800028d   Thumb Code     0  libinit.o(.ARM.Collect$$libinit$$00000000)
    __rt_lib_init_fp_1                       0x0800028f   Thumb Code     0  libinit2.o(.ARM.Collect$$libinit$$00000001)
    __rt_lib_init_heap_1                     0x08000293   Thumb Code     0  libinit2.o(.ARM.Collect$$libinit$$0000000A)
    __rt_lib_init_lc_common                  0x08000293   Thumb Code     0  libinit2.o(.ARM.Collect$$libinit$$0000000F)
    __rt_lib_init_preinit_1                  0x08000293   Thumb Code     0  libinit2.o(.ARM.Collect$$libinit$$00000004)
    __rt_lib_init_rand_1                     0x08000293   Thumb Code     0  libinit2.o(.ARM.Collect$$libinit$$0000000E)
    __rt_lib_init_user_alloc_1               0x08000293   Thumb Code     0  libinit2.o(.ARM.Collect$$libinit$$0000000C)
    __rt_lib_init_lc_collate_1               0x08000299   Thumb Code     0  libinit2.o(.ARM.Collect$$libinit$$00000011)
    __rt_lib_init_lc_ctype_2                 0x08000299   Thumb Code     0  libinit2.o(.ARM.Collect$$libinit$$00000012)
    __rt_lib_init_lc_ctype_1                 0x080002a5   Thumb Code     0  libinit2.o(.ARM.Collect$$libinit$$00000013)
    __rt_lib_init_lc_monetary_1              0x080002a5   Thumb Code     0  libinit2.o(.ARM.Collect$$libinit$$00000015)
    __rt_lib_init_lc_numeric_2               0x080002a5   Thumb Code     0  libinit2.o(.ARM.Collect$$libinit$$00000016)
    __rt_lib_init_alloca_1                   0x080002af   Thumb Code     0  libinit2.o(.ARM.Collect$$libinit$$0000002E)
    __rt_lib_init_argv_1                     0x080002af   Thumb Code     0  libinit2.o(.ARM.Collect$$libinit$$0000002C)
    __rt_lib_init_atexit_1                   0x080002af   Thumb Code     0  libinit2.o(.ARM.Collect$$libinit$$0000001B)
    __rt_lib_init_clock_1                    0x080002af   Thumb Code     0  libinit2.o(.ARM.Collect$$libinit$$00000021)
    __rt_lib_init_cpp_1                      0x080002af   Thumb Code     0  libinit2.o(.ARM.Collect$$libinit$$00000032)
    __rt_lib_init_exceptions_1               0x080002af   Thumb Code     0  libinit2.o(.ARM.Collect$$libinit$$00000030)
    __rt_lib_init_fp_trap_1                  0x080002af   Thumb Code     0  libinit2.o(.ARM.Collect$$libinit$$0000001F)
    __rt_lib_init_getenv_1                   0x080002af   Thumb Code     0  libinit2.o(.ARM.Collect$$libinit$$00000023)
    __rt_lib_init_lc_numeric_1               0x080002af   Thumb Code     0  libinit2.o(.ARM.Collect$$libinit$$00000017)
    __rt_lib_init_lc_time_1                  0x080002af   Thumb Code     0  libinit2.o(.ARM.Collect$$libinit$$00000019)
    __rt_lib_init_return                     0x080002af   Thumb Code     0  libinit2.o(.ARM.Collect$$libinit$$00000033)
    __rt_lib_init_signal_1                   0x080002af   Thumb Code     0  libinit2.o(.ARM.Collect$$libinit$$0000001D)
    __rt_lib_init_stdio_1                    0x080002af   Thumb Code     0  libinit2.o(.ARM.Collect$$libinit$$00000025)
    __rt_lib_shutdown                        0x080002b1   Thumb Code     0  libshutdown.o(.ARM.Collect$$libshutdown$$00000000)
    __rt_lib_shutdown_cpp_1                  0x080002b3   Thumb Code     0  libshutdown2.o(.ARM.Collect$$libshutdown$$00000002)
    __rt_lib_shutdown_fp_trap_1              0x080002b3   Thumb Code     0  libshutdown2.o(.ARM.Collect$$libshutdown$$00000007)
    __rt_lib_shutdown_heap_1                 0x080002b3   Thumb Code     0  libshutdown2.o(.ARM.Collect$$libshutdown$$0000000F)
    __rt_lib_shutdown_return                 0x080002b3   Thumb Code     0  libshutdown2.o(.ARM.Collect$$libshutdown$$00000010)
    __rt_lib_shutdown_signal_1               0x080002b3   Thumb Code     0  libshutdown2.o(.ARM.Collect$$libshutdown$$0000000A)
    __rt_lib_shutdown_stdio_1                0x080002b3   Thumb Code     0  libshutdown2.o(.ARM.Collect$$libshutdown$$00000004)
    __rt_lib_shutdown_user_alloc_1           0x080002b3   Thumb Code     0  libshutdown2.o(.ARM.Collect$$libshutdown$$0000000C)
    __rt_entry                               0x080002b5   Thumb Code     0  __rtentry.o(.ARM.Collect$$rtentry$$00000000)
    __rt_entry_presh_1                       0x080002b5   Thumb Code     0  __rtentry2.o(.ARM.Collect$$rtentry$$00000002)
    __rt_entry_sh                            0x080002b5   Thumb Code     0  __rtentry4.o(.ARM.Collect$$rtentry$$00000004)
    __rt_entry_li                            0x080002bb   Thumb Code     0  __rtentry2.o(.ARM.Collect$$rtentry$$0000000A)
    __rt_entry_postsh_1                      0x080002bb   Thumb Code     0  __rtentry2.o(.ARM.Collect$$rtentry$$00000009)
    __rt_entry_main                          0x080002bf   Thumb Code     0  __rtentry2.o(.ARM.Collect$$rtentry$$0000000D)
    __rt_entry_postli_1                      0x080002bf   Thumb Code     0  __rtentry2.o(.ARM.Collect$$rtentry$$0000000C)
    __rt_exit                                0x080002c7   Thumb Code     0  rtexit.o(.ARM.Collect$$rtexit$$00000000)
    __rt_exit_ls                             0x080002c9   Thumb Code     0  rtexit2.o(.ARM.Collect$$rtexit$$00000003)
    __rt_exit_prels_1                        0x080002c9   Thumb Code     0  rtexit2.o(.ARM.Collect$$rtexit$$00000002)
    __rt_exit_exit                           0x080002cd   Thumb Code     0  rtexit2.o(.ARM.Collect$$rtexit$$00000004)
    M5311_analysis                           0x080002d5   Thumb Code    98  main.o(.text)
    main                                     0x08000337   Thumb Code   514  main.o(.text)
    NMI_Handler                              0x080006e5   Thumb Code     2  stm32f4xx_it.o(.text)
    HardFault_Handler                        0x080006e7   Thumb Code     4  stm32f4xx_it.o(.text)
    MemManage_Handler                        0x080006eb   Thumb Code     4  stm32f4xx_it.o(.text)
    BusFault_Handler                         0x080006ef   Thumb Code     4  stm32f4xx_it.o(.text)
    UsageFault_Handler                       0x080006f3   Thumb Code     4  stm32f4xx_it.o(.text)
    SVC_Handler                              0x080006f7   Thumb Code     2  stm32f4xx_it.o(.text)
    DebugMon_Handler                         0x080006f9   Thumb Code     2  stm32f4xx_it.o(.text)
    PendSV_Handler                           0x080006fb   Thumb Code     2  stm32f4xx_it.o(.text)
    SysTick_Handler                          0x080006fd   Thumb Code     2  stm32f4xx_it.o(.text)
    SystemInit                               0x080007dd   Thumb Code    88  system_stm32f4xx.o(.text)
    SystemCoreClockUpdate                    0x08000835   Thumb Code   174  system_stm32f4xx.o(.text)
    LED_Init                                 0x08000911   Thumb Code    60  led.o(.text)
    LCD_WR_REG                               0x08000951   Thumb Code    18  lcd.o(.text)
    LCD_WR_DATA                              0x08000963   Thumb Code    20  lcd.o(.text)
    LCD_RD_DATA                              0x08000977   Thumb Code    16  lcd.o(.text)
    LCD_WriteReg                             0x08000987   Thumb Code    14  lcd.o(.text)
    LCD_ReadReg                              0x08000995   Thumb Code    22  lcd.o(.text)
    LCD_WriteRAM_Prepare                     0x080009ab   Thumb Code    10  lcd.o(.text)
    LCD_WriteRAM                             0x080009b5   Thumb Code     8  lcd.o(.text)
    LCD_BGR2RGB                              0x080009bd   Thumb Code    26  lcd.o(.text)
    opt_delay                                0x080009d7   Thumb Code    14  lcd.o(.text)
    LCD_SetCursor                            0x080009e5   Thumb Code   418  lcd.o(.text)
    LCD_ReadPoint                            0x08000b87   Thumb Code   360  lcd.o(.text)
    LCD_DisplayOn                            0x08000cef   Thumb Code   102  lcd.o(.text)
    LCD_DisplayOff                           0x08000d55   Thumb Code    90  lcd.o(.text)
    LCD_Scan_Dir                             0x08000daf   Thumb Code   744  lcd.o(.text)
    LCD_DrawPoint                            0x08001097   Thumb Code    28  lcd.o(.text)
    LCD_Fast_DrawPoint                       0x080010b3   Thumb Code   388  lcd.o(.text)
    LCD_SSD_BackLightSet                     0x08001237   Thumb Code    88  lcd.o(.text)
    LCD_Display_Dir                          0x0800128f   Thumb Code   444  lcd.o(.text)
    LCD_Set_Window                           0x0800144b   Thumb Code   546  lcd.o(.text)
    LCD_Clear                                0x0800166d   Thumb Code   100  lcd.o(.text)
    LCD_Init                                 0x080016d1   Thumb Code 14696  lcd.o(.text)
    LCD_Fill                                 0x08005039   Thumb Code   180  lcd.o(.text)
    LCD_Color_Fill                           0x080050ed   Thumb Code   100  lcd.o(.text)
    LCD_DrawLine                             0x08005151   Thumb Code   176  lcd.o(.text)
    LCD_DrawRectangle                        0x08005201   Thumb Code    60  lcd.o(.text)
    LCD_Draw_Circle                          0x0800523d   Thumb Code   152  lcd.o(.text)
    LCD_ShowChar                             0x080052d5   Thumb Code   272  lcd.o(.text)
    LCD_Pow                                  0x080053e5   Thumb Code    22  lcd.o(.text)
    LCD_ShowNum                              0x080053fb   Thumb Code   148  lcd.o(.text)
    LCD_ShowxNum                             0x0800548f   Thumb Code   220  lcd.o(.text)
    LCD_ShowString                           0x0800556b   Thumb Code   102  lcd.o(.text)
    BH1750_Init                              0x080055d1   Thumb Code     8  bh1750.o(.text)
    BH1750_data_send                         0x080055d9   Thumb Code    52  bh1750.o(.text)
    Start_BH1750                             0x0800560d   Thumb Code    22  bh1750.o(.text)
    Read_BH1750                              0x08005623   Thumb Code    54  bh1750.o(.text)
    Convert_BH1750                           0x08005659   Thumb Code    70  bh1750.o(.text)
    IIC_Init                                 0x080056b5   Thumb Code    62  iic.o(.text)
    IIC_Start                                0x080056f3   Thumb Code    68  iic.o(.text)
    IIC_Stop                                 0x08005737   Thumb Code    62  iic.o(.text)
    IIC_Wait_Ack                             0x08005775   Thumb Code    82  iic.o(.text)
    IIC_Ack                                  0x080057c7   Thumb Code    66  iic.o(.text)
    IIC_NAck                                 0x08005809   Thumb Code    66  iic.o(.text)
    IIC_Send_Byte                            0x0800584b   Thumb Code    90  iic.o(.text)
    IIC_Read_Byte                            0x080058a5   Thumb Code    94  iic.o(.text)
    str_to_hex                               0x08005911   Thumb Code    54  m5311.o(.text)
    m5311_check_cmd                          0x08005947   Thumb Code    52  m5311.o(.text)
    m5311_send_cmd                           0x0800597b   Thumb Code   100  m5311.o(.text)
    pre_init_m5311                           0x080059df   Thumb Code   214  m5311.o(.text)
    nb_coap_init                             0x08005ab5   Thumb Code    40  m5311.o(.text)
    NB_M5311_coapSendStr                     0x08005add   Thumb Code    94  m5311.o(.text)
    nb_coap_report                           0x08005b3b   Thumb Code    32  m5311.o(.text)
    TIM4_Set                                 0x08005db1   Thumb Code    34  usart2.o(.text)
    USART2_IRQHandler                        0x08005dd3   Thumb Code    84  usart2.o(.text)
    UART_DMA_Config                          0x08005e27   Thumb Code   166  usart2.o(.text)
    TIM4_Init                                0x08005ecd   Thumb Code    80  usart2.o(.text)
    USART2_Init                              0x08005f1d   Thumb Code   228  usart2.o(.text)
    UART_DMA_Enable                          0x08006001   Thumb Code    44  usart2.o(.text)
    u2_printf                                0x0800602d   Thumb Code    58  usart2.o(.text)
    TIM4_IRQHandler                          0x08006067   Thumb Code    40  usart2.o(.text)
    uart2_send_char                          0x0800608f   Thumb Code    28  usart2.o(.text)
    uart2_send_buff                          0x080060ab   Thumb Code    36  usart2.o(.text)
    DHT11_Rst                                0x080060f9   Thumb Code    52  dht11.o(.text)
    DHT11_Check                              0x0800612d   Thumb Code    92  dht11.o(.text)
    DHT11_Read_Bit                           0x08006189   Thumb Code    76  dht11.o(.text)
    DHT11_Read_Byte                          0x080061d5   Thumb Code    30  dht11.o(.text)
    DHT11_Read_Data                          0x080061f3   Thumb Code   108  dht11.o(.text)
    DHT11_Init                               0x0800625f   Thumb Code    58  dht11.o(.text)
    delay_init                               0x080062a5   Thumb Code    52  delay.o(.text)
    delay_us                                 0x080062d9   Thumb Code    72  delay.o(.text)
    delay_xms                                0x08006321   Thumb Code    72  delay.o(.text)
    delay_ms                                 0x08006369   Thumb Code    56  delay.o(.text)
    _sys_exit                                0x080063a9   Thumb Code     6  usart.o(.text)
    fputc                                    0x080063af   Thumb Code    22  usart.o(.text)
    uart_init                                0x080063c5   Thumb Code   164  usart.o(.text)
    USART1_IRQHandler                        0x08006469   Thumb Code   122  usart.o(.text)
    Reset_Handler                            0x080064f5   Thumb Code     8  startup_stm32f40_41xxx.o(.text)
    ADC_IRQHandler                           0x0800650f   Thumb Code     0  startup_stm32f40_41xxx.o(.text)
    CAN1_RX0_IRQHandler                      0x0800650f   Thumb Code     0  startup_stm32f40_41xxx.o(.text)
    CAN1_RX1_IRQHandler                      0x0800650f   Thumb Code     0  startup_stm32f40_41xxx.o(.text)
    CAN1_SCE_IRQHandler                      0x0800650f   Thumb Code     0  startup_stm32f40_41xxx.o(.text)
    CAN1_TX_IRQHandler                       0x0800650f   Thumb Code     0  startup_stm32f40_41xxx.o(.text)
    CAN2_RX0_IRQHandler                      0x0800650f   Thumb Code     0  startup_stm32f40_41xxx.o(.text)
    CAN2_RX1_IRQHandler                      0x0800650f   Thumb Code     0  startup_stm32f40_41xxx.o(.text)
    CAN2_SCE_IRQHandler                      0x0800650f   Thumb Code     0  startup_stm32f40_41xxx.o(.text)
    CAN2_TX_IRQHandler                       0x0800650f   Thumb Code     0  startup_stm32f40_41xxx.o(.text)
    CRYP_IRQHandler                          0x0800650f   Thumb Code     0  startup_stm32f40_41xxx.o(.text)
    DCMI_IRQHandler                          0x0800650f   Thumb Code     0  startup_stm32f40_41xxx.o(.text)
    DMA1_Stream0_IRQHandler                  0x0800650f   Thumb Code     0  startup_stm32f40_41xxx.o(.text)
    DMA1_Stream1_IRQHandler                  0x0800650f   Thumb Code     0  startup_stm32f40_41xxx.o(.text)
    DMA1_Stream2_IRQHandler                  0x0800650f   Thumb Code     0  startup_stm32f40_41xxx.o(.text)
    DMA1_Stream3_IRQHandler                  0x0800650f   Thumb Code     0  startup_stm32f40_41xxx.o(.text)
    DMA1_Stream4_IRQHandler                  0x0800650f   Thumb Code     0  startup_stm32f40_41xxx.o(.text)
    DMA1_Stream5_IRQHandler                  0x0800650f   Thumb Code     0  startup_stm32f40_41xxx.o(.text)
    DMA1_Stream6_IRQHandler                  0x0800650f   Thumb Code     0  startup_stm32f40_41xxx.o(.text)
    DMA1_Stream7_IRQHandler                  0x0800650f   Thumb Code     0  startup_stm32f40_41xxx.o(.text)
    DMA2_Stream0_IRQHandler                  0x0800650f   Thumb Code     0  startup_stm32f40_41xxx.o(.text)
    DMA2_Stream1_IRQHandler                  0x0800650f   Thumb Code     0  startup_stm32f40_41xxx.o(.text)
    DMA2_Stream2_IRQHandler                  0x0800650f   Thumb Code     0  startup_stm32f40_41xxx.o(.text)
    DMA2_Stream3_IRQHandler                  0x0800650f   Thumb Code     0  startup_stm32f40_41xxx.o(.text)
    DMA2_Stream4_IRQHandler                  0x0800650f   Thumb Code     0  startup_stm32f40_41xxx.o(.text)
    DMA2_Stream5_IRQHandler                  0x0800650f   Thumb Code     0  startup_stm32f40_41xxx.o(.text)
    DMA2_Stream6_IRQHandler                  0x0800650f   Thumb Code     0  startup_stm32f40_41xxx.o(.text)
    DMA2_Stream7_IRQHandler                  0x0800650f   Thumb Code     0  startup_stm32f40_41xxx.o(.text)
    ETH_IRQHandler                           0x0800650f   Thumb Code     0  startup_stm32f40_41xxx.o(.text)
    ETH_WKUP_IRQHandler                      0x0800650f   Thumb Code     0  startup_stm32f40_41xxx.o(.text)
    EXTI0_IRQHandler                         0x0800650f   Thumb Code     0  startup_stm32f40_41xxx.o(.text)
    EXTI15_10_IRQHandler                     0x0800650f   Thumb Code     0  startup_stm32f40_41xxx.o(.text)
    EXTI1_IRQHandler                         0x0800650f   Thumb Code     0  startup_stm32f40_41xxx.o(.text)
    EXTI2_IRQHandler                         0x0800650f   Thumb Code     0  startup_stm32f40_41xxx.o(.text)
    EXTI3_IRQHandler                         0x0800650f   Thumb Code     0  startup_stm32f40_41xxx.o(.text)
    EXTI4_IRQHandler                         0x0800650f   Thumb Code     0  startup_stm32f40_41xxx.o(.text)
    EXTI9_5_IRQHandler                       0x0800650f   Thumb Code     0  startup_stm32f40_41xxx.o(.text)
    FLASH_IRQHandler                         0x0800650f   Thumb Code     0  startup_stm32f40_41xxx.o(.text)
    FPU_IRQHandler                           0x0800650f   Thumb Code     0  startup_stm32f40_41xxx.o(.text)
    FSMC_IRQHandler                          0x0800650f   Thumb Code     0  startup_stm32f40_41xxx.o(.text)
    HASH_RNG_IRQHandler                      0x0800650f   Thumb Code     0  startup_stm32f40_41xxx.o(.text)
    I2C1_ER_IRQHandler                       0x0800650f   Thumb Code     0  startup_stm32f40_41xxx.o(.text)
    I2C1_EV_IRQHandler                       0x0800650f   Thumb Code     0  startup_stm32f40_41xxx.o(.text)
    I2C2_ER_IRQHandler                       0x0800650f   Thumb Code     0  startup_stm32f40_41xxx.o(.text)
    I2C2_EV_IRQHandler                       0x0800650f   Thumb Code     0  startup_stm32f40_41xxx.o(.text)
    I2C3_ER_IRQHandler                       0x0800650f   Thumb Code     0  startup_stm32f40_41xxx.o(.text)
    I2C3_EV_IRQHandler                       0x0800650f   Thumb Code     0  startup_stm32f40_41xxx.o(.text)
    OTG_FS_IRQHandler                        0x0800650f   Thumb Code     0  startup_stm32f40_41xxx.o(.text)
    OTG_FS_WKUP_IRQHandler                   0x0800650f   Thumb Code     0  startup_stm32f40_41xxx.o(.text)
    OTG_HS_EP1_IN_IRQHandler                 0x0800650f   Thumb Code     0  startup_stm32f40_41xxx.o(.text)
    OTG_HS_EP1_OUT_IRQHandler                0x0800650f   Thumb Code     0  startup_stm32f40_41xxx.o(.text)
    OTG_HS_IRQHandler                        0x0800650f   Thumb Code     0  startup_stm32f40_41xxx.o(.text)
    OTG_HS_WKUP_IRQHandler                   0x0800650f   Thumb Code     0  startup_stm32f40_41xxx.o(.text)
    PVD_IRQHandler                           0x0800650f   Thumb Code     0  startup_stm32f40_41xxx.o(.text)
    RCC_IRQHandler                           0x0800650f   Thumb Code     0  startup_stm32f40_41xxx.o(.text)
    RTC_Alarm_IRQHandler                     0x0800650f   Thumb Code     0  startup_stm32f40_41xxx.o(.text)
    RTC_WKUP_IRQHandler                      0x0800650f   Thumb Code     0  startup_stm32f40_41xxx.o(.text)
    SDIO_IRQHandler                          0x0800650f   Thumb Code     0  startup_stm32f40_41xxx.o(.text)
    SPI1_IRQHandler                          0x0800650f   Thumb Code     0  startup_stm32f40_41xxx.o(.text)
    SPI2_IRQHandler                          0x0800650f   Thumb Code     0  startup_stm32f40_41xxx.o(.text)
    SPI3_IRQHandler                          0x0800650f   Thumb Code     0  startup_stm32f40_41xxx.o(.text)
    TAMP_STAMP_IRQHandler                    0x0800650f   Thumb Code     0  startup_stm32f40_41xxx.o(.text)
    TIM1_BRK_TIM9_IRQHandler                 0x0800650f   Thumb Code     0  startup_stm32f40_41xxx.o(.text)
    TIM1_CC_IRQHandler                       0x0800650f   Thumb Code     0  startup_stm32f40_41xxx.o(.text)
    TIM1_TRG_COM_TIM11_IRQHandler            0x0800650f   Thumb Code     0  startup_stm32f40_41xxx.o(.text)
    TIM1_UP_TIM10_IRQHandler                 0x0800650f   Thumb Code     0  startup_stm32f40_41xxx.o(.text)
    TIM2_IRQHandler                          0x0800650f   Thumb Code     0  startup_stm32f40_41xxx.o(.text)
    TIM3_IRQHandler                          0x0800650f   Thumb Code     0  startup_stm32f40_41xxx.o(.text)
    TIM5_IRQHandler                          0x0800650f   Thumb Code     0  startup_stm32f40_41xxx.o(.text)
    TIM6_DAC_IRQHandler                      0x0800650f   Thumb Code     0  startup_stm32f40_41xxx.o(.text)
    TIM7_IRQHandler                          0x0800650f   Thumb Code     0  startup_stm32f40_41xxx.o(.text)
    TIM8_BRK_TIM12_IRQHandler                0x0800650f   Thumb Code     0  startup_stm32f40_41xxx.o(.text)
    TIM8_CC_IRQHandler                       0x0800650f   Thumb Code     0  startup_stm32f40_41xxx.o(.text)
    TIM8_TRG_COM_TIM14_IRQHandler            0x0800650f   Thumb Code     0  startup_stm32f40_41xxx.o(.text)
    TIM8_UP_TIM13_IRQHandler                 0x0800650f   Thumb Code     0  startup_stm32f40_41xxx.o(.text)
    UART4_IRQHandler                         0x0800650f   Thumb Code     0  startup_stm32f40_41xxx.o(.text)
    UART5_IRQHandler                         0x0800650f   Thumb Code     0  startup_stm32f40_41xxx.o(.text)
    USART3_IRQHandler                        0x0800650f   Thumb Code     0  startup_stm32f40_41xxx.o(.text)
    USART6_IRQHandler                        0x0800650f   Thumb Code     0  startup_stm32f40_41xxx.o(.text)
    WWDG_IRQHandler                          0x0800650f   Thumb Code     0  startup_stm32f40_41xxx.o(.text)
    __user_initial_stackheap                 0x08006511   Thumb Code     0  startup_stm32f40_41xxx.o(.text)
    NVIC_PriorityGroupConfig                 0x08006535   Thumb Code    10  misc.o(.text)
    NVIC_Init                                0x0800653f   Thumb Code   106  misc.o(.text)
    NVIC_SetVectorTable                      0x080065a9   Thumb Code    14  misc.o(.text)
    NVIC_SystemLPConfig                      0x080065b7   Thumb Code    34  misc.o(.text)
    SysTick_CLKSourceConfig                  0x080065d9   Thumb Code    40  misc.o(.text)
    GPIO_DeInit                              0x08006615   Thumb Code   268  stm32f4xx_gpio.o(.text)
    GPIO_Init                                0x08006721   Thumb Code   144  stm32f4xx_gpio.o(.text)
    GPIO_StructInit                          0x080067b1   Thumb Code    18  stm32f4xx_gpio.o(.text)
    GPIO_PinLockConfig                       0x080067c3   Thumb Code    34  stm32f4xx_gpio.o(.text)
    GPIO_ReadInputDataBit                    0x080067e5   Thumb Code    18  stm32f4xx_gpio.o(.text)
    GPIO_ReadInputData                       0x080067f7   Thumb Code     8  stm32f4xx_gpio.o(.text)
    GPIO_ReadOutputDataBit                   0x080067ff   Thumb Code    18  stm32f4xx_gpio.o(.text)
    GPIO_ReadOutputData                      0x08006811   Thumb Code     8  stm32f4xx_gpio.o(.text)
    GPIO_SetBits                             0x08006819   Thumb Code     4  stm32f4xx_gpio.o(.text)
    GPIO_ResetBits                           0x0800681d   Thumb Code     4  stm32f4xx_gpio.o(.text)
    GPIO_WriteBit                            0x08006821   Thumb Code    10  stm32f4xx_gpio.o(.text)
    GPIO_Write                               0x0800682b   Thumb Code     4  stm32f4xx_gpio.o(.text)
    GPIO_ToggleBits                          0x0800682f   Thumb Code     8  stm32f4xx_gpio.o(.text)
    GPIO_PinAFConfig                         0x08006837   Thumb Code    70  stm32f4xx_gpio.o(.text)
    FSMC_NORSRAMDeInit                       0x080068a9   Thumb Code    54  stm32f4xx_fsmc.o(.text)
    FSMC_NORSRAMInit                         0x080068df   Thumb Code   230  stm32f4xx_fsmc.o(.text)
    FSMC_NORSRAMStructInit                   0x080069c5   Thumb Code    48  stm32f4xx_fsmc.o(.text)
    FSMC_NORSRAMCmd                          0x080069f5   Thumb Code    46  stm32f4xx_fsmc.o(.text)
    FSMC_NANDDeInit                          0x08006a23   Thumb Code    62  stm32f4xx_fsmc.o(.text)
    FSMC_NANDInit                            0x08006a61   Thumb Code   132  stm32f4xx_fsmc.o(.text)
    FSMC_NANDStructInit                      0x08006ae5   Thumb Code    54  stm32f4xx_fsmc.o(.text)
    FSMC_NANDCmd                             0x08006b1b   Thumb Code    86  stm32f4xx_fsmc.o(.text)
    FSMC_NANDECCCmd                          0x08006b71   Thumb Code    86  stm32f4xx_fsmc.o(.text)
    FSMC_GetECC                              0x08006bc7   Thumb Code    24  stm32f4xx_fsmc.o(.text)
    FSMC_PCCARDDeInit                        0x08006bdf   Thumb Code    36  stm32f4xx_fsmc.o(.text)
    FSMC_PCCARDInit                          0x08006c03   Thumb Code   130  stm32f4xx_fsmc.o(.text)
    FSMC_PCCARDStructInit                    0x08006c85   Thumb Code    60  stm32f4xx_fsmc.o(.text)
    FSMC_PCCARDCmd                           0x08006cc1   Thumb Code    44  stm32f4xx_fsmc.o(.text)
    FSMC_ITConfig                            0x08006ced   Thumb Code   128  stm32f4xx_fsmc.o(.text)
    FSMC_GetFlagStatus                       0x08006d6d   Thumb Code    54  stm32f4xx_fsmc.o(.text)
    FSMC_ClearFlag                           0x08006da3   Thumb Code    74  stm32f4xx_fsmc.o(.text)
    FSMC_GetITStatus                         0x08006ded   Thumb Code    62  stm32f4xx_fsmc.o(.text)
    FSMC_ClearITPendingBit                   0x08006e2b   Thumb Code    66  stm32f4xx_fsmc.o(.text)
    RCC_DeInit                               0x08006e71   Thumb Code    82  stm32f4xx_rcc.o(.text)
    RCC_HSEConfig                            0x08006ec3   Thumb Code    14  stm32f4xx_rcc.o(.text)
    RCC_GetFlagStatus                        0x08006ed1   Thumb Code    60  stm32f4xx_rcc.o(.text)
    RCC_WaitForHSEStartUp                    0x08006f0d   Thumb Code    56  stm32f4xx_rcc.o(.text)
    RCC_AdjustHSICalibrationValue            0x08006f45   Thumb Code    20  stm32f4xx_rcc.o(.text)
    RCC_HSICmd                               0x08006f59   Thumb Code     6  stm32f4xx_rcc.o(.text)
    RCC_LSEConfig                            0x08006f5f   Thumb Code    46  stm32f4xx_rcc.o(.text)
    RCC_LSICmd                               0x08006f8d   Thumb Code     6  stm32f4xx_rcc.o(.text)
    RCC_PLLConfig                            0x08006f93   Thumb Code    32  stm32f4xx_rcc.o(.text)
    RCC_PLLCmd                               0x08006fb3   Thumb Code     6  stm32f4xx_rcc.o(.text)
    RCC_PLLI2SConfig                         0x08006fb9   Thumb Code    14  stm32f4xx_rcc.o(.text)
    RCC_PLLI2SCmd                            0x08006fc7   Thumb Code     6  stm32f4xx_rcc.o(.text)
    RCC_PLLSAIConfig                         0x08006fcd   Thumb Code    20  stm32f4xx_rcc.o(.text)
    RCC_PLLSAICmd                            0x08006fe1   Thumb Code     6  stm32f4xx_rcc.o(.text)
    RCC_ClockSecuritySystemCmd               0x08006fe7   Thumb Code     6  stm32f4xx_rcc.o(.text)
    RCC_MCO1Config                           0x08006fed   Thumb Code    28  stm32f4xx_rcc.o(.text)
    RCC_MCO2Config                           0x08007009   Thumb Code    28  stm32f4xx_rcc.o(.text)
    RCC_SYSCLKConfig                         0x08007025   Thumb Code    20  stm32f4xx_rcc.o(.text)
    RCC_GetSYSCLKSource                      0x08007039   Thumb Code    12  stm32f4xx_rcc.o(.text)
    RCC_HCLKConfig                           0x08007045   Thumb Code    20  stm32f4xx_rcc.o(.text)
    RCC_PCLK1Config                          0x08007059   Thumb Code    20  stm32f4xx_rcc.o(.text)
    RCC_PCLK2Config                          0x0800706d   Thumb Code    22  stm32f4xx_rcc.o(.text)
    RCC_GetClocksFreq                        0x08007083   Thumb Code   222  stm32f4xx_rcc.o(.text)
    RCC_RTCCLKConfig                         0x08007161   Thumb Code    54  stm32f4xx_rcc.o(.text)
    RCC_RTCCLKCmd                            0x08007197   Thumb Code     8  stm32f4xx_rcc.o(.text)
    RCC_BackupResetCmd                       0x0800719f   Thumb Code     8  stm32f4xx_rcc.o(.text)
    RCC_I2SCLKConfig                         0x080071a7   Thumb Code     6  stm32f4xx_rcc.o(.text)
    RCC_SAIPLLI2SClkDivConfig                0x080071ad   Thumb Code    26  stm32f4xx_rcc.o(.text)
    RCC_SAIPLLSAIClkDivConfig                0x080071c7   Thumb Code    28  stm32f4xx_rcc.o(.text)
    RCC_SAIBlockACLKConfig                   0x080071e3   Thumb Code    20  stm32f4xx_rcc.o(.text)
    RCC_SAIBlockBCLKConfig                   0x080071f7   Thumb Code    20  stm32f4xx_rcc.o(.text)
    RCC_LTDCCLKDivConfig                     0x0800720b   Thumb Code    20  stm32f4xx_rcc.o(.text)
    RCC_TIMCLKPresConfig                     0x0800721f   Thumb Code     6  stm32f4xx_rcc.o(.text)
    RCC_AHB1PeriphClockCmd                   0x08007225   Thumb Code    34  stm32f4xx_rcc.o(.text)
    RCC_AHB2PeriphClockCmd                   0x08007247   Thumb Code    78  stm32f4xx_rcc.o(.text)
    RCC_AHB3PeriphClockCmd                   0x08007295   Thumb Code    34  stm32f4xx_rcc.o(.text)
    RCC_APB1PeriphClockCmd                   0x080072b7   Thumb Code    34  stm32f4xx_rcc.o(.text)
    RCC_APB2PeriphClockCmd                   0x080072d9   Thumb Code    34  stm32f4xx_rcc.o(.text)
    RCC_AHB1PeriphResetCmd                   0x080072fb   Thumb Code    34  stm32f4xx_rcc.o(.text)
    RCC_AHB2PeriphResetCmd                   0x0800731d   Thumb Code    34  stm32f4xx_rcc.o(.text)
    RCC_AHB3PeriphResetCmd                   0x0800733f   Thumb Code    34  stm32f4xx_rcc.o(.text)
    RCC_APB1PeriphResetCmd                   0x08007361   Thumb Code    34  stm32f4xx_rcc.o(.text)
    RCC_APB2PeriphResetCmd                   0x08007383   Thumb Code    34  stm32f4xx_rcc.o(.text)
    RCC_AHB1PeriphClockLPModeCmd             0x080073a5   Thumb Code    34  stm32f4xx_rcc.o(.text)
    RCC_AHB2PeriphClockLPModeCmd             0x080073c7   Thumb Code    34  stm32f4xx_rcc.o(.text)
    RCC_AHB3PeriphClockLPModeCmd             0x080073e9   Thumb Code    34  stm32f4xx_rcc.o(.text)
    RCC_APB1PeriphClockLPModeCmd             0x0800740b   Thumb Code    34  stm32f4xx_rcc.o(.text)
    RCC_APB2PeriphClockLPModeCmd             0x0800742d   Thumb Code    34  stm32f4xx_rcc.o(.text)
    RCC_LSEModeConfig                        0x0800744f   Thumb Code    40  stm32f4xx_rcc.o(.text)
    RCC_ITConfig                             0x08007477   Thumb Code    34  stm32f4xx_rcc.o(.text)
    RCC_ClearFlag                            0x08007499   Thumb Code    18  stm32f4xx_rcc.o(.text)
    RCC_GetITStatus                          0x080074ab   Thumb Code    22  stm32f4xx_rcc.o(.text)
    RCC_ClearITPendingBit                    0x080074c1   Thumb Code     8  stm32f4xx_rcc.o(.text)
    USART_DeInit                             0x080074cd   Thumb Code   206  stm32f4xx_usart.o(.text)
    USART_Init                               0x0800759b   Thumb Code   204  stm32f4xx_usart.o(.text)
    USART_StructInit                         0x08007667   Thumb Code    24  stm32f4xx_usart.o(.text)
    USART_ClockInit                          0x0800767f   Thumb Code    32  stm32f4xx_usart.o(.text)
    USART_ClockStructInit                    0x0800769f   Thumb Code    12  stm32f4xx_usart.o(.text)
    USART_Cmd                                0x080076ab   Thumb Code    24  stm32f4xx_usart.o(.text)
    USART_SetPrescaler                       0x080076c3   Thumb Code    16  stm32f4xx_usart.o(.text)
    USART_OverSampling8Cmd                   0x080076d3   Thumb Code    22  stm32f4xx_usart.o(.text)
    USART_OneBitMethodCmd                    0x080076e9   Thumb Code    24  stm32f4xx_usart.o(.text)
    USART_SendData                           0x08007701   Thumb Code     8  stm32f4xx_usart.o(.text)
    USART_ReceiveData                        0x08007709   Thumb Code    10  stm32f4xx_usart.o(.text)
    USART_SetAddress                         0x08007713   Thumb Code    18  stm32f4xx_usart.o(.text)
    USART_ReceiverWakeUpCmd                  0x08007725   Thumb Code    24  stm32f4xx_usart.o(.text)
    USART_WakeUpConfig                       0x0800773d   Thumb Code    18  stm32f4xx_usart.o(.text)
    USART_LINBreakDetectLengthConfig         0x0800774f   Thumb Code    18  stm32f4xx_usart.o(.text)
    USART_LINCmd                             0x08007761   Thumb Code    24  stm32f4xx_usart.o(.text)
    USART_SendBreak                          0x08007779   Thumb Code    10  stm32f4xx_usart.o(.text)
    USART_HalfDuplexCmd                      0x08007783   Thumb Code    24  stm32f4xx_usart.o(.text)
    USART_SetGuardTime                       0x0800779b   Thumb Code    16  stm32f4xx_usart.o(.text)
    USART_SmartCardCmd                       0x080077ab   Thumb Code    24  stm32f4xx_usart.o(.text)
    USART_SmartCardNACKCmd                   0x080077c3   Thumb Code    24  stm32f4xx_usart.o(.text)
    USART_IrDAConfig                         0x080077db   Thumb Code    18  stm32f4xx_usart.o(.text)
    USART_IrDACmd                            0x080077ed   Thumb Code    24  stm32f4xx_usart.o(.text)
    USART_DMACmd                             0x08007805   Thumb Code    18  stm32f4xx_usart.o(.text)
    USART_ITConfig                           0x08007817   Thumb Code    74  stm32f4xx_usart.o(.text)
    USART_GetFlagStatus                      0x08007861   Thumb Code    26  stm32f4xx_usart.o(.text)
    USART_ClearFlag                          0x0800787b   Thumb Code    18  stm32f4xx_usart.o(.text)
    USART_GetITStatus                        0x0800788d   Thumb Code   118  stm32f4xx_usart.o(.text)
    USART_ClearITPendingBit                  0x08007903   Thumb Code    30  stm32f4xx_usart.o(.text)
    DMA_DeInit                               0x08007921   Thumb Code   324  stm32f4xx_dma.o(.text)
    DMA_Init                                 0x08007a65   Thumb Code    82  stm32f4xx_dma.o(.text)
    DMA_StructInit                           0x08007ab7   Thumb Code    34  stm32f4xx_dma.o(.text)
    DMA_Cmd                                  0x08007ad9   Thumb Code    22  stm32f4xx_dma.o(.text)
    DMA_PeriphIncOffsetSizeConfig            0x08007aef   Thumb Code    22  stm32f4xx_dma.o(.text)
    DMA_FlowControllerConfig                 0x08007b05   Thumb Code    22  stm32f4xx_dma.o(.text)
    DMA_SetCurrDataCounter                   0x08007b1b   Thumb Code     4  stm32f4xx_dma.o(.text)
    DMA_GetCurrDataCounter                   0x08007b1f   Thumb Code     8  stm32f4xx_dma.o(.text)
    DMA_DoubleBufferModeConfig               0x08007b27   Thumb Code    24  stm32f4xx_dma.o(.text)
    DMA_DoubleBufferModeCmd                  0x08007b3f   Thumb Code    22  stm32f4xx_dma.o(.text)
    DMA_MemoryTargetConfig                   0x08007b55   Thumb Code    10  stm32f4xx_dma.o(.text)
    DMA_GetCurrentMemoryTarget               0x08007b5f   Thumb Code    20  stm32f4xx_dma.o(.text)
    DMA_GetCmdStatus                         0x08007b73   Thumb Code    20  stm32f4xx_dma.o(.text)
    DMA_GetFIFOStatus                        0x08007b87   Thumb Code    12  stm32f4xx_dma.o(.text)
    DMA_GetFlagStatus                        0x08007b93   Thumb Code    56  stm32f4xx_dma.o(.text)
    DMA_ClearFlag                            0x08007bcb   Thumb Code    40  stm32f4xx_dma.o(.text)
    DMA_ITConfig                             0x08007bf3   Thumb Code    58  stm32f4xx_dma.o(.text)
    DMA_GetITStatus                          0x08007c2d   Thumb Code    84  stm32f4xx_dma.o(.text)
    DMA_ClearITPendingBit                    0x08007c81   Thumb Code    40  stm32f4xx_dma.o(.text)
    TIM_DeInit                               0x08007cc9   Thumb Code   346  stm32f4xx_tim.o(.text)
    TIM_TimeBaseInit                         0x08007e23   Thumb Code   104  stm32f4xx_tim.o(.text)
    TIM_TimeBaseStructInit                   0x08007e8b   Thumb Code    18  stm32f4xx_tim.o(.text)
    TIM_PrescalerConfig                      0x08007e9d   Thumb Code     6  stm32f4xx_tim.o(.text)
    TIM_CounterModeConfig                    0x08007ea3   Thumb Code    18  stm32f4xx_tim.o(.text)
    TIM_SetCounter                           0x08007eb5   Thumb Code     4  stm32f4xx_tim.o(.text)
    TIM_SetAutoreload                        0x08007eb9   Thumb Code     4  stm32f4xx_tim.o(.text)
    TIM_GetCounter                           0x08007ebd   Thumb Code     6  stm32f4xx_tim.o(.text)
    TIM_GetPrescaler                         0x08007ec3   Thumb Code     6  stm32f4xx_tim.o(.text)
    TIM_UpdateDisableConfig                  0x08007ec9   Thumb Code    24  stm32f4xx_tim.o(.text)
    TIM_UpdateRequestConfig                  0x08007ee1   Thumb Code    24  stm32f4xx_tim.o(.text)
    TIM_ARRPreloadConfig                     0x08007ef9   Thumb Code    24  stm32f4xx_tim.o(.text)
    TIM_SelectOnePulseMode                   0x08007f11   Thumb Code    18  stm32f4xx_tim.o(.text)
    TIM_SetClockDivision                     0x08007f23   Thumb Code    18  stm32f4xx_tim.o(.text)
    TIM_Cmd                                  0x08007f35   Thumb Code    24  stm32f4xx_tim.o(.text)
    TIM_OC1Init                              0x08007f4d   Thumb Code   114  stm32f4xx_tim.o(.text)
    TIM_OC2Init                              0x08007fbf   Thumb Code   154  stm32f4xx_tim.o(.text)
    TIM_OC3Init                              0x08008059   Thumb Code   204  stm32f4xx_tim.o(.text)
    TIM_OC4Init                              0x08008125   Thumb Code   112  stm32f4xx_tim.o(.text)
    TIM_OCStructInit                         0x08008195   Thumb Code    20  stm32f4xx_tim.o(.text)
    TIM_SelectOCxM                           0x080081a9   Thumb Code    86  stm32f4xx_tim.o(.text)
    TIM_SetCompare1                          0x080081ff   Thumb Code     4  stm32f4xx_tim.o(.text)
    TIM_SetCompare2                          0x08008203   Thumb Code     4  stm32f4xx_tim.o(.text)
    TIM_SetCompare3                          0x08008207   Thumb Code     4  stm32f4xx_tim.o(.text)
    TIM_SetCompare4                          0x0800820b   Thumb Code     4  stm32f4xx_tim.o(.text)
    TIM_ForcedOC1Config                      0x0800820f   Thumb Code    18  stm32f4xx_tim.o(.text)
    TIM_ForcedOC2Config                      0x08008221   Thumb Code    26  stm32f4xx_tim.o(.text)
    TIM_ForcedOC3Config                      0x0800823b   Thumb Code    18  stm32f4xx_tim.o(.text)
    TIM_ForcedOC4Config                      0x0800824d   Thumb Code    26  stm32f4xx_tim.o(.text)
    TIM_OC1PreloadConfig                     0x08008267   Thumb Code    18  stm32f4xx_tim.o(.text)
    TIM_OC2PreloadConfig                     0x08008279   Thumb Code    26  stm32f4xx_tim.o(.text)
    TIM_OC3PreloadConfig                     0x08008293   Thumb Code    18  stm32f4xx_tim.o(.text)
    TIM_OC4PreloadConfig                     0x080082a5   Thumb Code    26  stm32f4xx_tim.o(.text)
    TIM_OC1FastConfig                        0x080082bf   Thumb Code    18  stm32f4xx_tim.o(.text)
    TIM_OC2FastConfig                        0x080082d1   Thumb Code    26  stm32f4xx_tim.o(.text)
    TIM_OC3FastConfig                        0x080082eb   Thumb Code    18  stm32f4xx_tim.o(.text)
    TIM_OC4FastConfig                        0x080082fd   Thumb Code    26  stm32f4xx_tim.o(.text)
    TIM_ClearOC1Ref                          0x08008317   Thumb Code    18  stm32f4xx_tim.o(.text)
    TIM_ClearOC2Ref                          0x08008329   Thumb Code    24  stm32f4xx_tim.o(.text)
    TIM_ClearOC3Ref                          0x08008341   Thumb Code    18  stm32f4xx_tim.o(.text)
    TIM_ClearOC4Ref                          0x08008353   Thumb Code    24  stm32f4xx_tim.o(.text)
    TIM_OC1PolarityConfig                    0x0800836b   Thumb Code    18  stm32f4xx_tim.o(.text)
    TIM_OC1NPolarityConfig                   0x0800837d   Thumb Code    18  stm32f4xx_tim.o(.text)
    TIM_OC2PolarityConfig                    0x0800838f   Thumb Code    26  stm32f4xx_tim.o(.text)
    TIM_OC2NPolarityConfig                   0x080083a9   Thumb Code    26  stm32f4xx_tim.o(.text)
    TIM_OC3PolarityConfig                    0x080083c3   Thumb Code    26  stm32f4xx_tim.o(.text)
    TIM_OC3NPolarityConfig                   0x080083dd   Thumb Code    26  stm32f4xx_tim.o(.text)
    TIM_OC4PolarityConfig                    0x080083f7   Thumb Code    26  stm32f4xx_tim.o(.text)
    TIM_CCxCmd                               0x08008411   Thumb Code    30  stm32f4xx_tim.o(.text)
    TIM_CCxNCmd                              0x0800842f   Thumb Code    30  stm32f4xx_tim.o(.text)
    TIM_SetIC4Prescaler                      0x0800844d   Thumb Code    26  stm32f4xx_tim.o(.text)
    TIM_SetIC3Prescaler                      0x080084b7   Thumb Code    18  stm32f4xx_tim.o(.text)
    TIM_SetIC2Prescaler                      0x08008511   Thumb Code    26  stm32f4xx_tim.o(.text)
    TIM_SetIC1Prescaler                      0x08008585   Thumb Code    18  stm32f4xx_tim.o(.text)
    TIM_ICInit                               0x080085d1   Thumb Code   110  stm32f4xx_tim.o(.text)
    TIM_ICStructInit                         0x0800863f   Thumb Code    18  stm32f4xx_tim.o(.text)
    TIM_PWMIConfig                           0x08008651   Thumb Code   124  stm32f4xx_tim.o(.text)
    TIM_GetCapture1                          0x080086cd   Thumb Code     6  stm32f4xx_tim.o(.text)
    TIM_GetCapture2                          0x080086d3   Thumb Code     6  stm32f4xx_tim.o(.text)
    TIM_GetCapture3                          0x080086d9   Thumb Code     6  stm32f4xx_tim.o(.text)
    TIM_GetCapture4                          0x080086df   Thumb Code     6  stm32f4xx_tim.o(.text)
    TIM_BDTRConfig                           0x080086e5   Thumb Code    32  stm32f4xx_tim.o(.text)
    TIM_BDTRStructInit                       0x08008705   Thumb Code    18  stm32f4xx_tim.o(.text)
    TIM_CtrlPWMOutputs                       0x08008717   Thumb Code    30  stm32f4xx_tim.o(.text)
    TIM_SelectCOM                            0x08008735   Thumb Code    24  stm32f4xx_tim.o(.text)
    TIM_CCPreloadControl                     0x0800874d   Thumb Code    24  stm32f4xx_tim.o(.text)
    TIM_ITConfig                             0x08008765   Thumb Code    18  stm32f4xx_tim.o(.text)
    TIM_GenerateEvent                        0x08008777   Thumb Code     4  stm32f4xx_tim.o(.text)
    TIM_GetFlagStatus                        0x0800877b   Thumb Code    18  stm32f4xx_tim.o(.text)
    TIM_ClearFlag                            0x0800878d   Thumb Code     6  stm32f4xx_tim.o(.text)
    TIM_GetITStatus                          0x08008793   Thumb Code    34  stm32f4xx_tim.o(.text)
    TIM_ClearITPendingBit                    0x080087b5   Thumb Code     6  stm32f4xx_tim.o(.text)
    TIM_DMAConfig                            0x080087bb   Thumb Code    10  stm32f4xx_tim.o(.text)
    TIM_DMACmd                               0x080087c5   Thumb Code    18  stm32f4xx_tim.o(.text)
    TIM_SelectCCDMA                          0x080087d7   Thumb Code    24  stm32f4xx_tim.o(.text)
    TIM_InternalClockConfig                  0x080087ef   Thumb Code    12  stm32f4xx_tim.o(.text)
    TIM_SelectInputTrigger                   0x080087fb   Thumb Code    18  stm32f4xx_tim.o(.text)
    TIM_ITRxExternalClockConfig              0x0800880d   Thumb Code    24  stm32f4xx_tim.o(.text)
    TIM_TIxExternalClockConfig               0x08008825   Thumb Code    62  stm32f4xx_tim.o(.text)
    TIM_ETRConfig                            0x08008863   Thumb Code    28  stm32f4xx_tim.o(.text)
    TIM_ETRClockMode1Config                  0x0800887f   Thumb Code    54  stm32f4xx_tim.o(.text)
    TIM_ETRClockMode2Config                  0x080088b5   Thumb Code    32  stm32f4xx_tim.o(.text)
    TIM_SelectOutputTrigger                  0x080088d5   Thumb Code    18  stm32f4xx_tim.o(.text)
    TIM_SelectSlaveMode                      0x080088e7   Thumb Code    18  stm32f4xx_tim.o(.text)
    TIM_SelectMasterSlaveMode                0x080088f9   Thumb Code    18  stm32f4xx_tim.o(.text)
    TIM_EncoderInterfaceConfig               0x0800890b   Thumb Code    66  stm32f4xx_tim.o(.text)
    TIM_SelectHallSensor                     0x0800894d   Thumb Code    24  stm32f4xx_tim.o(.text)
    TIM_RemapConfig                          0x08008965   Thumb Code     6  stm32f4xx_tim.o(.text)
    __use_no_semihosting                     0x0800896b   Thumb Code     2  use_no_semi_2.o(.text)
    __c89vsprintf                            0x0800896d   Thumb Code    32  c89vsprintf.o(.text)
    __2printf                                0x08008991   Thumb Code    20  __2printf.o(.text)
    __2sprintf                               0x080089a9   Thumb Code    38  __2sprintf.o(.text)
    __2snprintf                              0x080089d5   Thumb Code    50  __2snprintf.o(.text)
    _printf_pre_padding                      0x08008a0d   Thumb Code    44  _printf_pad.o(.text)
    _printf_post_padding                     0x08008a39   Thumb Code    34  _printf_pad.o(.text)
    _printf_str                              0x08008a5b   Thumb Code    82  _printf_str.o(.text)
    _printf_int_dec                          0x08008aad   Thumb Code   104  _printf_dec.o(.text)
    _printf_longlong_hex                     0x08008b25   Thumb Code    86  _printf_hex_int_ll_ptr.o(.text)
    _printf_int_hex                          0x08008b7b   Thumb Code    28  _printf_hex_int_ll_ptr.o(.text)
    _printf_ll_hex                           0x08008b97   Thumb Code    12  _printf_hex_int_ll_ptr.o(.text)
    _printf_hex_ptr                          0x08008ba3   Thumb Code    18  _printf_hex_int_ll_ptr.o(.text)
    __printf                                 0x08008bb9   Thumb Code   388  __printf_flags_ss_wp.o(.text)
    strstr                                   0x08008d41   Thumb Code    36  strstr.o(.text)
    strcpy                                   0x08008d65   Thumb Code    72  strcpy.o(.text)
    strlen                                   0x08008dad   Thumb Code    62  strlen.o(.text)
    __aeabi_memclr4                          0x08008deb   Thumb Code     0  rt_memclr_w.o(.text)
    __aeabi_memclr8                          0x08008deb   Thumb Code     0  rt_memclr_w.o(.text)
    __rt_memclr_w                            0x08008deb   Thumb Code    78  rt_memclr_w.o(.text)
    _memset_w                                0x08008def   Thumb Code     0  rt_memclr_w.o(.text)
    __use_two_region_memory                  0x08008e39   Thumb Code     2  heapauxi.o(.text)
    __rt_heap_escrow$2region                 0x08008e3b   Thumb Code     2  heapauxi.o(.text)
    __rt_heap_expand$2region                 0x08008e3d   Thumb Code     2  heapauxi.o(.text)
    __I$use$semihosting                      0x08008e3f   Thumb Code     0  use_no_semi.o(.text)
    __use_no_semihosting_swi                 0x08008e3f   Thumb Code     2  use_no_semi.o(.text)
    _printf_truncate_signed                  0x08008e41   Thumb Code    18  _printf_truncate.o(.text)
    _printf_truncate_unsigned                0x08008e53   Thumb Code    18  _printf_truncate.o(.text)
    _printf_int_common                       0x08008e65   Thumb Code   178  _printf_intcommon.o(.text)
    _printf_charcount                        0x08008f17   Thumb Code    40  _printf_charcount.o(.text)
    __lib_sel_fp_printf                      0x08008f3f   Thumb Code     2  _printf_fp_dec.o(.text)
    _printf_fp_dec_real                      0x080090f1   Thumb Code   620  _printf_fp_dec.o(.text)
    _printf_char_common                      0x08009367   Thumb Code    32  _printf_char_common.o(.text)
    _sputc                                   0x0800938d   Thumb Code    10  _sputc.o(.text)
    _snputc                                  0x08009397   Thumb Code    16  _snputc.o(.text)
    _printf_cs_common                        0x080093a7   Thumb Code    20  _printf_char.o(.text)
    _printf_char                             0x080093bb   Thumb Code    16  _printf_char.o(.text)
    _printf_string                           0x080093cb   Thumb Code     8  _printf_char.o(.text)
    _printf_char_file                        0x080093d5   Thumb Code    32  _printf_char_file.o(.text)
    _printf_wctomb                           0x080093f9   Thumb Code   182  _printf_wctomb.o(.text)
    _printf_longlong_dec                     0x080094b5   Thumb Code   108  _printf_longlong_dec.o(.text)
    _printf_longlong_oct                     0x08009531   Thumb Code    66  _printf_oct_int_ll.o(.text)
    _printf_int_oct                          0x08009573   Thumb Code    24  _printf_oct_int_ll.o(.text)
    _printf_ll_oct                           0x0800958b   Thumb Code    12  _printf_oct_int_ll.o(.text)
    __rt_locale                              0x080095a1   Thumb Code     8  rt_locale_intlibspace.o(.text)
    _ll_udiv10                               0x080095a9   Thumb Code   138  lludiv10.o(.text)
    _printf_fp_infnan                        0x08009635   Thumb Code   112  _printf_fp_infnan.o(.text)
    _printf_lcs_common                       0x080096b5   Thumb Code    20  _printf_wchar.o(.text)
    _printf_wchar                            0x080096c9   Thumb Code    16  _printf_wchar.o(.text)
    _printf_wstring                          0x080096d9   Thumb Code     8  _printf_wchar.o(.text)
    _btod_etento                             0x080096e1   Thumb Code   224  bigflt0.o(.text)
    ferror                                   0x080097c5   Thumb Code     8  ferror.o(.text)
    _wcrtomb                                 0x080097cd   Thumb Code    64  _wcrtomb.o(.text)
    __user_libspace                          0x0800980d   Thumb Code     8  libspace.o(.text)
    __user_perproc_libspace                  0x0800980d   Thumb Code     0  libspace.o(.text)
    __user_perthread_libspace                0x0800980d   Thumb Code     0  libspace.o(.text)
    __user_setup_stackheap                   0x08009815   Thumb Code    74  sys_stackheap_outer.o(.text)
    __rt_ctype_table                         0x08009861   Thumb Code    16  rt_ctype_table.o(.text)
    exit                                     0x08009871   Thumb Code    18  exit.o(.text)
    strcmp                                   0x08009885   Thumb Code   128  strcmpv7m.o(.text)
    _btod_d2e                                0x08009905   Thumb Code    62  btod.o(CL$$btod_d2e)
    _d2e_denorm_low                          0x08009943   Thumb Code    70  btod.o(CL$$btod_d2e_denorm_low)
    _d2e_norm_op1                            0x08009989   Thumb Code    96  btod.o(CL$$btod_d2e_norm_op1)
    __btod_div_common                        0x080099e9   Thumb Code   696  btod.o(CL$$btod_div_common)
    _e2e                                     0x08009d21   Thumb Code   220  btod.o(CL$$btod_e2e)
    _btod_ediv                               0x08009dfd   Thumb Code    42  btod.o(CL$$btod_ediv)
    _btod_emul                               0x08009e27   Thumb Code    42  btod.o(CL$$btod_emul)
    __btod_mult_common                       0x08009e51   Thumb Code   580  btod.o(CL$$btod_mult_common)
    __ARM_fpclassify                         0x0800a095   Thumb Code    48  fpclassify.o(i.__ARM_fpclassify)
    _is_digit                                0x0800a0c5   Thumb Code    14  __printf_wp.o(i._is_digit)
    _get_lc_numeric                          0x0800a0d5   Thumb Code    44  lc_numeric_c.o(locale$$code)
    _get_lc_ctype                            0x0800a101   Thumb Code    44  lc_ctype_c.o(locale$$code)
    __aeabi_d2f                              0x0800a12d   Thumb Code     0  d2f.o(x$fpl$d2f)
    _d2f                                     0x0800a12d   Thumb Code    98  d2f.o(x$fpl$d2f)
    __aeabi_ddiv                             0x0800a191   Thumb Code     0  ddiv.o(x$fpl$ddiv)
    _ddiv                                    0x0800a191   Thumb Code   552  ddiv.o(x$fpl$ddiv)
    __aeabi_d2uiz                            0x0800a441   Thumb Code     0  dfixu.o(x$fpl$dfixu)
    _dfixu                                   0x0800a441   Thumb Code    90  dfixu.o(x$fpl$dfixu)
    __aeabi_ui2d                             0x0800a49b   Thumb Code     0  dflt_clz.o(x$fpl$dfltu)
    _dfltu                                   0x0800a49b   Thumb Code    38  dflt_clz.o(x$fpl$dfltu)
    __aeabi_dmul                             0x0800a4c1   Thumb Code     0  dmul.o(x$fpl$dmul)
    _dmul                                    0x0800a4c1   Thumb Code   332  dmul.o(x$fpl$dmul)
    __fpl_dnaninf                            0x0800a615   Thumb Code   156  dnaninf.o(x$fpl$dnaninf)
    __fpl_dretinf                            0x0800a6b1   Thumb Code    12  dretinf.o(x$fpl$dretinf)
    __aeabi_f2d                              0x0800a6bd   Thumb Code     0  f2d.o(x$fpl$f2d)
    _f2d                                     0x0800a6bd   Thumb Code    86  f2d.o(x$fpl$f2d)
    __fpl_fnaninf                            0x0800a713   Thumb Code   140  fnaninf.o(x$fpl$fnaninf)
    _fp_init                                 0x0800a79f   Thumb Code    10  fpinit.o(x$fpl$fpinit)
    __fplib_config_fpu_vfp                   0x0800a7a7   Thumb Code     0  fpinit.o(x$fpl$fpinit)
    __fplib_config_pureend_doubles           0x0800a7a7   Thumb Code     0  fpinit.o(x$fpl$fpinit)
    __fpl_fretinf                            0x0800a7a9   Thumb Code    10  fretinf.o(x$fpl$fretinf)
    _printf_fp_dec                           0x0800a7b3   Thumb Code     4  printf1.o(x$fpl$printf1)
    __I$use$fp                               0x0800a7b6   Number         0  usenofp.o(x$fpl$usenofp)
    asc2_1206                                0x0800a7b6   Data        1140  lcd.o(.constdata)
    asc2_1608                                0x0800ac2a   Data        1520  lcd.o(.constdata)
    asc2_2412                                0x0800b21a   Data        3420  lcd.o(.constdata)
    FSMC_DefaultTimingStruct                 0x0800bf78   Data          28  stm32f4xx_fsmc.o(.constdata)
    Region$$Table$$Base                      0x0800c06c   Number         0  anon$$obj.o(Region$$Table)
    Region$$Table$$Limit                     0x0800c08c   Number         0  anon$$obj.o(Region$$Table)
    __ctype                                  0x0800c0b5   Data           0  lc_ctype_c.o(locale$$data)
    link                                     0x20000000   Data           1  main.o(.data)
    SystemCoreClock                          0x20000004   Data           4  system_stm32f4xx.o(.data)
    AHBPrescTable                            0x20000008   Data          16  system_stm32f4xx.o(.data)
    POINT_COLOR                              0x20000018   Data           2  lcd.o(.data)
    BACK_COLOR                               0x2000001a   Data           2  lcd.o(.data)
    result_lx                                0x2000001c   Data           4  bh1750.o(.data)
    BUF                                      0x20000020   Data           2  bh1750.o(.data)
    result                                   0x20000022   Data           2  bh1750.o(.data)
    USART2_RX_STA                            0x20000024   Data           2  usart2.o(.data)
    __stdout                                 0x2000002c   Data           4  usart.o(.data)
    USART_RX_STA                             0x20000030   Data           2  usart.o(.data)
    nb_iotdat                                0x20000044   Data         200  main.o(.bss)
    BH_Buf                                   0x2000010c   Data         200  main.o(.bss)
    lcddev                                   0x200001d4   Data          14  lcd.o(.bss)
    wbuf                                     0x200001e2   Data        1024  m5311.o(.bss)
    struct_usart2                            0x200005e8   Data         808  usart2.o(.bss)
    USART2_TX_BUF                            0x20000910   Data        1024  usart2.o(.bss)
    USART2_RX_BUF                            0x20000d10   Data        1024  usart2.o(.bss)
    packebuff                                0x20001110   Data        3600  usart2.o(.bss)
    USART_RX_BUF                             0x20001f20   Data         200  usart.o(.bss)
    __libspace_start                         0x20001fe8   Data          96  libspace.o(.bss)
    __temporary_stack_top$libspace           0x20002048   Data           0  libspace.o(.bss)



==============================================================================

Memory Map of the image

  Image Entry point : 0x08000189

  Load Region LR_IROM1 (Base: 0x08000000, Size: 0x0000c1fc, Max: 0x00100000, ABSOLUTE)

    Execution Region ER_IROM1 (Exec base: 0x08000000, Load base: 0x08000000, Size: 0x0000c1b8, Max: 0x00100000, ABSOLUTE)

    Exec Addr    Load Addr    Size         Type   Attr      Idx    E Section Name        Object

    0x08000000   0x08000000   0x00000188   Data   RO          522    RESET               startup_stm32f40_41xxx.o
    0x08000188   0x08000188   0x00000008   Code   RO          774  * !!!main             c_w.l(__main.o)
    0x08000190   0x08000190   0x00000034   Code   RO         1066    !!!scatter          c_w.l(__scatter.o)
    0x080001c4   0x080001c4   0x0000001a   Code   RO         1068    !!handler_copy      c_w.l(__scatter_copy.o)
    0x080001de   0x080001de   0x00000002   PAD
    0x080001e0   0x080001e0   0x0000001c   Code   RO         1070    !!handler_zi        c_w.l(__scatter_zi.o)
    0x080001fc   0x080001fc   0x00000000   Code   RO          763    .ARM.Collect$$_printf_percent$$00000000  c_w.l(_printf_percent.o)
    0x080001fc   0x080001fc   0x00000006   Code   RO          831    .ARM.Collect$$_printf_percent$$00000001  c_w.l(_printf_n.o)
    0x08000202   0x08000202   0x00000006   Code   RO          832    .ARM.Collect$$_printf_percent$$00000002  c_w.l(_printf_p.o)
    0x08000208   0x08000208   0x00000006   Code   RO          762    .ARM.Collect$$_printf_percent$$00000003  c_w.l(_printf_f.o)
    0x0800020e   0x0800020e   0x00000006   Code   RO          836    .ARM.Collect$$_printf_percent$$00000004  c_w.l(_printf_e.o)
    0x08000214   0x08000214   0x00000006   Code   RO          837    .ARM.Collect$$_printf_percent$$00000005  c_w.l(_printf_g.o)
    0x0800021a   0x0800021a   0x00000006   Code   RO          838    .ARM.Collect$$_printf_percent$$00000006  c_w.l(_printf_a.o)
    0x08000220   0x08000220   0x0000000a   Code   RO          843    .ARM.Collect$$_printf_percent$$00000007  c_w.l(_printf_ll.o)
    0x0800022a   0x0800022a   0x00000006   Code   RO          834    .ARM.Collect$$_printf_percent$$00000008  c_w.l(_printf_i.o)
    0x08000230   0x08000230   0x00000006   Code   RO          761    .ARM.Collect$$_printf_percent$$00000009  c_w.l(_printf_d.o)
    0x08000236   0x08000236   0x00000006   Code   RO          835    .ARM.Collect$$_printf_percent$$0000000A  c_w.l(_printf_u.o)
    0x0800023c   0x0800023c   0x00000006   Code   RO          833    .ARM.Collect$$_printf_percent$$0000000B  c_w.l(_printf_o.o)
    0x08000242   0x08000242   0x00000006   Code   RO          760    .ARM.Collect$$_printf_percent$$0000000C  c_w.l(_printf_x.o)
    0x08000248   0x08000248   0x00000006   Code   RO          840    .ARM.Collect$$_printf_percent$$0000000D  c_w.l(_printf_lli.o)
    0x0800024e   0x0800024e   0x00000006   Code   RO          841    .ARM.Collect$$_printf_percent$$0000000E  c_w.l(_printf_lld.o)
    0x08000254   0x08000254   0x00000006   Code   RO          842    .ARM.Collect$$_printf_percent$$0000000F  c_w.l(_printf_llu.o)
    0x0800025a   0x0800025a   0x00000006   Code   RO          847    .ARM.Collect$$_printf_percent$$00000010  c_w.l(_printf_llo.o)
    0x08000260   0x08000260   0x00000006   Code   RO          848    .ARM.Collect$$_printf_percent$$00000011  c_w.l(_printf_llx.o)
    0x08000266   0x08000266   0x0000000a   Code   RO          844    .ARM.Collect$$_printf_percent$$00000012  c_w.l(_printf_l.o)
    0x08000270   0x08000270   0x00000006   Code   RO          830    .ARM.Collect$$_printf_percent$$00000013  c_w.l(_printf_c.o)
    0x08000276   0x08000276   0x00000006   Code   RO          759    .ARM.Collect$$_printf_percent$$00000014  c_w.l(_printf_s.o)
    0x0800027c   0x0800027c   0x00000006   Code   RO          845    .ARM.Collect$$_printf_percent$$00000015  c_w.l(_printf_lc.o)
    0x08000282   0x08000282   0x00000006   Code   RO          846    .ARM.Collect$$_printf_percent$$00000016  c_w.l(_printf_ls.o)
    0x08000288   0x08000288   0x00000004   Code   RO          839    .ARM.Collect$$_printf_percent$$00000017  c_w.l(_printf_percent_end.o)
    0x0800028c   0x0800028c   0x00000002   Code   RO          940    .ARM.Collect$$libinit$$00000000  c_w.l(libinit.o)
    0x0800028e   0x0800028e   0x00000004   Code   RO          941    .ARM.Collect$$libinit$$00000001  c_w.l(libinit2.o)
    0x08000292   0x08000292   0x00000000   Code   RO          944    .ARM.Collect$$libinit$$00000004  c_w.l(libinit2.o)
    0x08000292   0x08000292   0x00000000   Code   RO          947    .ARM.Collect$$libinit$$0000000A  c_w.l(libinit2.o)
    0x08000292   0x08000292   0x00000000   Code   RO          949    .ARM.Collect$$libinit$$0000000C  c_w.l(libinit2.o)
    0x08000292   0x08000292   0x00000000   Code   RO          951    .ARM.Collect$$libinit$$0000000E  c_w.l(libinit2.o)
    0x08000292   0x08000292   0x00000006   Code   RO          952    .ARM.Collect$$libinit$$0000000F  c_w.l(libinit2.o)
    0x08000298   0x08000298   0x00000000   Code   RO          954    .ARM.Collect$$libinit$$00000011  c_w.l(libinit2.o)
    0x08000298   0x08000298   0x0000000c   Code   RO          955    .ARM.Collect$$libinit$$00000012  c_w.l(libinit2.o)
    0x080002a4   0x080002a4   0x00000000   Code   RO          956    .ARM.Collect$$libinit$$00000013  c_w.l(libinit2.o)
    0x080002a4   0x080002a4   0x00000000   Code   RO          958    .ARM.Collect$$libinit$$00000015  c_w.l(libinit2.o)
    0x080002a4   0x080002a4   0x0000000a   Code   RO          959    .ARM.Collect$$libinit$$00000016  c_w.l(libinit2.o)
    0x080002ae   0x080002ae   0x00000000   Code   RO          960    .ARM.Collect$$libinit$$00000017  c_w.l(libinit2.o)
    0x080002ae   0x080002ae   0x00000000   Code   RO          962    .ARM.Collect$$libinit$$00000019  c_w.l(libinit2.o)
    0x080002ae   0x080002ae   0x00000000   Code   RO          964    .ARM.Collect$$libinit$$0000001B  c_w.l(libinit2.o)
    0x080002ae   0x080002ae   0x00000000   Code   RO          966    .ARM.Collect$$libinit$$0000001D  c_w.l(libinit2.o)
    0x080002ae   0x080002ae   0x00000000   Code   RO          968    .ARM.Collect$$libinit$$0000001F  c_w.l(libinit2.o)
    0x080002ae   0x080002ae   0x00000000   Code   RO          970    .ARM.Collect$$libinit$$00000021  c_w.l(libinit2.o)
    0x080002ae   0x080002ae   0x00000000   Code   RO          972    .ARM.Collect$$libinit$$00000023  c_w.l(libinit2.o)
    0x080002ae   0x080002ae   0x00000000   Code   RO          974    .ARM.Collect$$libinit$$00000025  c_w.l(libinit2.o)
    0x080002ae   0x080002ae   0x00000000   Code   RO          978    .ARM.Collect$$libinit$$0000002C  c_w.l(libinit2.o)
    0x080002ae   0x080002ae   0x00000000   Code   RO          980    .ARM.Collect$$libinit$$0000002E  c_w.l(libinit2.o)
    0x080002ae   0x080002ae   0x00000000   Code   RO          982    .ARM.Collect$$libinit$$00000030  c_w.l(libinit2.o)
    0x080002ae   0x080002ae   0x00000000   Code   RO          984    .ARM.Collect$$libinit$$00000032  c_w.l(libinit2.o)
    0x080002ae   0x080002ae   0x00000002   Code   RO          985    .ARM.Collect$$libinit$$00000033  c_w.l(libinit2.o)
    0x080002b0   0x080002b0   0x00000002   Code   RO         1016    .ARM.Collect$$libshutdown$$00000000  c_w.l(libshutdown.o)
    0x080002b2   0x080002b2   0x00000000   Code   RO         1025    .ARM.Collect$$libshutdown$$00000002  c_w.l(libshutdown2.o)
    0x080002b2   0x080002b2   0x00000000   Code   RO         1027    .ARM.Collect$$libshutdown$$00000004  c_w.l(libshutdown2.o)
    0x080002b2   0x080002b2   0x00000000   Code   RO         1030    .ARM.Collect$$libshutdown$$00000007  c_w.l(libshutdown2.o)
    0x080002b2   0x080002b2   0x00000000   Code   RO         1033    .ARM.Collect$$libshutdown$$0000000A  c_w.l(libshutdown2.o)
    0x080002b2   0x080002b2   0x00000000   Code   RO         1035    .ARM.Collect$$libshutdown$$0000000C  c_w.l(libshutdown2.o)
    0x080002b2   0x080002b2   0x00000000   Code   RO         1038    .ARM.Collect$$libshutdown$$0000000F  c_w.l(libshutdown2.o)
    0x080002b2   0x080002b2   0x00000002   Code   RO         1039    .ARM.Collect$$libshutdown$$00000010  c_w.l(libshutdown2.o)
    0x080002b4   0x080002b4   0x00000000   Code   RO          800    .ARM.Collect$$rtentry$$00000000  c_w.l(__rtentry.o)
    0x080002b4   0x080002b4   0x00000000   Code   RO          859    .ARM.Collect$$rtentry$$00000002  c_w.l(__rtentry2.o)
    0x080002b4   0x080002b4   0x00000006   Code   RO          871    .ARM.Collect$$rtentry$$00000004  c_w.l(__rtentry4.o)
    0x080002ba   0x080002ba   0x00000000   Code   RO          861    .ARM.Collect$$rtentry$$00000009  c_w.l(__rtentry2.o)
    0x080002ba   0x080002ba   0x00000004   Code   RO          862    .ARM.Collect$$rtentry$$0000000A  c_w.l(__rtentry2.o)
    0x080002be   0x080002be   0x00000000   Code   RO          864    .ARM.Collect$$rtentry$$0000000C  c_w.l(__rtentry2.o)
    0x080002be   0x080002be   0x00000008   Code   RO          865    .ARM.Collect$$rtentry$$0000000D  c_w.l(__rtentry2.o)
    0x080002c6   0x080002c6   0x00000002   Code   RO          986    .ARM.Collect$$rtexit$$00000000  c_w.l(rtexit.o)
    0x080002c8   0x080002c8   0x00000000   Code   RO          996    .ARM.Collect$$rtexit$$00000002  c_w.l(rtexit2.o)
    0x080002c8   0x080002c8   0x00000004   Code   RO          997    .ARM.Collect$$rtexit$$00000003  c_w.l(rtexit2.o)
    0x080002cc   0x080002cc   0x00000006   Code   RO          998    .ARM.Collect$$rtexit$$00000004  c_w.l(rtexit2.o)
    0x080002d2   0x080002d2   0x00000002   PAD
    0x080002d4   0x080002d4   0x00000410   Code   RO            3    .text               main.o
    0x080006e4   0x080006e4   0x0000001a   Code   RO          181    .text               stm32f4xx_it.o
    0x080006fe   0x080006fe   0x00000002   PAD
    0x08000700   0x08000700   0x00000210   Code   RO          230    .text               system_stm32f4xx.o
    0x08000910   0x08000910   0x00000040   Code   RO          256    .text               led.o
    0x08000950   0x08000950   0x00004c80   Code   RO          276    .text               lcd.o
    0x080055d0   0x080055d0   0x000000e4   Code   RO          314    .text               bh1750.o
    0x080056b4   0x080056b4   0x0000025c   Code   RO          344    .text               iic.o
    0x08005910   0x08005910   0x000004a0   Code   RO          364    .text               m5311.o
    0x08005db0   0x08005db0   0x00000348   Code   RO          394    .text               usart2.o
    0x080060f8   0x080060f8   0x000001ac   Code   RO          431    .text               dht11.o
    0x080062a4   0x080062a4   0x00000104   Code   RO          451    .text               delay.o
    0x080063a8   0x080063a8   0x0000014c   Code   RO          491    .text               usart.o
    0x080064f4   0x080064f4   0x00000040   Code   RO          523    .text               startup_stm32f40_41xxx.o
    0x08006534   0x08006534   0x000000e0   Code   RO          529    .text               misc.o
    0x08006614   0x08006614   0x00000294   Code   RO          549    .text               stm32f4xx_gpio.o
    0x080068a8   0x080068a8   0x000005c8   Code   RO          569    .text               stm32f4xx_fsmc.o
    0x08006e70   0x08006e70   0x0000065c   Code   RO          592    .text               stm32f4xx_rcc.o
    0x080074cc   0x080074cc   0x00000454   Code   RO          634    .text               stm32f4xx_usart.o
    0x08007920   0x08007920   0x000003a8   Code   RO          654    .text               stm32f4xx_dma.o
    0x08007cc8   0x08007cc8   0x00000ca2   Code   RO          674    .text               stm32f4xx_tim.o
    0x0800896a   0x0800896a   0x00000002   Code   RO          694    .text               c_w.l(use_no_semi_2.o)
    0x0800896c   0x0800896c   0x00000024   Code   RO          696    .text               c_w.l(c89vsprintf.o)
    0x08008990   0x08008990   0x00000018   Code   RO          698    .text               c_w.l(__2printf.o)
    0x080089a8   0x080089a8   0x0000002c   Code   RO          700    .text               c_w.l(__2sprintf.o)
    0x080089d4   0x080089d4   0x00000038   Code   RO          702    .text               c_w.l(__2snprintf.o)
    0x08008a0c   0x08008a0c   0x0000004e   Code   RO          712    .text               c_w.l(_printf_pad.o)
    0x08008a5a   0x08008a5a   0x00000052   Code   RO          714    .text               c_w.l(_printf_str.o)
    0x08008aac   0x08008aac   0x00000078   Code   RO          716    .text               c_w.l(_printf_dec.o)
    0x08008b24   0x08008b24   0x00000094   Code   RO          736    .text               c_w.l(_printf_hex_int_ll_ptr.o)
    0x08008bb8   0x08008bb8   0x00000188   Code   RO          756    .text               c_w.l(__printf_flags_ss_wp.o)
    0x08008d40   0x08008d40   0x00000024   Code   RO          764    .text               c_w.l(strstr.o)
    0x08008d64   0x08008d64   0x00000048   Code   RO          766    .text               c_w.l(strcpy.o)
    0x08008dac   0x08008dac   0x0000003e   Code   RO          768    .text               c_w.l(strlen.o)
    0x08008dea   0x08008dea   0x0000004e   Code   RO          770    .text               c_w.l(rt_memclr_w.o)
    0x08008e38   0x08008e38   0x00000006   Code   RO          772    .text               c_w.l(heapauxi.o)
    0x08008e3e   0x08008e3e   0x00000002   Code   RO          798    .text               c_w.l(use_no_semi.o)
    0x08008e40   0x08008e40   0x00000024   Code   RO          801    .text               c_w.l(_printf_truncate.o)
    0x08008e64   0x08008e64   0x000000b2   Code   RO          803    .text               c_w.l(_printf_intcommon.o)
    0x08008f16   0x08008f16   0x00000028   Code   RO          805    .text               c_w.l(_printf_charcount.o)
    0x08008f3e   0x08008f3e   0x0000041e   Code   RO          807    .text               c_w.l(_printf_fp_dec.o)
    0x0800935c   0x0800935c   0x00000030   Code   RO          809    .text               c_w.l(_printf_char_common.o)
    0x0800938c   0x0800938c   0x0000000a   Code   RO          811    .text               c_w.l(_sputc.o)
    0x08009396   0x08009396   0x00000010   Code   RO          813    .text               c_w.l(_snputc.o)
    0x080093a6   0x080093a6   0x0000002c   Code   RO          815    .text               c_w.l(_printf_char.o)
    0x080093d2   0x080093d2   0x00000002   PAD
    0x080093d4   0x080093d4   0x00000024   Code   RO          817    .text               c_w.l(_printf_char_file.o)
    0x080093f8   0x080093f8   0x000000bc   Code   RO          819    .text               c_w.l(_printf_wctomb.o)
    0x080094b4   0x080094b4   0x0000007c   Code   RO          822    .text               c_w.l(_printf_longlong_dec.o)
    0x08009530   0x08009530   0x00000070   Code   RO          828    .text               c_w.l(_printf_oct_int_ll.o)
    0x080095a0   0x080095a0   0x00000008   Code   RO          876    .text               c_w.l(rt_locale_intlibspace.o)
    0x080095a8   0x080095a8   0x0000008a   Code   RO          878    .text               c_w.l(lludiv10.o)
    0x08009632   0x08009632   0x00000002   PAD
    0x08009634   0x08009634   0x00000080   Code   RO          880    .text               c_w.l(_printf_fp_infnan.o)
    0x080096b4   0x080096b4   0x0000002c   Code   RO          884    .text               c_w.l(_printf_wchar.o)
    0x080096e0   0x080096e0   0x000000e4   Code   RO          886    .text               c_w.l(bigflt0.o)
    0x080097c4   0x080097c4   0x00000008   Code   RO          911    .text               c_w.l(ferror.o)
    0x080097cc   0x080097cc   0x00000040   Code   RO          915    .text               c_w.l(_wcrtomb.o)
    0x0800980c   0x0800980c   0x00000008   Code   RO          924    .text               c_w.l(libspace.o)
    0x08009814   0x08009814   0x0000004a   Code   RO          927    .text               c_w.l(sys_stackheap_outer.o)
    0x0800985e   0x0800985e   0x00000002   PAD
    0x08009860   0x08009860   0x00000010   Code   RO          929    .text               c_w.l(rt_ctype_table.o)
    0x08009870   0x08009870   0x00000012   Code   RO          931    .text               c_w.l(exit.o)
    0x08009882   0x08009882   0x00000002   PAD
    0x08009884   0x08009884   0x00000080   Code   RO          933    .text               c_w.l(strcmpv7m.o)
    0x08009904   0x08009904   0x0000003e   Code   RO          889    CL$$btod_d2e        c_w.l(btod.o)
    0x08009942   0x08009942   0x00000046   Code   RO          891    CL$$btod_d2e_denorm_low  c_w.l(btod.o)
    0x08009988   0x08009988   0x00000060   Code   RO          890    CL$$btod_d2e_norm_op1  c_w.l(btod.o)
    0x080099e8   0x080099e8   0x00000338   Code   RO          899    CL$$btod_div_common  c_w.l(btod.o)
    0x08009d20   0x08009d20   0x000000dc   Code   RO          896    CL$$btod_e2e        c_w.l(btod.o)
    0x08009dfc   0x08009dfc   0x0000002a   Code   RO          893    CL$$btod_ediv       c_w.l(btod.o)
    0x08009e26   0x08009e26   0x0000002a   Code   RO          892    CL$$btod_emul       c_w.l(btod.o)
    0x08009e50   0x08009e50   0x00000244   Code   RO          898    CL$$btod_mult_common  c_w.l(btod.o)
    0x0800a094   0x0800a094   0x00000030   Code   RO          922    i.__ARM_fpclassify  m_wm.l(fpclassify.o)
    0x0800a0c4   0x0800a0c4   0x0000000e   Code   RO          749    i._is_digit         c_w.l(__printf_wp.o)
    0x0800a0d2   0x0800a0d2   0x00000002   PAD
    0x0800a0d4   0x0800a0d4   0x0000002c   Code   RO          918    locale$$code        c_w.l(lc_numeric_c.o)
    0x0800a100   0x0800a100   0x0000002c   Code   RO          989    locale$$code        c_w.l(lc_ctype_c.o)
    0x0800a12c   0x0800a12c   0x00000062   Code   RO          776    x$fpl$d2f           fz_wm.l(d2f.o)
    0x0800a18e   0x0800a18e   0x00000002   PAD
    0x0800a190   0x0800a190   0x000002b0   Code   RO          779    x$fpl$ddiv          fz_wm.l(ddiv.o)
    0x0800a440   0x0800a440   0x0000005a   Code   RO          782    x$fpl$dfixu         fz_wm.l(dfixu.o)
    0x0800a49a   0x0800a49a   0x00000026   Code   RO          786    x$fpl$dfltu         fz_wm.l(dflt_clz.o)
    0x0800a4c0   0x0800a4c0   0x00000154   Code   RO          792    x$fpl$dmul          fz_wm.l(dmul.o)
    0x0800a614   0x0800a614   0x0000009c   Code   RO          849    x$fpl$dnaninf       fz_wm.l(dnaninf.o)
    0x0800a6b0   0x0800a6b0   0x0000000c   Code   RO          851    x$fpl$dretinf       fz_wm.l(dretinf.o)
    0x0800a6bc   0x0800a6bc   0x00000056   Code   RO          794    x$fpl$f2d           fz_wm.l(f2d.o)
    0x0800a712   0x0800a712   0x0000008c   Code   RO          853    x$fpl$fnaninf       fz_wm.l(fnaninf.o)
    0x0800a79e   0x0800a79e   0x0000000a   Code   RO          993    x$fpl$fpinit        fz_wm.l(fpinit.o)
    0x0800a7a8   0x0800a7a8   0x0000000a   Code   RO          855    x$fpl$fretinf       fz_wm.l(fretinf.o)
    0x0800a7b2   0x0800a7b2   0x00000004   Code   RO          796    x$fpl$printf1       fz_wm.l(printf1.o)
    0x0800a7b6   0x0800a7b6   0x00000000   Code   RO          857    x$fpl$usenofp       fz_wm.l(usenofp.o)
    0x0800a7b6   0x0800a7b6   0x000017c0   Data   RO          278    .constdata          lcd.o
    0x0800bf76   0x0800bf76   0x00000002   PAD
    0x0800bf78   0x0800bf78   0x0000001c   Data   RO          570    .constdata          stm32f4xx_fsmc.o
    0x0800bf94   0x0800bf94   0x00000028   Data   RO          737    .constdata          c_w.l(_printf_hex_int_ll_ptr.o)
    0x0800bfbc   0x0800bfbc   0x00000011   Data   RO          757    .constdata          c_w.l(__printf_flags_ss_wp.o)
    0x0800bfcd   0x0800bfcd   0x00000003   PAD
    0x0800bfd0   0x0800bfd0   0x00000008   Data   RO          820    .constdata          c_w.l(_printf_wctomb.o)
    0x0800bfd8   0x0800bfd8   0x00000094   Data   RO          887    .constdata          c_w.l(bigflt0.o)
    0x0800c06c   0x0800c06c   0x00000020   Data   RO         1064    Region$$Table       anon$$obj.o
    0x0800c08c   0x0800c08c   0x0000001c   Data   RO          917    locale$$data        c_w.l(lc_numeric_c.o)
    0x0800c0a8   0x0800c0a8   0x00000110   Data   RO          988    locale$$data        c_w.l(lc_ctype_c.o)


    Execution Region RW_IRAM1 (Exec base: 0x20000000, Load base: 0x0800c1b8, Size: 0x00002648, Max: 0x00020000, ABSOLUTE)

    Exec Addr    Load Addr    Size         Type   Attr      Idx    E Section Name        Object

    0x20000000   0x0800c1b8   0x00000001   Data   RW            5    .data               main.o
    0x20000001   0x0800c1b9   0x00000003   PAD
    0x20000004   0x0800c1bc   0x00000014   Data   RW          231    .data               system_stm32f4xx.o
    0x20000018   0x0800c1d0   0x00000004   Data   RW          279    .data               lcd.o
    0x2000001c   0x0800c1d4   0x00000008   Data   RW          315    .data               bh1750.o
    0x20000024   0x0800c1dc   0x00000002   Data   RW          396    .data               usart2.o
    0x20000026   0x0800c1de   0x00000004   Data   RW          452    .data               delay.o
    0x2000002a   0x0800c1e2   0x00000002   PAD
    0x2000002c   0x0800c1e4   0x00000006   Data   RW          493    .data               usart.o
    0x20000032   0x0800c1ea   0x00000010   Data   RW          593    .data               stm32f4xx_rcc.o
    0x20000042   0x0800c1fa   0x00000002   PAD
    0x20000044        -       0x00000190   Zero   RW            4    .bss                main.o
    0x200001d4        -       0x0000000e   Zero   RW          277    .bss                lcd.o
    0x200001e2        -       0x00000400   Zero   RW          365    .bss                m5311.o
    0x200005e2   0x0800c1fa   0x00000006   PAD
    0x200005e8        -       0x00001938   Zero   RW          395    .bss                usart2.o
    0x20001f20        -       0x000000c8   Zero   RW          492    .bss                usart.o
    0x20001fe8        -       0x00000060   Zero   RW          925    .bss                c_w.l(libspace.o)
    0x20002048        -       0x00000200   Zero   RW          521    HEAP                startup_stm32f40_41xxx.o
    0x20002248        -       0x00000400   Zero   RW          520    STACK               startup_stm32f40_41xxx.o


==============================================================================

Image component sizes


      Code (inc. data)   RO Data    RW Data    ZI Data      Debug   Object Name

       228         22          0          8          0       1862   bh1750.o
       260          8          0          4          0       1501   delay.o
       428         12          0          0          0       1866   dht11.o
       604         14          0          0          0       1924   iic.o
     19584        174       6080          4         14      22906   lcd.o
        64          4          0          0          0        535   led.o
      1184        598          0          0       1024       3063   m5311.o
      1040        428          0          1        400     303990   main.o
       224         20          0          0          0       1837   misc.o
        64         26        392          0       1536        844   startup_stm32f40_41xxx.o
       936         32          0          0          0       6413   stm32f4xx_dma.o
      1480         18         28          0          0       5678   stm32f4xx_fsmc.o
       660         44          0          0          0       4177   stm32f4xx_gpio.o
        26          0          0          0          0       1230   stm32f4xx_it.o
      1628         52          0         16          0      13064   stm32f4xx_rcc.o
      3234         60          0          0          0      23032   stm32f4xx_tim.o
      1108         34          0          0          0       7900   stm32f4xx_usart.o
       528         46          0         20          0       1807   system_stm32f4xx.o
       332         18          0          6        200       3350   usart.o
       840         42          0          2       6456       4981   usart2.o

    ----------------------------------------------------------------------
     34454       1652       6534         68       9636     411960   Object Totals
         0          0         32          0          0          0   (incl. Generated)
         2          0          2          7          6          0   (incl. Padding)

    ----------------------------------------------------------------------

      Code (inc. data)   RO Data    RW Data    ZI Data      Debug   Library Member Name

        24          4          0          0          0         84   __2printf.o
        56          6          0          0          0         88   __2snprintf.o
        44          6          0          0          0         84   __2sprintf.o
         8          0          0          0          0         68   __main.o
       392          4         17          0          0         92   __printf_flags_ss_wp.o
        14          0          0          0          0         68   __printf_wp.o
         0          0          0          0          0          0   __rtentry.o
        12          0          0          0          0          0   __rtentry2.o
         6          0          0          0          0          0   __rtentry4.o
        52          8          0          0          0          0   __scatter.o
        26          0          0          0          0          0   __scatter_copy.o
        28          0          0          0          0          0   __scatter_zi.o
         6          0          0          0          0          0   _printf_a.o
         6          0          0          0          0          0   _printf_c.o
        44          0          0          0          0        108   _printf_char.o
        48          6          0          0          0         96   _printf_char_common.o
        36          4          0          0          0         80   _printf_char_file.o
        40          0          0          0          0         68   _printf_charcount.o
         6          0          0          0          0          0   _printf_d.o
       120         16          0          0          0         92   _printf_dec.o
         6          0          0          0          0          0   _printf_e.o
         6          0          0          0          0          0   _printf_f.o
      1054          0          0          0          0        216   _printf_fp_dec.o
       128         16          0          0          0         84   _printf_fp_infnan.o
         6          0          0          0          0          0   _printf_g.o
       148          4         40          0          0        160   _printf_hex_int_ll_ptr.o
         6          0          0          0          0          0   _printf_i.o
       178          0          0          0          0         88   _printf_intcommon.o
        10          0          0          0          0          0   _printf_l.o
         6          0          0          0          0          0   _printf_lc.o
        10          0          0          0          0          0   _printf_ll.o
         6          0          0          0          0          0   _printf_lld.o
         6          0          0          0          0          0   _printf_lli.o
         6          0          0          0          0          0   _printf_llo.o
         6          0          0          0          0          0   _printf_llu.o
         6          0          0          0          0          0   _printf_llx.o
       124         16          0          0          0         92   _printf_longlong_dec.o
         6          0          0          0          0          0   _printf_ls.o
         6          0          0          0          0          0   _printf_n.o
         6          0          0          0          0          0   _printf_o.o
       112         10          0          0          0        124   _printf_oct_int_ll.o
         6          0          0          0          0          0   _printf_p.o
        78          0          0          0          0        108   _printf_pad.o
         0          0          0          0          0          0   _printf_percent.o
         4          0          0          0          0          0   _printf_percent_end.o
         6          0          0          0          0          0   _printf_s.o
        82          0          0          0          0         80   _printf_str.o
        36          0          0          0          0         84   _printf_truncate.o
         6          0          0          0          0          0   _printf_u.o
        44          0          0          0          0        108   _printf_wchar.o
       188          6          8          0          0         92   _printf_wctomb.o
         6          0          0          0          0          0   _printf_x.o
        16          0          0          0          0         68   _snputc.o
        10          0          0          0          0         68   _sputc.o
        64          0          0          0          0         92   _wcrtomb.o
       228          4        148          0          0         96   bigflt0.o
      1936        128          0          0          0        672   btod.o
        36          4          0          0          0         76   c89vsprintf.o
        18          0          0          0          0         80   exit.o
         8          0          0          0          0         68   ferror.o
         6          0          0          0          0        152   heapauxi.o
        44         10        272          0          0         76   lc_ctype_c.o
        44         10         28          0          0         76   lc_numeric_c.o
         2          0          0          0          0          0   libinit.o
        34          0          0          0          0          0   libinit2.o
         2          0          0          0          0          0   libshutdown.o
         2          0          0          0          0          0   libshutdown2.o
         8          4          0          0         96         68   libspace.o
       138          0          0          0          0         80   lludiv10.o
        16          4          0          0          0         76   rt_ctype_table.o
         8          4          0          0          0         68   rt_locale_intlibspace.o
        78          0          0          0          0         80   rt_memclr_w.o
         2          0          0          0          0          0   rtexit.o
        10          0          0          0          0          0   rtexit2.o
       128          0          0          0          0         68   strcmpv7m.o
        72          0          0          0          0         80   strcpy.o
        62          0          0          0          0         76   strlen.o
        36          0          0          0          0         80   strstr.o
        74          0          0          0          0         80   sys_stackheap_outer.o
         2          0          0          0          0         68   use_no_semi.o
         2          0          0          0          0         68   use_no_semi_2.o
        98          4          0          0          0        140   d2f.o
       688        140          0          0          0        256   ddiv.o
        90          4          0          0          0        140   dfixu.o
        38          0          0          0          0        116   dflt_clz.o
       340         12          0          0          0        152   dmul.o
       156          4          0          0          0        140   dnaninf.o
        12          0          0          0          0        116   dretinf.o
        86          4          0          0          0        132   f2d.o
       140          4          0          0          0        132   fnaninf.o
        10          0          0          0          0        116   fpinit.o
        10          0          0          0          0        116   fretinf.o
         4          0          0          0          0        116   printf1.o
         0          0          0          0          0          0   usenofp.o
        48          0          0          0          0        124   fpclassify.o

    ----------------------------------------------------------------------
      8088        446        516          0         96       6376   Library Totals
        16          0          3          0          0          0   (incl. Padding)

    ----------------------------------------------------------------------

      Code (inc. data)   RO Data    RW Data    ZI Data      Debug   Library Name

      6352        274        513          0         96       4580   c_w.l
      1672        172          0          0          0       1672   fz_wm.l
        48          0          0          0          0        124   m_wm.l

    ----------------------------------------------------------------------
      8088        446        516          0         96       6376   Library Totals

    ----------------------------------------------------------------------

==============================================================================


      Code (inc. data)   RO Data    RW Data    ZI Data      Debug   

     42542       2098       7050         68       9732     410888   Grand Totals
     42542       2098       7050         68       9732     410888   ELF Image Totals
     42542       2098       7050         68          0          0   ROM Totals

==============================================================================

    Total RO  Size (Code + RO Data)                49592 (  48.43kB)
    Total RW  Size (RW Data + ZI Data)              9800 (   9.57kB)
    Total ROM Size (Code + RO Data + RW Data)      49660 (  48.50kB)

==============================================================================

